I/SELinux (  347): Function: selinux_compare_spd_ram , priority [1] , priority version is VE=SEPF_SM-G900V_5.0_0027
E/SELinux (  347): [DEBUG] get_category: variable seinfo: platform sensitivity: NULL, cateogry: NULL
D/TimaKeyStoreProvider(  347): TimaSignature is unavailable
D/ActivityThread(  347): Added TimaKeyStore provider
I/System.out(32689): waiting for debugger to settle...
D/ResourcesManager(  347): creating new AssetManager and set to /system/app/FilterInstaller/FilterInstaller.apk
E/Zygote  (  367): MountEmulatedStorage()
E/Zygote  (  367): v2
E/Zygote  (  381): MountEmulatedStorage()
E/Zygote  (  381): v2
I/SELinux (  367): Function: selinux_compare_spd_ram, SPD-policy is existed. and_ver=SEPF_SM-G900V_5.0 ver=27
I/SELinux (  367): Function: selinux_compare_spd_ram , priority [1] , priority version is VE=SEPF_SM-G900V_5.0_0027
I/SELinux (  381): Function: selinux_compare_spd_ram, SPD-policy is existed. and_ver=SEPF_SM-G900V_5.0 ver=27
E/SELinux (  367): [DEBUG] get_category: variable seinfo: release sensitivity: NULL, cateogry: NULL
I/SELinux (  381): Function: selinux_compare_spd_ram , priority [1] , priority version is VE=SEPF_SM-G900V_5.0_0027
E/SELinux (  381): [DEBUG] get_category: variable seinfo: platform sensitivity: NULL, cateogry: NULL
D/TimaKeyStoreProvider(  381): TimaSignature is unavailable
D/TimaKeyStoreProvider(  367): TimaSignature is unavailable
D/ActivityThread(  367): Added TimaKeyStore provider
D/ActivityThread(  381): Added TimaKeyStore provider
D/ResourcesManager(  367): creating new AssetManager and set to /system/app/Headlines/Headlines.apk
D/ResourcesManager(  381): creating new AssetManager and set to /system/app/FilterProvider/FilterProvider.apk
D/PreloadFilterInstaller(  381): uses DB version 1
E/SQLiteLog(  381): (284) automatic index on titles(filter_id)
D/MagazineService Version(  367): Magazine-Provider: 14
D/MagazineService Version(  367): Magazine-Administrator: 11
D/MagazineService Version(  367): Magazine-Channel: 14
E/SQLiteLog(  381): (284) automatic index on titles(filter_id)
D/HeadlinesChannelApplication(  367): [onCreate]
D/MagazineService::MagazineBroadcastReceiver(  367): [onReceive] android.intent.action.PACKAGE_REMOVED nat.pettipaw.com.pointchecker
I/MagazineService::MagazineService(  367): [onHandleIntent] ACTION_PACKAGE_REMOVED
E/Zygote  (  452): MountEmulatedStorage()
E/Zygote  (  452): v2
I/SELinux (  452): Function: selinux_compare_spd_ram, SPD-policy is existed. and_ver=SEPF_SM-G900V_5.0 ver=27
I/SELinux (  452): Function: selinux_compare_spd_ram , priority [1] , priority version is VE=SEPF_SM-G900V_5.0_0027
E/SELinux (  452): [DEBUG] get_category: variable seinfo: platform sensitivity: NULL, cateogry: NULL
D/TimaKeyStoreProvider(  452): TimaSignature is unavailable
D/ActivityThread(  452): Added TimaKeyStore provider
I/System.out(32689): waiting for debugger to settle...
D/ResourcesManager(  452): creating new AssetManager and set to /system/app/InteractiveTutorial/InteractiveTutorial.apk
D/FilterProvider(  381): delete when PACKAGE_NAME : 2002 
D/FilterProvider(  381): packageName : nat.pettipaw.com.pointchecker
E/Zygote  (  487): MountEmulatedStorage()
E/Zygote  (  487): v2
I/SELinux (  487): Function: selinux_compare_spd_ram, SPD-policy is existed. and_ver=SEPF_SM-G900V_5.0 ver=27
I/SELinux (  487): Function: selinux_compare_spd_ram , priority [1] , priority version is VE=SEPF_SM-G900V_5.0_0027
E/SELinux (  487): [DEBUG] get_category: variable seinfo: platform sensitivity: NULL, cateogry: NULL
D/TimaKeyStoreProvider(  487): TimaSignature is unavailable
D/ActivityThread(  487): Added TimaKeyStore provider
D/ResourcesManager(  487): creating new AssetManager and set to /system/app/MirrorLink/MirrorLink.apk
D/AcmsPackageEventListener(  487): Received: android.intent.action.PACKAGE_REMOVED
E/Zygote  (  514): MountEmulatedStorage()
E/Zygote  (  514): v2
I/art     (  325): Explicit concurrent mark sweep GC freed 8764(373KB) AllocSpace objects, 0(0B) LOS objects, 39% free, 15MB/25MB, paused 275us total 11.713ms
I/art     (  325): Explicit concurrent mark sweep GC freed 5(160B) AllocSpace objects, 0(0B) LOS objects, 39% free, 15MB/25MB, paused 249us total 8.817ms
I/SELinux (  514): Function: selinux_compare_spd_ram, SPD-policy is existed. and_ver=SEPF_SM-G900V_5.0 ver=27
I/SELinux (  514): Function: selinux_compare_spd_ram , priority [1] , priority version is VE=SEPF_SM-G900V_5.0_0027
E/SELinux (  514): [DEBUG] get_category: variable seinfo: platform sensitivity: NULL, cateogry: NULL
D/AcmsService(  487): Enter Oncreate
D/AcmsServiceMonitor(  487): AcmsServiceMonitor.getAcmsSvcMonitor() - Enter
D/AcmsService(  487): creating AcmsCore
D/AcmsCore(  487): AcmsCore.getAcmsCore() - Enter
D/AcmsCore(  487): AcmsCore
I/art     (  325): Explicit concurrent mark sweep GC freed 5(160B) AllocSpace objects, 0(0B) LOS objects, 39% free, 15MB/25MB, paused 281us total 9.388ms
D/AcmsCore(  487): init
D/AcmsCore(  487): Looper handler is not null
I/System.out(32689): waiting for debugger to settle...
D/AcmsCore(  487): Post to AcmsCoreHandler
D/AcmsServiceMonitor(  487): AcmsServiceMonitor.getAcmsSvcMonitor() - Enter
D/AcmsServiceMonitor(  487): Incrementing - Counter value: 1
D/AcmsCore(  487): Incremented Counter Value: postToAcmsCoreHandler =>1
D/AcmsService(  487): onStartCommand
D/AcmsService(  487): Action: android.intent.action.PACKAGE_REMOVED
D/AcmsServiceMonitor(  487): Enter incrementSvcCounter with startId 1
D/AcmsServiceMonitor(  487): Incrementing - Counter value: 2
D/AcmsService(  487): Incremented Counter Value : onStartCommand
D/AcmsCertificateMngr(  487): AcmsCertificateMngr
D/AcmsRevocationMngr(  487): AcmsRevocationMngr
D/TimaKeyStoreProvider(  514): TimaSignature is unavailable
D/ActivityThread(  514): Added TimaKeyStore provider
D/AcmsService(  487): Inside handle Intent
D/AcmsService(  487): App removed - package name: nat.pettipaw.com.pointchecker
D/AcmsCore(  487): Post to AcmsCoreHandler
D/AcmsServiceMonitor(  487): AcmsServiceMonitor.getAcmsSvcMonitor() - Enter
D/AcmsServiceMonitor(  487): Incrementing - Counter value: 3
D/ResourcesManager(  514): creating new AssetManager and set to /system/app/SecKidsModeInstaller/SecKidsModeInstaller.apk
D/AcmsCore(  487): Incremented Counter Value: postToAcmsCoreHandler =>5
D/AcmsService(  487): Decremented Counter Value : handleStartIntent
D/AcmsServiceMonitor(  487): Decrementing - Counter value: 2
D/KidsModeInstallReceiver(  514): onReceive intent data =  package:nat.pettipaw.com.pointchecker
D/KidsModeInstallReceiver(  514): Package not found : com.sec.android.app.kidshome
D/KidsModeInstallReceiver(  514): checkPackage() : kidsHomeVersion :  -1
D/KidsPlatformStub(  514): Package not found : com.sec.android.app.kidshome
E/Zygote  (  543): MountEmulatedStorage()
E/Zygote  (  543): v2
I/SELinux (  543): Function: selinux_compare_spd_ram, SPD-policy is existed. and_ver=SEPF_SM-G900V_5.0 ver=27
D/StatusBar.NetworkController( 1191): refreshSignalCluster - setNWBoosterIndicators(false)
D/StatusBar.NetworkController( 1191): applyVZW
I/SELinux (  543): Function: selinux_compare_spd_ram , priority [1] , priority version is VE=SEPF_SM-G900V_5.0_0027
E/SELinux (  543): [DEBUG] get_category: variable seinfo: platform sensitivity: NULL, cateogry: NULL
D/StatusBar.NetworkController( 1191): applyVZW : mDataTypeDisabledIconIdcom.android.systemui:drawable/stat_sys_data_connected_disabled_4g_lte
D/StatusBar.NetworkController( 1191): refreshSignalCluster - setNWBoosterIndicators(false)
D/StatusBar.NetworkController( 1191): applyVZW
D/StatusBar.NetworkController( 1191): applyVZW : mDataTypeDisabledIconIdcom.android.systemui:drawable/stat_sys_data_connected_disabled_4g_lte
D/StatusBar.NetworkController( 1191): refreshSignalCluster - setNWBoosterIndicators(false)
D/StatusBar.NetworkController( 1191): applyVZW
D/StatusBar.NetworkController( 1191): applyVZW : mDataTypeDisabledIconIdcom.android.systemui:drawable/stat_sys_data_connected_disabled_4g_lte
D/StatusBar.NetworkController( 1191): refreshSignalCluster - setNWBoosterIndicators(false)
D/StatusBar.NetworkController( 1191): applyVZW
D/StatusBar.NetworkController( 1191): applyVZW : mDataTypeDisabledIconIdcom.android.systemui:drawable/stat_sys_data_connected_disabled_4g_lte
D/TimaKeyStoreProvider(  543): TimaSignature is unavailable
D/ActivityThread(  543): Added TimaKeyStore provider
D/ResourcesManager(  543): creating new AssetManager and set to /system/app/ShootingModeProvider/ShootingModeProvider.apk
E/SQLiteLog(  543): (284) automatic index on shooting_modes(title_id)
E/Zygote  (  569): MountEmulatedStorage()
E/Zygote  (  569): v2
I/SELinux (  569): Function: selinux_compare_spd_ram, SPD-policy is existed. and_ver=SEPF_SM-G900V_5.0 ver=27
I/SELinux (  569): Function: selinux_compare_spd_ram , priority [1] , priority version is VE=SEPF_SM-G900V_5.0_0027
E/SELinux (  569): [DEBUG] get_category: variable seinfo: untrusted sensitivity: NULL, cateogry: NULL
I/System.out(32689): waiting for debugger to settle...
D/TimaKeyStoreProvider(  569): TimaSignature is unavailable
D/ActivityThread(  569): Added TimaKeyStore provider
D/ResourcesManager(  569): creating new AssetManager and set to /data/app/com.google.android.apps.plus-1/base.apk
I/System.out(32689): waiting for debugger to settle...
E/Zygote  (  594): MountEmulatedStorage()
E/Zygote  (  594): v2
I/System.out(32689): waiting for debugger to settle...
I/SELinux (  594): Function: selinux_compare_spd_ram, SPD-policy is existed. and_ver=SEPF_SM-G900V_5.0 ver=27
I/SELinux (  594): Function: selinux_compare_spd_ram , priority [1] , priority version is VE=SEPF_SM-G900V_5.0_0027
E/SELinux (  594): [DEBUG] get_category: variable seinfo: samsung sensitivity: NULL, cateogry: NULL
D/TimaKeyStoreProvider(  594): TimaSignature is unavailable
D/ActivityThread(  594): Added TimaKeyStore provider
D/ResourcesManager(  594): creating new AssetManager and set to /data/app/com.sec.spp.push-2/base.apk
D/SPPClientService(  594): Create
D/SPPClientService(  594): Create SPP
E/SPPClientService(  594): ShipBuild Binary : True
E/Zygote  (  618): MountEmulatedStorage()
E/Zygote  (  618): v2
D/SPPClientService(  594): PushLog.txt file is not deleted.
D/SPPClientService(  594): PushLog.txt file is not deleted.
D/SPPClientService(  594): ============PushLog. stop!
I/SELinux (  618): Function: selinux_compare_spd_ram, SPD-policy is existed. and_ver=SEPF_SM-G900V_5.0 ver=27
I/SELinux (  618): Function: selinux_compare_spd_ram , priority [1] , priority version is VE=SEPF_SM-G900V_5.0_0027
E/SELinux (  618): [DEBUG] get_category: variable seinfo: samsung sensitivity: NULL, cateogry: NULL
D/TimaKeyStoreProvider(  618): TimaSignature is unavailable
D/ActivityThread(  618): Added TimaKeyStore provider
I/System.out(32689): waiting for debugger to settle...
D/ResourcesManager(  618): creating new AssetManager and set to /data/app/com.sec.spp.push-2/base.apk
D/SPPClientService(  618): Create
D/SPPClientService(  618): Create
E/SPPClientService(  618): ShipBuild Binary : True
D/PackageBroadcastService( 4063): Received broadcast action=android.intent.action.PACKAGE_REMOVED and uri=nat.pettipaw.com.pointchecker
D/ChimeraCfgMgr( 4063): Loading module com.google.android.gms.games from APK com.google.android.play.games
D/ChimeraModuleLdr( 4063): Module APK com.google.android.play.games already loaded
E/NetworkScheduler.SchedulerReceiver( 1789): Invalid parameter app
E/NetworkScheduler.SchedulerReceiver( 1789): Invalid package name : Perhaps you didn't include a PendingIntent in the extras?
E/Zygote  (  644): MountEmulatedStorage()
E/Zygote  (  644): v2
I/SELinux (  644): Function: selinux_compare_spd_ram, SPD-policy is existed. and_ver=SEPF_SM-G900V_5.0 ver=27
I/SELinux (  644): Function: selinux_compare_spd_ram , priority [1] , priority version is VE=SEPF_SM-G900V_5.0_0027
E/SELinux (  644): [DEBUG] get_category: variable seinfo: untrusted sensitivity: NULL, cateogry: NULL
D/TimaKeyStoreProvider(  644): TimaSignature is unavailable
D/ActivityThread(  644): Added TimaKeyStore provider
I/System.out(32689): waiting for debugger to settle...
D/ResourcesManager(  644): creating new AssetManager and set to /data/app/com.android.vending-1/base.apk
D/StatusBar.NetworkController( 1191): refreshSignalCluster - setNWBoosterIndicators(false)
D/StatusBar.NetworkController( 1191): applyVZW
D/StatusBar.NetworkController( 1191): applyVZW : mDataTypeDisabledIconIdcom.android.systemui:drawable/stat_sys_data_connected_disabled_4g_lte
D/StatusBar.NetworkController( 1191): refreshSignalCluster - setNWBoosterIndicators(false)
D/StatusBar.NetworkController( 1191): applyVZW
D/StatusBar.NetworkController( 1191): applyVZW : mDataTypeDisabledIconIdcom.android.systemui:drawable/stat_sys_data_connected_disabled_4g_lte
D/StatusBar.NetworkController( 1191): refreshSignalCluster - setNWBoosterIndicators(false)
D/StatusBar.NetworkController( 1191): applyVZW
D/StatusBar.NetworkController( 1191): applyVZW : mDataTypeDisabledIconIdcom.android.systemui:drawable/stat_sys_data_connected_disabled_4g_lte
D/StatusBar.NetworkController( 1191): refreshSignalCluster - setNWBoosterIndicators(false)
D/StatusBar.NetworkController( 1191): applyVZW
D/StatusBar.NetworkController( 1191): applyVZW : mDataTypeDisabledIconIdcom.android.systemui:drawable/stat_sys_data_connected_disabled_4g_lte
D/StatusBar.NetworkController( 1191): refreshSignalCluster - setNWBoosterIndicators(false)
D/EPDG -- [SMARTWIFI](  904): Wifi RSSI intent received -- newRssi : -65intent Intent { act=android.net.wifi.RSSI_CHANGED flg=0x4000010 (has extras) }
D/StatusBar.NetworkController( 1191): applyVZW
D/EPDG -- [SMARTWIFI](  904): Rssi : -65 highrange : -71 lowrange : -78
V/EPDG -- [SMARTWIFI](  904): wifi oldest entry removed
V/EPDG -- [SMARTWIFI](  904): wifi entry added
V/EPDG -- [SMARTWIFI](  904): New entry : (3 : 0 )
D/EPDG -- [SMARTWIFI](  904): No need to run ping : (lastStrength4 : mWeakWifiLevel2 : currentStrength)3
D/StatusBar.NetworkController( 1191): applyVZW : mDataTypeDisabledIconIdcom.android.systemui:drawable/stat_sys_data_connected_disabled_4g_lte
D/StatusBar.NetworkController( 1191): refreshSignalCluster - setNWBoosterIndicators(false)
D/StatusBar.NetworkController( 1191): applyVZW
D/StatusBar.NetworkController( 1191): applyVZW : mDataTypeDisabledIconIdcom.android.systemui:drawable/stat_sys_data_connected_disabled_4g_lte
D/StatusBar.NetworkController( 1191): refreshSignalCluster - setNWBoosterIndicators(false)
D/StatusBar.NetworkController( 1191): applyVZW
D/StatusBar.NetworkController( 1191): applyVZW : mDataTypeDisabledIconIdcom.android.systemui:drawable/stat_sys_data_connected_disabled_4g_lte
D/StatusBar.NetworkController( 1191): refreshSignalCluster - setNWBoosterIndicators(false)
D/StatusBar.NetworkController( 1191): applyVZW
D/StatusBar.NetworkController( 1191): applyVZW : mDataTypeDisabledIconIdcom.android.systemui:drawable/stat_sys_data_connected_disabled_4g_lte
I/System.out(32689): debugger has settled (1366)
D/Finsky  (  644): [1] FinskyApp.onCreate: Initializing network with DFE https://android.clients.google.com/fdfe/
E/OpenGLRenderer(  904): SFEffectCache:clear(), mSize = 0
E/ViewRootImpl(  904): sendUserActionEvent() mView == null
D/Finsky  (  644): [1] DailyHygiene.goMakeHygieneIfDirty: No need to run daily hygiene.
W/Settings(  644): Setting download_manager_max_bytes_over_mobile has moved from android.provider.Settings.Secure to android.provider.Settings.Global.
W/Settings(  644): Setting download_manager_recommended_max_bytes_over_mobile has moved from android.provider.Settings.Secure to android.provider.Settings.Global.
E/SMD     (  297): DCD ON
I/SurfaceFlinger(  259): id=690 Removed Waiting For Debugger: nat.pettipaw.com.pointchecker (7/8)
I/SurfaceFlinger(  259): id=690 Removed Waiting For Debugger: nat.pettipaw.com.pointchecker (-2/8)
I/WebViewFactory(32689): Loading com.google.android.webview version 46.0.2490.76 (code 249007600)
D/ResourcesManager(32689): creating new AssetManager and set to /data/app/com.google.android.webview-2/base.apk
D/Finsky  (  644): [1] 2.run: Loaded library for account: [zV4q-zIlz8yS8lAnpcQnrNdT9o0]
D/Finsky  (  644): [1] 2.run: Finished loading 1 libraries.
D/Ads     (  644): Skipping gmscore version check
I/cr.library_loader(32689): Time to load native libraries: 11 ms (timestamps 8912-8923)
I/cr.library_loader(32689): Expected native library version number "46.0.2490.76", actual native library version number "46.0.2490.76"
E/Zygote  (  711): MountEmulatedStorage()
E/Zygote  (  711): v2
V/WebViewChromiumFactoryProvider(32689): Binding Chromium to main looper Looper (main, tid 1) {2c808d49}
I/cr.library_loader(32689): Expected native library version number "46.0.2490.76", actual native library version number "46.0.2490.76"
I/chromium(32689): [INFO:library_loader_hooks.cc(118)] Chromium logging enabled: level = 0, default verbosity = 0
I/cr.BrowserStartup(32689): Initializing chromium process, singleProcess=true
I/SELinux (  711): Function: selinux_compare_spd_ram, SPD-policy is existed. and_ver=SEPF_SM-G900V_5.0 ver=27
I/SELinux (  711): Function: selinux_compare_spd_ram , priority [1] , priority version is VE=SEPF_SM-G900V_5.0_0027
E/SELinux (  711): [DEBUG] get_category: variable seinfo: untrusted sensitivity: NULL, cateogry: NULL
E/SysUtils(32689): ApplicationContext is null in ApplicationStatus
D/TimaKeyStoreProvider(  711): TimaSignature is unavailable
D/ActivityThread(  711): Added TimaKeyStore provider
I/Adreno-EGL(32689): <qeglDrvAPI_eglInitialize:410>: EGL 1.4 QUALCOMM build:  ()
I/Adreno-EGL(32689): OpenGL ES Shader Compiler Version: E031.25.01.03
I/Adreno-EGL(32689): Build Date: 03/03/15 Tue
I/Adreno-EGL(32689): Local Branch: LA.BF.1.1_RB1_20150108_025_1077123_1158499
I/Adreno-EGL(32689): Remote Branch: 
I/Adreno-EGL(32689): Local Patches: 
I/Adreno-EGL(32689): Reconstruct Branch: 
E/chromium(32689): [ERROR:browser_gpu_channel_host_factory.cc(258)] Failed to init browser shader disk cache.
W/cr.media(32689): Requires BLUETOOTH permission
I/art     (  904): Explicit concurrent mark sweep GC freed 48749(2MB) AllocSpace objects, 1(16KB) LOS objects, 22% free, 56MB/72MB, paused 1.446ms total 150.631ms
D/ResourcesManager(  711): creating new AssetManager and set to /data/app/com.google.android.apps.docs-2/base.apk
E/libEGL  (32689): validate_display:255 error 3008 (EGL_BAD_DISPLAY)
I/art     (32689): Rejecting re-init on previously-failed class java.lang.Class<com.android.webview.chromium.WebViewContentsClientAdapter$WebResourceErrorImpl>
I/art     (32689): Rejecting re-init on previously-failed class java.lang.Class<com.android.webview.chromium.WebViewContentsClientAdapter$WebResourceErrorImpl>
D/Finsky  (  644): [1] GmsCoreHelper.cleanupNlp: result=false type=4
D/Finsky  (  644): [1] RestoreTracker.stopServiceIfDone: Restore complete with 0 success and 0 failed.
D/AcmsKeyStoreHelper(  487):  getKeyStoreForApplication Enter
I/art     (32689): Rejecting re-init on previously-failed class java.lang.Class<org.chromium.content.browser.FloatingWebActionModeCallback>
I/art     (32689): Rejecting re-init on previously-failed class java.lang.Class<org.chromium.content.browser.FloatingWebActionModeCallback>
I/AcmsKeyStoreHelper(  487): Key Store exist
I/AcmsKeyStoreHelper(  487): Hence loading the keystore file
W/art     (32689): Attempt to remove local handle scope entry from IRT, ignoring
W/AwContents(32689): onDetachedFromWindow called when already detached. Ignoring
W/art     (32689): Attempt to remove local handle scope entry from IRT, ignoring
W/art     (32689): Attempt to remove local handle scope entry from IRT, ignoring
D/Activity(32689): performCreate Call secproduct feature valuefalse
D/Activity(32689): performCreate Call debug elastic valuetrue
D/OpenGLRenderer(32689): Render dirty regions requested: true
D/ActivityManager(  904): post active user change for 0 fullscreen true
D/KnoxTimeoutHandler(  904): postActiveUserChange for user 0
D/KnoxTimeoutHandler(  904): handleActiveUserChange for user 0
W/art     (32689): Suspending all threads took: 15.804ms
D/AcmsKeyStoreHelper(  487):  getKeyStoreForApplication Exit
I/AcmsCertificateMngr(  487): getKeyStoreForApplication success 
D/AcmsCore(  487): Decremented Counter Value : AcmsCoreHandler.handleMessage=>1
D/AcmsServiceMonitor(  487): AcmsServiceMonitor.getAcmsSvcMonitor() - Enter
D/AcmsServiceMonitor(  487): Decrementing - Counter value: 1
D/AcmsCertificateMngr(  487): handleAppRemoved() Enter nat.pettipaw.com.pointchecker
D/AcmsAppEntryInterface(  487): App not found in DB Hence ignore
D/AcmsCore(  487): Decremented Counter Value : AcmsCoreHandler.handleMessage=>5
D/AcmsServiceMonitor(  487): AcmsServiceMonitor.getAcmsSvcMonitor() - Enter
D/AcmsServiceMonitor(  487): Decrementing - Counter value: 0
D/AcmsServiceMonitor(  487): Counter value is 0: Stopping ACMS service
D/AcmsServiceMonitor(  487): getSvcCounter - Counter value: 0
D/AcmsService(  487): Enter onDestroy
I/AcmsService(  487): cleanUp(): inside service clean up
D/AcmsCore(  487): AcmsCore: inside DeInit
D/AcmsCore(  487): AcmsCore: mLooperHandler is not null and making it null
D/AcmsCertificateMngr(  487): AcmsCertificateMngr: inside cleanup
D/AcmsRevocationMngr(  487): AcmsRevocationMngr: inside cleanup
D/AcmsKeyStoreHelper(  487): KeyStoreHelper: inside cleanup
D/AcmsAppEntryInterface(  487): AppEntryInterface: Inside CleanUp
D/AcmsServiceMonitor(  487): getSvcCounter - Counter value: 0
D/AcmsService(  487): killing acms process
I/Process (  487): Sending signal. PID: 487 SIG: 9
I/SurfaceFlinger(  259): id=691 createSurf (1x1),1 flag=404, nat.pettipaw.com.pointchecker/nat.pettipaw.com.pointchecker.LoginActivity
D/StatusBar.NetworkController( 1191): refreshSignalCluster - setNWBoosterIndicators(false)
D/StatusBar.NetworkController( 1191): applyVZW
D/StatusBar.NetworkController( 1191): applyVZW : mDataTypeDisabledIconIdcom.android.systemui:drawable/stat_sys_data_connected_disabled_4g_lte
D/StatusBar.NetworkController( 1191): refreshSignalCluster - setNWBoosterIndicators(false)
D/StatusBar.NetworkController( 1191): applyVZW
D/StatusBar.NetworkController( 1191): applyVZW : mDataTypeDisabledIconIdcom.android.systemui:drawable/stat_sys_data_connected_disabled_4g_lte
D/StatusBar.NetworkController( 1191): refreshSignalCluster - setNWBoosterIndicators(false)
D/StatusBar.NetworkController( 1191): applyVZW
D/StatusBar.NetworkController( 1191): applyVZW : mDataTypeDisabledIconIdcom.android.systemui:drawable/stat_sys_data_connected_disabled_4g_lte
D/StatusBar.NetworkController( 1191): refreshSignalCluster - setNWBoosterIndicators(false)
D/StatusBar.NetworkController( 1191): applyVZW
D/StatusBar.NetworkController( 1191): applyVZW : mDataTypeDisabledIconIdcom.android.systemui:drawable/stat_sys_data_connected_disabled_4g_lte
I/OpenGLRenderer(32689): Initialized EGL, version 1.4
I/OpenGLRenderer(32689): HWUI protection enabled for context ,  &this =0xa0b60060 ,&mEglDisplay = 1 , &mEglConfig = 8 
D/OpenGLRenderer(32689): Enabling debug mode 0
D/InputMethodManagerService(  904): windowGainedFocus mCurrentFocusedUserId - 0 and mSecureKeypadEnabled-false
I/ActivityManager(  904): Displayed nat.pettipaw.com.pointchecker/.LoginActivity: +3s383ms
I/Timeline(  904): Timeline: Activity_windows_visible id: ActivityRecord{19a2c7ca u0 nat.pettipaw.com.pointchecker/.LoginActivity t4348} time:29159649
I/Timeline(32689): Timeline: Activity_idle id: android.os.BinderProxy@4c13f3f time:29159658
D/SamsungIME( 1885): onStartInputView requsted restarting value = false
D/SamsungIME( 1885): onStartInputView After call super -  restarting value = false
D/SamsungIME( 1885): mIsEnableOCR = false
D/SamsungIME( 1885): getValidMMCodes - failed to get the packageInfo of OCR or registered OCR Receiver
I/GAv4    (  711): Google Analytics 7.8.95 is starting up. To enable debug logging on a device run:
I/GAv4    (  711):   adb shell setprop log.tag.GAv4 DEBUG
I/GAv4    (  711):   adb logcat -s GAv4
D/SamsungIME( 1885): checking talkback status : false
D/SamsungIME( 1885): disable handwriting input icon : handwriting is not available in current language
D/SamsungIME( 1885): [startInputView] info.inputType = 0 info.imeOptions = 0
W/SamsungIME( 1885): Waring! Browser or Webview may have the input type as TYPE_NULL. Do we need to null pkgName?
E/SamsungIME( 1885): lang.getLanguageCode():en, lang.getCountryCode():US
E/SamsungIME( 1885): lang.getLanguageCode():ja, lang.getCountryCode():
W/SamsungIME( 1885): makeSelectedLanguageList:en_US;ja_JP;
W/GAv4    (  711): AnalyticsReceiver is not registered or is disabled. Register the receiver for reliable dispatching on non-Google Play devices. See http://goo.gl/8Rd3yj for instructions.
D/SamsungIME( 1885): IME_NULL
W/Settings( 1885): Setting device_provisioned has moved from android.provider.Settings.Secure to android.provider.Settings.Global.
I/SamsungIME( 1885): Update SetupWizard State iDPtrue
D/SamsungIME( 1885): [AbstractKeyboardView] onDetachedFromWindow.
W/GAv4    (  711): CampaignTrackingReceiver is not registered, not exported or is disabled. Installation campaign tracking is not possible. See http://goo.gl/8Rd3yj for instructions.
D/SamsungIME( 1885): Magnification Enabled = false
W/GAv4    (  711): AnalyticsService not registered in the app manifest. Hits might not be delivered reliably. See http://goo.gl/8Rd3yj for instructions.
D/SamsungIME( 1885): onWindowShown
W/AnalyticsTrackerProxyImpl(  711): Analytics setup for ID UA-21125203-2, app name Drive, version 2.3.414.31.35, sample rate 1.0
D/ApplicationPolicy(  904): isStatusBarNotificationAllowedAsUser: packageName = android,userId = -1
V/ApplicationPolicy(  904): isApplicationStateBlocked userId -1 pkgname android
D/SamsungIME( 1885): onStartInputView requsted restarting value = false
D/SamsungIME( 1885): onStartInputView After call super -  restarting value = false
D/SamsungIME( 1885): mIsEnableOCR = false
D/SamsungIME( 1885): getValidMMCodes - failed to get the packageInfo of OCR or registered OCR Receiver
D/SamsungIME( 1885): checking talkback status : false
D/SamsungIME( 1885): disable handwriting input icon : handwriting is not available in current language
D/SamsungIME( 1885): [startInputView] info.inputType = 131073 info.imeOptions = 1207959557
W/Settings( 1885): Setting device_provisioned has moved from android.provider.Settings.Secure to android.provider.Settings.Global.
I/SamsungIME( 1885): Update SetupWizard State iDPtrue
W/Settings( 1885): Setting device_provisioned has moved from android.provider.Settings.Secure to android.provider.Settings.Global.
I/SamsungIME( 1885): Update SetupWizard State iDPtrue
D/SamsungIME( 1885): [AbstractKeyboardView] onDetachedFromWindow.
D/SamsungIME( 1885): Magnification Enabled = false
E/SamsungIME( 1885): lang.getLanguageCode():en, lang.getCountryCode():US
E/SamsungIME( 1885): lang.getLanguageCode():ja, lang.getCountryCode():
W/SamsungIME( 1885): makeSelectedLanguageList:en_US;ja_JP;
D/SamsungIME( 1885): Dismiss ExpandCandiate
I/SamsungIME( 1885): getNextShiftState() cursorCapsMode : 0
E/SamsungIME( 1885): lang.getLanguageCode():en, lang.getCountryCode():US
E/SamsungIME( 1885): lang.getLanguageCode():ja, lang.getCountryCode():
W/SamsungIME( 1885): makeSelectedLanguageList:en_US;ja_JP;
D/SamsungIME( 1885): Dismiss ExpandCandiate
I/SamsungIME( 1885): getNextShiftState() cursorCapsMode : 0
D/SamsungIME( 1885): Skip dismiss ExpandCandidate. it will be post-invalidated later
D/SamsungIME( 1885): startInputViewContinue : true true
D/SamsungIME( 1885): conditions for show dialog : true true true false
D/SamsungIME( 1885): showDlgMsgBox : true true true
D/SamsungIME( 1885): showDlgMsgBox inner condition : true true
I/SamsungIME( 1885): [IMI] startInputView - caller pid : 32689, caller uid : 10082
D/ApplicationPolicy(  904): isStatusBarNotificationAllowedAsUser: packageName = android,userId = -1
V/ApplicationPolicy(  904): isApplicationStateBlocked userId -1 pkgname android
I/SurfaceFlinger(  259): id=692 createSurf (1080x1137),1 flag=4, InputMethod
I/SurfaceFlinger(  259): id=689 Removed Starting nat.pettipaw.com.pointchecker (7/9)
I/SurfaceFlinger(  259): id=689 Removed Starting nat.pettipaw.com.pointchecker (-2/9)
D/SamsungIME( 1885): Dismiss ExpandCandiate
I/SamsungIME( 1885): getCurrentKeyboard
I/SamsungIME( 1885): getTextKeyboard
D/KnoxNotification( 1191): ----- inflateViews : modified publicViewLocal -----
D/SamsungIME( 1885): [SwiftkeyWrapper] currentLangauge : 1701729619
D/KnoxNotification( 1191): ----- inflateViews : modified KnoxViewLocal -----
D/PersonaManager( 1191): PersonaID is invalid or persona doesn't exists. : -1
D/PersonaManager( 1191): isKioskContainerExistOnDevice
D/PersonaManager( 1191): isKioskContainerExistOnDevice
I/SamsungIME( 1885): drawAllKey
D/KeyguardUpdateMonitor( 1191): updateCMASText( show = false )
D/PanelView( 1191): There is/are notification(s) 
D/PanelView( 1191): kidsfalse mQsExpansionEnabled:true
D/KeyguardUpdateMonitor( 1191): updateCMASText( show = false )
D/PanelView( 1191): There is/are notification(s) 
D/PersonaManager( 1191): isKioskContainerExistOnDevice
D/KeyguardUpdateMonitor( 1191): updateCMASText( show = false )
D/PanelView( 1191): There is/are notification(s) 
D/PanelView( 1191): kidsfalse mQsExpansionEnabled:true
D/KeyguardUpdateMonitor( 1191): updateCMASText( show = false )
D/StatusBar( 1191): ----- contentsUnchanged : true, bigContentsUnchanged - true, headsUpContentsUnchanged - true , publicUnchanged true
D/PersonaManager( 1191): isKioskContainerExistOnDevice
D/PersonaManager( 1191): isKioskContainerExistOnDevice
D/KeyguardUpdateMonitor( 1191): updateCMASText( show = false )
D/PanelView( 1191): There is/are notification(s) 
D/PanelView( 1191): kidsfalse mQsExpansionEnabled:true
D/KeyguardUpdateMonitor( 1191): updateCMASText( show = false )
D/PanelView( 1191): There is/are notification(s) 
D/PersonaManager( 1191): isKioskContainerExistOnDevice
D/KeyguardUpdateMonitor( 1191): updateCMASText( show = false )
D/PanelView( 1191): There is/are notification(s) 
D/PanelView( 1191): kidsfalse mQsExpansionEnabled:true
D/KeyguardUpdateMonitor( 1191): updateCMASText( show = false )
D/SamsungIME( 1885): mIsEnableOCR = false
D/SamsungIME( 1885): getValidMMCodes - failed to get the packageInfo of OCR or registered OCR Receiver
D/SamsungIME( 1885): checking talkback status : false
D/SamsungIME( 1885): mIsEnableOCR = false
D/SamsungIME( 1885): getValidMMCodes - failed to get the packageInfo of OCR or registered OCR Receiver
D/SamsungIME( 1885): checking talkback status : false
D/SamsungIME( 1885): mIsEnableOCR = false
D/SamsungIME( 1885): getValidMMCodes - failed to get the packageInfo of OCR or registered OCR Receiver
D/SamsungIME( 1885): checking talkback status : false
D/SamsungIME( 1885): SwiftkeyWrapper-checkCurrentSequence : use IC
D/PanelView( 1191): mClearAll.setVisibility - mIsFullyOpened : false isShade : true mHasNotification : true mIsUpwardFling : false mQsFullyExpanded : true isShadeLocked : false mClearAllVisible : true
D/PanelView( 1191): mClearAll.setVisibility - mIsFullyOpened : false isShade : true mHasNotification : true mIsUpwardFling : false mQsFullyExpanded : true isShadeLocked : false mClearAllVisible : true
D/SamsungIME( 1885): Skip dismiss ExpandCandidate. it will be post-invalidated later
D/SamsungIME( 1885): Skip dismiss ExpandCandidate. it will be post-invalidated later
D/PanelView( 1191): mClearAll.setVisibility - mIsFullyOpened : false isShade : true mHasNotification : true mIsUpwardFling : false mQsFullyExpanded : true isShadeLocked : false mClearAllVisible : true
V/GLSActivity( 1789): AuthDelegateWrapperCreated with selected intent: Intent { cmp=com.google.android.gms/.auth.DefaultAuthDelegateService }
W/ContextImpl(  711): Failed to ensure directory: /storage/extSdCard/Android/data/com.google.android.apps.docs/cache
I/HomeSyncInstallReceiver( 1515): This pkg do not need BT addr. Do nothing
D/ResourcesManager(  711): creating new AssetManager and set to /data/app/com.google.android.gms-1/base.apk
E/Zygote  (  807): MountEmulatedStorage()
E/Zygote  (  807): v2
W/AmazonAppstore.AppManagerAndroidPackageDelegate(16332): Unable to determine asin for package nat.pettipaw.com.pointchecker.  Skipping metadata update.
I/SELinux (  807): Function: selinux_compare_spd_ram, SPD-policy is existed. and_ver=SEPF_SM-G900V_5.0 ver=27
I/SELinux (  807): Function: selinux_compare_spd_ram , priority [1] , priority version is VE=SEPF_SM-G900V_5.0_0027
E/SELinux (  807): [DEBUG] get_category: variable seinfo: samsung sensitivity: NULL, cateogry: NULL
W/AmazonAppstore.AppManagerAndroidPackageDelegate(16366): Unable to determine asin for package, skipping metadata update.
D/TimaKeyStoreProvider(  807): TimaSignature is unavailable
D/ActivityThread(  807): Added TimaKeyStore provider
D/ResourcesManager(  807): creating new AssetManager and set to /system/priv-app/GroupPlay_27/GroupPlay_27.apk
W/Settings( 1885): Setting device_provisioned has moved from android.provider.Settings.Secure to android.provider.Settings.Global.
I/SamsungIME( 1885): Update SetupWizard State iDPtrue
D/SamsungIME( 1885): SwiftKey guide popup condition 1 : true true
E/SamsungIME( 1885): SwiftKey guide popup condition 2 : true true true true true true true true true false
V/JNIHelp (  711): Registering com/google/android/gms/org/conscrypt/NativeCrypto's 241 native methods...
D/GroupCast_FileTools(  807): [getDirectoryForImageResized : 295] cleaning!!
W/System.err(  807): android.content.pm.PackageManager$NameNotFoundException: com.sec.android.app.ma.recorder
W/System.err(  807): 	at android.app.ApplicationPackageManager.getApplicationInfo(ApplicationPackageManager.java:303)
W/System.err(  807): 	at com.samsung.groupcast.application.App.preLoadGroupCamcoderCheck(App.java:339)
W/System.err(  807): 	at com.samsung.groupcast.application.App.onCreate(App.java:146)
W/System.err(  807): 	at android.app.Instrumentation.callApplicationOnCreate(Instrumentation.java:1020)
W/System.err(  807): 	at android.app.ActivityThread.handleBindApplication(ActivityThread.java:5010)
W/System.err(  807): 	at android.app.ActivityThread.access$1600(ActivityThread.java:172)
W/System.err(  807): 	at android.app.ActivityThread$H.handleMessage(ActivityThread.java:1482)
W/System.err(  807): 	at android.os.Handler.dispatchMessage(Handler.java:102)
W/System.err(  807): 	at android.os.Looper.loop(Looper.java:145)
W/System.err(  807): 	at android.app.ActivityThread.main(ActivityThread.java:5835)
W/System.err(  807): 	at java.lang.reflect.Method.invoke(Native Method)
W/System.err(  807): 	at java.lang.reflect.Method.invoke(Method.java:372)
W/System.err(  807): 	at com.android.internal.os.ZygoteInit$MethodAndArgsCaller.run(ZygoteInit.java:1399)
W/System.err(  807): 	at com.android.internal.os.ZygoteInit.main(ZygoteInit.java:1194)
I/SA      ( 9966): [PMR] Received action : android.intent.action.PACKAGE_ADDED
I/SA      ( 9966): [SUR] onReceive called
I/SA      ( 9966): [SUR] Not SA Package.. finish
D/Compatibility(32654): onReceive() it will make start service
W/System  (  711): Could not create com.google.android.gms.org.conscrypt.OpenSSLSocketFactoryImpl with ClassLoader android.app.LoadedApk$WarningContextClassLoader@328fd900: com.google.android.gms.org.conscrypt.OpenSSLSocketFactoryImpl
I/ProviderInstaller(  711): Installed default security provider GmsCore_OpenSSL
D/Compatibility(32654): onHandleIntent()
D/Compatibility(32654): intentservice saw: Intent { act=android.intent.action.PACKAGE_ADDED dat=package:nat.pettipaw.com.pointchecker flg=0x4000010 cmp=com.sec.android.app.soundalive/.compatibility.Compatibility$Receiver (has extras) } Bundle[{android.intent.extra.UID=10082, android.intent.extra.REPLACING=true, android.intent.extra.user_handle=0}]
D/Compatibility(32654): found: 2
D/Compatibility(32654): saved default: com.sec.android.app.soundalive.SAControlPanelActivity
D/Compatibility(32654): skipping ResolveInfo{b508b0 com.sec.android.app.soundalive/.compatibility.Compatibility$Redirector p=2147483647 m=0x108000}
I/PCWCLIENTTRACE_PushUtil(32671): SPPPushClient is installed : true
D/Compatibility(32654): considering ResolveInfo{1dda8329 com.sec.android.app.soundalive/.SAControlPanelActivity m=0x108000}
D/Compatibility(32654): default: com.sec.android.app.soundalive.SAControlPanelActivity
I/PCWCLIENTTRACE_PushUtil(32671): sales region : global
I/PCWCLIENTTRACE_PushUtil(32671): getPushTypeList : [SPP, GCM]
I/PCWCLIENTTRACE_SYSTEMReceiver(32671): [onReceive] - android.intent.action.PACKAGE_ADDED
D/Compatibility(32654): disabling receiver ResolveInfo{24b686ae com.asurion.android.verizon.vms/com.asurion.android.lock.receiver.BootLockReceiver p=2147483646 m=0x108000}
D/Compatibility(32654): enabling receiver ResolveInfo{17548c4f com.sec.android.app.soundalive/.SAControlPanelReceiver m=0x108000}
D/Compatibility(32654): enabling receiver ResolveInfo{5d9ffdc com.sec.android.app.soundalive/.compatibility.HelperGooglePlayMusic m=0x108000}
D/com.sec.android.service.health.upgrade.UninstallReceiver(32702): onReceive()
I/com.sec.android.service.health.upgrade.UninstallReceiver(32702): onReceive called  PACKAGE_ADDED package:nat.pettipaw.com.pointchecker
D/com.sec.android.service.health.upgrade.UninstallReceiver(32702): onReceive() : package name is not s health. Return !!!
D/Compatibility(32654): disabling receiver ResolveInfo{29ef28e5 com.asurion.android.verizon.vms/com.asurion.android.lock.receiver.BootLockReceiver p=2147483646 m=0x108000}
D/Compatibility(32654): enabling receiver ResolveInfo{3f685fba com.sec.android.app.soundalive/.SAControlPanelReceiver m=0x108000}
D/Compatibility(32654): enabling receiver ResolveInfo{10779e6b com.sec.android.app.soundalive/.compatibility.HelperGooglePlayMusic m=0x108000}
D/Compatibility(32654): wrote com.sec.android.app.soundalive/com.sec.android.app.soundalive.SAControlPanelActivity as default
E/Zygote  (  832): MountEmulatedStorage()
E/Zygote  (  832): v2
I/SELinux (  832): Function: selinux_compare_spd_ram, SPD-policy is existed. and_ver=SEPF_SM-G900V_5.0 ver=27
I/SELinux (  832): Function: selinux_compare_spd_ram , priority [1] , priority version is VE=SEPF_SM-G900V_5.0_0027
E/SELinux (  832): [DEBUG] get_category: variable seinfo: untrusted sensitivity: NULL, cateogry: NULL
D/TimaKeyStoreProvider(  832): TimaSignature is unavailable
D/ActivityThread(  832): Added TimaKeyStore provider
D/ResourcesManager(  832): creating new AssetManager and set to /system/priv-app/GooglePartnerSetup/GooglePartnerSetup.apk
E/Zygote  (  850): MountEmulatedStorage()
E/Zygote  (  850): v2
I/SELinux (  850): Function: selinux_compare_spd_ram, SPD-policy is existed. and_ver=SEPF_SM-G900V_5.0 ver=27
I/SELinux (  850): Function: selinux_compare_spd_ram , priority [1] , priority version is VE=SEPF_SM-G900V_5.0_0027
E/SELinux (  850): [DEBUG] get_category: variable seinfo: platform sensitivity: NULL, cateogry: NULL
D/TimaKeyStoreProvider(  850): TimaSignature is unavailable
D/ActivityThread(  850): Added TimaKeyStore provider
D/ResourcesManager(  850): creating new AssetManager and set to /system/priv-app/SPDClient/SPDClient.apk
D/Mms/PackageInstallReceiver(31544): loadAuthorityPref(): bEnableAuthority = true
D/Mms/FreeMessageReceiver(31544): onReceive, action : android.intent.action.PACKAGE_ADDED
D/Mms/FreeMessageReceiverService(31544): onHandleIntent, action : android.intent.action.PACKAGE_ADDED
D/Mms/FreeMessageReceiverService(31544): onHandleIntent: ACTION_PACKAGE_ADDED
E/Zygote  (  871): MountEmulatedStorage()
E/Zygote  (  871): v2
I/SELinux (  871): Function: selinux_compare_spd_ram, SPD-policy is existed. and_ver=SEPF_SM-G900V_5.0 ver=27
I/SELinux (  871): Function: selinux_compare_spd_ram , priority [1] , priority version is VE=SEPF_SM-G900V_5.0_0027
E/SELinux (  871): [DEBUG] get_category: variable seinfo: media sensitivity: NULL, cateogry: NULL
D/TimaKeyStoreProvider(  871): TimaSignature is unavailable
D/ActivityThread(  871): Added TimaKeyStore provider
D/ResourcesManager(  871): creating new AssetManager and set to /system/priv-app/SecMyFiles2014/SecMyFiles2014.apk
D/MyFiles (  871): MyFilesReceiver::Received the android.intent.action.PACKAGE_ADDED
I/TactileAssist(  904): enable value -1
I/TactileAssist(  904): internal enable value -1
I/TactileAssist(  904): intensity value -1
I/TactileAssist(  904): saveAppList value true
I/TactileAssist(  904): List of disabled apps :
I/TactileAssist(  904): com.google.android.apps.docs.editors.docs
I/TactileAssist(  904): com.snapchat.android
I/TactileAssist(  904): com.shazam.android
I/TactileAssist(  904): com.hp.android.printservice
I/TactileAssist(  904): com.infonow.bofa
I/TactileAssist(  904): com.io.crash.nineoutoften
I/TactileAssist(  904): com.skype.raider
E/installd(  307): system dir 0 : /system/app/
E/installd(  307): system dir 1 : /system/priv-app/
E/installd(  307): system dir 2 : /vendor/app/
E/installd(  307): system dir 3 : /oem/app/
I/TactileAssist(  904): com.valvesoftware.android.steam.community
E/Zygote  (  893): MountEmulatedStorage()
E/Zygote  (  893): v2
I/art     (  325): Explicit concurrent mark sweep GC freed 8730(371KB) AllocSpace objects, 0(0B) LOS objects, 39% free, 15MB/25MB, paused 274us total 14.803ms
I/art     (  325): Explicit concurrent mark sweep GC freed 5(160B) AllocSpace objects, 0(0B) LOS objects, 39% free, 15MB/25MB, paused 249us total 8.280ms
I/art     (  325): Explicit concurrent mark sweep GC freed 5(160B) AllocSpace objects, 0(0B) LOS objects, 39% free, 15MB/25MB, paused 249us total 8.183ms
I/SELinux (  893): Function: selinux_compare_spd_ram, SPD-policy is existed. and_ver=SEPF_SM-G900V_5.0 ver=27
I/SELinux (  893): Function: selinux_compare_spd_ram , priority [1] , priority version is VE=SEPF_SM-G900V_5.0_0027
E/SELinux (  893): [DEBUG] get_category: variable seinfo: platform sensitivity: NULL, cateogry: NULL
D/TimaKeyStoreProvider(  893): TimaSignature is unavailable
D/ActivityThread(  893): Added TimaKeyStore provider
D/ResourcesManager(  893): creating new AssetManager and set to /system/app/DriveLink/DriveLink.apk
E/[CarMode](  893): [DLApplication]-onCreate: Applicatino Started!
D/SampleAppCoreManager(  893): SampleAppCoreManager VACVersion '2.2.0.11867'
I/VlingoAndroidCore(  893): AppName: SamsungCCKProject, Core: 2.2.0.11867, SDK: 2.0.1017, EDM:11867
E/Zygote  (  924): MountEmulatedStorage()
E/Zygote  (  924): v2
I/SELinux (  924): Function: selinux_compare_spd_ram, SPD-policy is existed. and_ver=SEPF_SM-G900V_5.0 ver=27
I/SELinux (  924): Function: selinux_compare_spd_ram , priority [1] , priority version is VE=SEPF_SM-G900V_5.0_0027
E/SELinux (  924): [DEBUG] get_category: variable seinfo: untrusted sensitivity: NULL, cateogry: NULL
D/TimaKeyStoreProvider(  924): TimaSignature is unavailable
D/ActivityThread(  924): Added TimaKeyStore provider
D/ResourcesManager(  924): creating new AssetManager and set to /system/priv-app/S-Voice_Android_phone/S-Voice_Android_phone.apk
I/System.out(  924): Inside onCreate() of WakeupTriggerProvide
I/System.out(  924): Inside WakeupProvider
E/DatabaseUtils(  924): Writing exception to parcel
E/DatabaseUtils(  924): java.lang.NullPointerException: Attempt to invoke virtual method 'java.lang.String android.content.Context.getPackageName()' on a null object reference
E/DatabaseUtils(  924): 	at android.preference.PreferenceManager.getDefaultSharedPreferencesName(PreferenceManager.java:374)
E/DatabaseUtils(  924): 	at android.preference.PreferenceManager.getDefaultSharedPreferences(PreferenceManager.java:369)
E/DatabaseUtils(  924): 	at com.vlingo.core.internal.settings.Settings.getSharedPreferences(Settings.java:1537)
E/DatabaseUtils(  924): 	at com.vlingo.midas.provider.VlingoConfigProvider.queryInternal(VlingoConfigProvider.java:167)
E/DatabaseUtils(  924): 	at com.vlingo.midas.provider.VlingoConfigProvider$VlingoConfigProviderQueryProxy.query(VlingoConfigProvider.java:322)
E/DatabaseUtils(  924): 	at com.vlingo.midas.provider.VlingoConfigProvider.query(VlingoConfigProvider.java:148)
E/DatabaseUtils(  924): 	at android.content.ContentProvider.query(ContentProvider.java:978)
E/DatabaseUtils(  924): 	at android.content.ContentProvider$Transport.query(ContentProvider.java:213)
E/DatabaseUtils(  924): 	at android.content.ContentProviderNative.onTransact(ContentProviderNative.java:112)
E/DatabaseUtils(  924): 	at android.os.Binder.execTransact(Binder.java:446)
W/System.err(  893): java.lang.NullPointerException: Attempt to invoke virtual method 'java.lang.String android.content.Context.getPackageName()' on a null object reference
W/System.err(  893): 	at android.os.Parcel.readException(Parcel.java:1546)
W/System.err(  893): 	at android.database.DatabaseUtils.readExceptionFromParcel(DatabaseUtils.java:185)
W/System.err(  893): 	at android.database.DatabaseUtils.readExceptionFromParcel(DatabaseUtils.java:137)
W/System.err(  893): 	at android.content.ContentProviderProxy.query(ContentProviderNative.java:420)
W/System.err(  893): 	at android.content.ContentResolver.query(ContentResolver.java:484)
W/System.err(  893): 	at android.content.ContentResolver.query(ContentResolver.java:428)
W/System.err(  893): 	at com.vlingo.core.internal.associatedservice.ApplicationQueryManager.getCursor(ApplicationQueryManager.java:169)
W/System.err(  893): 	at com.vlingo.core.internal.associatedservice.ApplicationQueryManager.providerBaseIsWorking(ApplicationQueryManager.java:62)
W/System.err(  893): 	at com.vlingo.core.internal.associatedservice.ApplicationQueryManager.getValue(ApplicationQueryManager.java:108)
W/System.err(  893): 	at com.vlingo.core.internal.lmtt.event.InternalMdsoUtils.getSetting(InternalMdsoUtils.java:250)
W/System.err(  893): 	at com.vlingo.core.internal.lmtt.event.InternalMdsoUtils.getBooleanSetting(InternalMdsoUtils.java:242)
W/System.err(  893): 	at com.vlingo.core.internal.lmtt.event.InternalMdsoUtils.getMasterConfigProvider(InternalMdsoUtils.java:212)
W/System.err(  893): 	at com.vlingo.core.internal.lmtt.event.InternalMdsoUtils.getMasterLanguage(InternalMdsoUtils.java:134)
W/System.err(  893): 	at com.vlingo.core.internal.lmtt.event.LmttEventHandler.onCoreInitialization(LmttEventHandler.java:176)
W/System.err(  893): 	at com.vlingo.core.internal.VlingoAndroidCore.init(VlingoAndroidCore.java:625)
W/System.err(  893): 	at com.vlingo.core.internal.VlingoAndroidCore.init(VlingoAndroidCore.java:118)
W/System.err(  893): 	at com.vlingo.core.facade.CoreManager.initCore(CoreManager.java:70)
W/System.err(  893): 	at com.nuance.sample.coreaccess.SampleAppCoreManager.initCore(SampleAppCoreManager.java:108)
W/System.err(  893): 	at com.nuance.drivelink.DLAppUiUpdater.init(DLAppUiUpdater.java:206)
W/System.err(  893): 	at com.sec.android.automotive.drivelink.DLApplication.onCreate(DLApplication.java:72)
W/System.err(  893): 	at android.app.Instrumentation.callApplicationOnCreate(Instrumentation.java:1020)
W/System.err(  893): 	at android.app.ActivityThread.handleBindApplication(ActivityThread.java:5010)
W/System.err(  893): 	at android.app.ActivityThread.access$1600(ActivityThread.java:172)
W/System.err(  893): 	at android.app.ActivityThread$H.handleMessage(ActivityThread.java:1482)
W/System.err(  893): 	at android.os.Handler.dispatchMessage(Handler.java:102)
W/System.err(  893): 	at android.os.Looper.loop(Looper.java:145)
W/System.err(  893): 	at android.app.ActivityThread.main(ActivityThread.java:5835)
W/System.err(  893): 	at java.lang.reflect.Method.invoke(Native Method)
W/System.err(  893): 	at java.lang.reflect.Method.invoke(Method.java:372)
W/System.err(  893): 	at com.android.internal.os.ZygoteInit$MethodAndArgsCaller.run(ZygoteInit.java:1399)
W/System.err(  893): 	at com.android.internal.os.ZygoteInit.main(ZygoteInit.java:1194)
E/DatabaseUtils(  924): Writing exception to parcel
E/DatabaseUtils(  924): java.lang.NullPointerException: Attempt to invoke virtual method 'java.lang.String android.content.Context.getPackageName()' on a null object reference
E/DatabaseUtils(  924): 	at android.preference.PreferenceManager.getDefaultSharedPreferencesName(PreferenceManager.java:374)
E/DatabaseUtils(  924): 	at android.preference.PreferenceManager.getDefaultSharedPreferences(PreferenceManager.java:369)
E/DatabaseUtils(  924): 	at com.vlingo.core.internal.settings.Settings.getSharedPreferences(Settings.java:1537)
E/DatabaseUtils(  924): 	at com.vlingo.midas.provider.VlingoConfigProvider.queryInternal(VlingoConfigProvider.java:167)
E/DatabaseUtils(  924): 	at com.vlingo.midas.provider.VlingoConfigProvider$VlingoConfigProviderQueryProxy.query(VlingoConfigProvider.java:322)
E/DatabaseUtils(  924): 	at com.vlingo.midas.provider.VlingoConfigProvider.query(VlingoConfigProvider.java:148)
E/DatabaseUtils(  924): 	at android.content.ContentProvider.query(ContentProvider.java:978)
E/DatabaseUtils(  924): 	at android.content.ContentProvider$Transport.query(ContentProvider.java:213)
E/DatabaseUtils(  924): 	at android.content.ContentProviderNative.onTransact(ContentProviderNative.java:112)
E/DatabaseUtils(  924): 	at android.os.Binder.execTransact(Binder.java:446)
W/System.err(  893): java.lang.NullPointerException: Attempt to invoke virtual method 'java.lang.String android.content.Context.getPackageName()' on a null object reference
W/System.err(  893): 	at android.os.Parcel.readException(Parcel.java:1546)
