D/ResourcesManager( 1666): creating new AssetManager and set to /system/app/SamsungWidget_ActiveApplication/SamsungWidget_ActiveApplication.apk
V/TaskCloserActivity( 1666): TaskCloserActivity enter()
V/TaskCloserActivity( 1666): TaskCloserActivity onReceive() - com.sec.android.intent.action.HOME_PAUSE
D/EnterpriseController(  292): mIsMarkChainAdded is 0 mIsBlockChainAdded is 0 netId is 0
D/Netd    (  292): getNetworkForDns: using netid 510 for uid 10082
E/Adreno-ES20(32689): <check_framebuffer_attachment:854>: Invalid texture format! Returning error!
E/Adreno-ES20(32689): <check_framebuffer_object_status:1237>: Framebuffer color attachment incomplete. Returning GL_FRAMEBUFFER_INCOMPLETE_ATTACHMENT!
W/cr.BindingManager(32689): Cannot call determinedVisibility() - never saw a connection for the pid: 32689
D/EnterpriseController(  292): mIsMarkChainAdded is 0 mIsBlockChainAdded is 0 netId is 0
D/Netd    (  292): getNetworkForDns: using netid 510 for uid 10082
I/chromium(32689): [INFO:CONSOLE(16)] "The value "device-width;" for key "width" is invalid, and has been ignored.", source: https://login.umd.edu/cas/login (16)
I/chromium(32689): [INFO:CONSOLE(16)] "The value "1.0;" for key "initial-scale" was truncated to its numeric prefix.", source: https://login.umd.edu/cas/login (16)
I/chromium(32689): [INFO:CONSOLE(16)] "The value "1.0;" for key "maximum-scale" was truncated to its numeric prefix.", source: https://login.umd.edu/cas/login (16)
I/chromium(32689): [INFO:CONSOLE(16)] "The value "0;" for key "user-scalable" was truncated to its numeric prefix.", source: https://login.umd.edu/cas/login (16)
I/chromium(32689): [INFO:CONSOLE(16)] "Error parsing a meta element's content: ';' is not a valid key-value pair separator. Please use ',' instead.", source: https://login.umd.edu/cas/login (16)
D/StatusBar.NetworkController( 1191): refreshSignalCluster - setNWBoosterIndicators(false)
D/EPDG -- [SMARTWIFI](  904): Wifi RSSI intent received -- newRssi : -60intent Intent { act=android.net.wifi.RSSI_CHANGED flg=0x4000010 (has extras) }
D/EPDG -- [SMARTWIFI](  904): Rssi : -60 highrange : -71 lowrange : -78
V/EPDG -- [SMARTWIFI](  904): wifi oldest entry removed
V/EPDG -- [SMARTWIFI](  904): wifi entry added
V/EPDG -- [SMARTWIFI](  904): New entry : (4 : 0 )
D/EPDG -- [SMARTWIFI](  904): No need to run ping : (lastStrength3 : mWeakWifiLevel2 : currentStrength)4
D/StatusBar.NetworkController( 1191): applyVZW
D/StatusBar.NetworkController( 1191): applyVZW : mDataTypeDisabledIconIdcom.android.systemui:drawable/stat_sys_data_connected_disabled_4g_lte
D/StatusBar.NetworkController( 1191): refreshSignalCluster - setNWBoosterIndicators(false)
D/StatusBar.NetworkController( 1191): applyVZW
D/StatusBar.NetworkController( 1191): applyVZW : mDataTypeDisabledIconIdcom.android.systemui:drawable/stat_sys_data_connected_disabled_4g_lte
D/StatusBar.NetworkController( 1191): refreshSignalCluster - setNWBoosterIndicators(false)
D/StatusBar.NetworkController( 1191): applyVZW
D/StatusBar.NetworkController( 1191): applyVZW : mDataTypeDisabledIconIdcom.android.systemui:drawable/stat_sys_data_connected_disabled_4g_lte
D/StatusBar.NetworkController( 1191): refreshSignalCluster - setNWBoosterIndicators(false)
D/StatusBar.NetworkController( 1191): applyVZW
D/StatusBar.NetworkController( 1191): applyVZW : mDataTypeDisabledIconIdcom.android.systemui:drawable/stat_sys_data_connected_disabled_4g_lte
E/SMD     (  297): DCD ON
D/lights  (  904): button : 0 +
D/lights  (  904): button : 0 -
D/BootupListener( 1528): ACTION_DRIVELINK
D/SettingsProvider(  904): name = drivelink_navigation
D/SettingsProvider(  904): edmUri: content://com.sec.knox.provider/RestrictionPolicy3
D/SettingsProvider(  904): projectionArgs: isSettingsChangesAllowed
D/SettingsProvider(  904): selectionArgs: false
D/SettingsProvider(  904): selectionArgs: 1001
D/SecContentProvider(  904): uri = 17 selection = isSettingsChangesAllowed
D/SettingsProvider(  904): ret = -1
D/BootupListener( 1528): NAVI : com.google.android.apps.maps
D/SettingsProvider(  904): name = internet_call_settings_visibility
D/SettingsProvider(  904): edmUri: content://com.sec.knox.provider/RestrictionPolicy3
D/SettingsProvider(  904): projectionArgs: isSettingsChangesAllowed
D/SettingsProvider(  904): selectionArgs: false
D/SettingsProvider(  904): selectionArgs: 1001
D/SecContentProvider(  904): uri = 17 selection = isSettingsChangesAllowed
D/SettingsProvider(  904): ret = -1
D/CII     ( 1528): CommonIMSInterface: isServiceAvailable. token:TOKEN_SERVICE_CALL available:true
D/PhoneUtilsCommon( 1528): isSupportVoLTE is true.
D/BootupListener( 1528): intent.getAction() = com.sec.android.automotive.drivelink.NAVIGATION_PACKAGE_NAME
E/Zygote  ( 1741): MountEmulatedStorage()
E/Zygote  ( 1741): v2
W/cr.BindingManager(32689): Cannot call determinedVisibility() - never saw a connection for the pid: 32689
I/chromium(32689): [INFO:CONSOLE(16)] "The value "device-width;" for key "width" is invalid, and has been ignored.", source: https://login.umd.edu/cas/login;jsessionid=9413C24E80981E695530D768AFD278AD.1 (16)
I/chromium(32689): [INFO:CONSOLE(16)] "The value "1.0;" for key "initial-scale" was truncated to its numeric prefix.", source: https://login.umd.edu/cas/login;jsessionid=9413C24E80981E695530D768AFD278AD.1 (16)
I/chromium(32689): [INFO:CONSOLE(16)] "The value "1.0;" for key "maximum-scale" was truncated to its numeric prefix.", source: https://login.umd.edu/cas/login;jsessionid=9413C24E80981E695530D768AFD278AD.1 (16)
I/chromium(32689): [INFO:CONSOLE(16)] "The value "0;" for key "user-scalable" was truncated to its numeric prefix.", source: https://login.umd.edu/cas/login;jsessionid=9413C24E80981E695530D768AFD278AD.1 (16)
I/chromium(32689): [INFO:CONSOLE(16)] "Error parsing a meta element's content: ';' is not a valid key-value pair separator. Please use ',' instead.", source: https://login.umd.edu/cas/login;jsessionid=9413C24E80981E695530D768AFD278AD.1 (16)
I/SELinux ( 1741): Function: selinux_compare_spd_ram, SPD-policy is existed. and_ver=SEPF_SM-G900V_5.0 ver=27
I/SELinux ( 1741): Function: selinux_compare_spd_ram , priority [1] , priority version is VE=SEPF_SM-G900V_5.0_0027
E/SELinux ( 1741): [DEBUG] get_category: variable seinfo: shared sensitivity: NULL, cateogry: NULL
D/TimaKeyStoreProvider( 1741): TimaSignature is unavailable
D/ActivityThread( 1741): Added TimaKeyStore provider
D/ResourcesManager( 1741): creating new AssetManager and set to /system/app/SPlannerWidget_OS_UPG/SPlannerWidget_OS_UPG.apk
E/Zygote  ( 1781): MountEmulatedStorage()
E/Zygote  ( 1781): v2
I/art     (  325): Explicit concurrent mark sweep GC freed 8723(371KB) AllocSpace objects, 0(0B) LOS objects, 39% free, 15MB/25MB, paused 325us total 24.648ms
I/art     (  325): Explicit concurrent mark sweep GC freed 5(160B) AllocSpace objects, 0(0B) LOS objects, 39% free, 15MB/25MB, paused 252us total 9.407ms
I/SELinux ( 1781): Function: selinux_compare_spd_ram, SPD-policy is existed. and_ver=SEPF_SM-G900V_5.0 ver=27
I/SELinux ( 1781): Function: selinux_compare_spd_ram , priority [1] , priority version is VE=SEPF_SM-G900V_5.0_0027
E/SELinux ( 1781): [DEBUG] get_category: variable seinfo: platform sensitivity: NULL, cateogry: NULL
I/art     (  325): Explicit concurrent mark sweep GC freed 5(160B) AllocSpace objects, 0(0B) LOS objects, 39% free, 15MB/25MB, paused 251us total 8.706ms
D/TimaKeyStoreProvider( 1781): TimaSignature is unavailable
D/ActivityThread( 1781): Added TimaKeyStore provider
D/ResourcesManager( 1781): creating new AssetManager and set to /system/app/SPlanner_OS_UPG/SPlanner_OS_UPG.apk
D/daemonapp(25017): [MSC_Daemon]>>> WCP:1142 [0:0] Provider query : content://apaccuweatherprovider/settings
I/art     (  904): Explicit concurrent mark sweep GC freed 30839(1836KB) AllocSpace objects, 6(96KB) LOS objects, 22% free, 55MB/71MB, paused 1.603ms total 139.898ms
I/Timeline(32689): Timeline: Activity_launch_request id:nat.pettipaw.com.pointchecker time:29170570
E/PersonaManagerService(  904): inState():  stateMachine is null !!
D/StatusBar.NetworkController( 1191): refreshSignalCluster - setNWBoosterIndicators(false)
D/StatusBar.NetworkController( 1191): applyVZW
I/PersonaManagerService(  904): Failed to execute isKioskModeEnabled. java.lang.SecurityException: You need MANAGE_USERS permission to: query user
I/ActivityManager(  904): do not start freezing screen for locked container getKeyguardshowstate = false
D/StatusBar.NetworkController( 1191): applyVZW : mDataTypeDisabledIconIdcom.android.systemui:drawable/stat_sys_data_connected_disabled_4g_lte
D/StatusBar.NetworkController( 1191): refreshSignalCluster - setNWBoosterIndicators(false)
D/StatusBar.NetworkController( 1191): applyVZW
D/StatusBar.NetworkController( 1191): applyVZW : mDataTypeDisabledIconIdcom.android.systemui:drawable/stat_sys_data_connected_disabled_4g_lte
D/StatusBar.NetworkController( 1191): refreshSignalCluster - setNWBoosterIndicators(false)
D/StatusBar.NetworkController( 1191): applyVZW
D/StatusBar.NetworkController( 1191): applyVZW : mDataTypeDisabledIconIdcom.android.systemui:drawable/stat_sys_data_connected_disabled_4g_lte
D/StatusBar.NetworkController( 1191): refreshSignalCluster - setNWBoosterIndicators(false)
D/StatusBar.NetworkController( 1191): applyVZW
D/StatusBar.NetworkController( 1191): applyVZW : mDataTypeDisabledIconIdcom.android.systemui:drawable/stat_sys_data_connected_disabled_4g_lte
I/SQLiteSecureOpenHelper(28459): getWritableDatabase(pwd)
I/SQLiteSecureOpenHelper(28459): getDatabaseLocked(b,b,pwd)...
W/art     (32689): Attempt to remove local handle scope entry from IRT, ignoring
W/AwContents(32689): onDetachedFromWindow called when already detached. Ignoring
E/SMD     (  297): DCD ON
W/art     (32689): Attempt to remove local handle scope entry from IRT, ignoring
W/art     (32689): Attempt to remove local handle scope entry from IRT, ignoring
D/Activity(32689): performCreate Call secproduct feature valuefalse
D/Activity(32689): performCreate Call debug elastic valuetrue
D/ActivityManager(  904): post active user change for 0 fullscreen true
D/KnoxTimeoutHandler(  904): postActiveUserChange for user 0
D/KnoxTimeoutHandler(  904): handleActiveUserChange for user 0
I/SurfaceFlinger(  259): id=693 createSurf (1x1),1 flag=404, nat.pettipaw.com.pointchecker/nat.pettipaw.com.pointchecker.PointViewerActivity
D/InputMethodManagerService(  904): windowGainedFocus mCurrentFocusedUserId - 0 and mSecureKeypadEnabled-false
D/EnterpriseController(  292): mIsMarkChainAdded is 0 mIsBlockChainAdded is 0 netId is 0
D/Netd    (  292): getNetworkForDns: using netid 510 for uid 10082
I/ActivityManager(  904): Displayed nat.pettipaw.com.pointchecker/.PointViewerActivity: +553ms
I/Timeline(  904): Timeline: Activity_windows_visible id: ActivityRecord{10f405e1 u0 nat.pettipaw.com.pointchecker/.PointViewerActivity t4348} time:29171175
I/SurfaceFlinger(  259): id=691 Removed nat.pettipaw.com.pointchecker/nat.pettipaw.com.pointchecker.LoginActivity (3/8)
I/SurfaceFlinger(  259): id=691 Removed nat.pettipaw.com.pointchecker/nat.pettipaw.com.pointchecker.LoginActivity (-2/8)
I/Timeline(32689): Timeline: Activity_idle id: android.os.BinderProxy@741a0d9 time:29171201
D/StatusBar.NetworkController( 1191): onSignalStrengthsChanged signalStrength=SignalStrength: 99 99 -91 -60 -120 -1 -1 21 -100 -11 168 -1 2147483647 0x3030 gsm|lte level=3
V/EPDG -- [SMARTWIFI](  904): cdma oldest entry removed
V/EPDG -- [SMARTWIFI](  904): cdma entry added
V/EPDG -- [SMARTWIFI](  904): New entry : (SignalStrength: 99 99 -91 -60 -120 -1 -1 21 -100 -11 168 -1 2147483647 0x3030 gsm|lte : 0 )
D/EPDG -- [SMARTWIFI](  904): No need to run ping : (lastStrength3 : currentStrength)3
D/StatusBar.NetworkController( 1191): onSignalStrengthsChanged signalStrength=SignalStrength: 99 99 -91 -60 -120 -1 -1 21 -100 -11 168 -1 2147483647 0x3030 gsm|lte level=3
V/EPDG -- [SMARTWIFI](  904): cdma oldest entry removed
V/EPDG -- [SMARTWIFI](  904): cdma entry added
V/EPDG -- [SMARTWIFI](  904): New entry : (SignalStrength: 99 99 -91 -60 -120 -1 -1 21 -100 -11 168 -1 2147483647 0x3030 gsm|lte : 0 )
D/EPDG -- [SMARTWIFI](  904): No need to run ping : (lastStrength3 : currentStrength)3
D/EPDG -- [MODEM](  904): message length is  9
D/EPDG -- [MODEM](  904): countRead is 7 offset is 7remaining is 0
D/EPDG -- EpdgIpcMessageFactory(  904): ipcMainCmd: 8
D/EPDG -- [UTILS](  904): isUSerBinary: true
D/EPDG -- [RILRECEIVER](  904): [Rx]: Main: IPC_NET_CMD Sub: IPC_NET_REGIST
D/EPDG -- [RILRECEIVER](  904): [Rx]: Param: FF 03 
I/EPDG -- [RILRECEIVER](  904): RX [NET_REGIST] -- RESPONSE -- EPDG AVAILABLE
D/EPDG -- [NETIPCMESSAGE](  904): encodeNetRegist
D/EPDG -- [UTILS](  904): isUSerBinary: true
D/EPDG -- [IPCDISPATCHER](  904): [Tx]: Main: IPC_NET_CMD Sub: IPC_NET_REGIST Cmd Type: IPC_CMD_RESP
D/EPDG -- [IPCDISPATCHER](  904): [Tx]: Param: 30 03 02 00 00 00 00 00 00 00 00 00 00 
D/EPDG -- [MODEM](  904): EpdgModem instance already exists !
D/EPDG -- [EPDGService](  904): Event received: RIL_EPDG_STATUS_QUERY
D/EPDG -- [EPDGService](  904): handleMessage: cid - 2
D/EPDG -- [MODEM](  904): Successfully written to RIL
D/CellLocationSupport( 1597): ignore updating VoPS. already set! value:true
D/TranslatorCollection( 1597): translateToNwkSvcType: networkType XAN_NWK_TYPE_WLAN
D/RatControllerEnablers( 1597): svcSetPANIString(XAN_NWK_TYPE_WLAN)
D/SLK     ( 1597): PLF(22797)4135 xan_bearer_updateAccessNwkInfo:Entry nwkType <128>
D/SLK     ( 1597): COMM(22798)2506 GetSpecIdFromBearer:_g_Multibearer_info.user_spec[iIndex = 1].i32_specId = 1
D/SLK     ( 1597): COMM(22799)2506 GetSpecIdFromBearer:_g_Multibearer_info.user_spec[iIndex = 2].i32_specId = 2
D/TranslatorCollection( 1597): translateToNwkSvcType: networkType null
D/TranslatorCollection( 1597): translateToNwkSvcType: not found for networkType 5
D/TranslatorCollection( 1597): translateToNwkSvcType: networkType XAN_NWK_TYPE_HDR_IMS
D/RatControllerEnablers( 1597): svcSetPANIString(XAN_NWK_TYPE_HDR_IMS)
D/SLK     ( 1597): PLF(22800)4135 xan_bearer_updateAccessNwkInfo:Entry nwkType <512>
D/SLK     ( 1597): COMM(22801)2506 GetSpecIdFromBearer:_g_Multibearer_info.user_spec[iIndex = 1].i32_specId = 1
D/SLK     ( 1597): COMM(22802)2506 GetSpecIdFromBearer:_g_Multibearer_info.user_spec[iIndex = 2].i32_specId = 2
D/SLK     ( 1597): COMM(22803)2506 GetSpecIdFromBearer:_g_Multibearer_info.user_spec[iIndex = 3].i32_specId = 3
D/StatusBar.NetworkController( 1191): refreshSignalCluster - setNWBoosterIndicators(false)
D/StatusBar.NetworkController( 1191): applyVZW
D/StatusBar.NetworkController( 1191): applyVZW : mDataTypeDisabledIconIdcom.android.systemui:drawable/stat_sys_data_connected_disabled_4g_lte
D/StatusBar.NetworkController( 1191): refreshSignalCluster - setNWBoosterIndicators(false)
D/StatusBar.NetworkController( 1191): applyVZW
D/StatusBar.NetworkController( 1191): applyVZW : mDataTypeDisabledIconIdcom.android.systemui:drawable/stat_sys_data_connected_disabled_4g_lte
D/StatusBar.NetworkController( 1191): refreshSignalCluster - setNWBoosterIndicators(false)
D/StatusBar.NetworkController( 1191): applyVZW
D/StatusBar.NetworkController( 1191): applyVZW : mDataTypeDisabledIconIdcom.android.systemui:drawable/stat_sys_data_connected_disabled_4g_lte
D/StatusBar.NetworkController( 1191): refreshSignalCluster - setNWBoosterIndicators(false)
D/StatusBar.NetworkController( 1191): applyVZW
D/StatusBar.NetworkController( 1191): applyVZW : mDataTypeDisabledIconIdcom.android.systemui:drawable/stat_sys_data_connected_disabled_4g_lte
D/StatusBar.NetworkController( 1191): refreshSignalCluster - setNWBoosterIndicators(false)
D/StatusBar.NetworkController( 1191): applyVZW
D/StatusBar.NetworkController( 1191): applyVZW : mDataTypeDisabledIconIdcom.android.systemui:drawable/stat_sys_data_connected_disabled_4g_lte
D/StatusBar.NetworkController( 1191): refreshSignalCluster - setNWBoosterIndicators(false)
D/StatusBar.NetworkController( 1191): applyVZW
D/StatusBar.NetworkController( 1191): applyVZW : mDataTypeDisabledIconIdcom.android.systemui:drawable/stat_sys_data_connected_disabled_4g_lte
D/StatusBar.NetworkController( 1191): refreshSignalCluster - setNWBoosterIndicators(false)
D/StatusBar.NetworkController( 1191): applyVZW
D/StatusBar.NetworkController( 1191): applyVZW : mDataTypeDisabledIconIdcom.android.systemui:drawable/stat_sys_data_connected_disabled_4g_lte
D/StatusBar.NetworkController( 1191): refreshSignalCluster - setNWBoosterIndicators(false)
D/StatusBar.NetworkController( 1191): applyVZW
D/StatusBar.NetworkController( 1191): applyVZW : mDataTypeDisabledIconIdcom.android.systemui:drawable/stat_sys_data_connected_disabled_4g_lte
E/SMD     (  297): DCD ON
D/StatusBar.NetworkController( 1191): refreshSignalCluster - setNWBoosterIndicators(false)
D/StatusBar.NetworkController( 1191): applyVZW
D/StatusBar.NetworkController( 1191): applyVZW : mDataTypeDisabledIconIdcom.android.systemui:drawable/stat_sys_data_connected_disabled_4g_lte
D/StatusBar.NetworkController( 1191): refreshSignalCluster - setNWBoosterIndicators(false)
D/StatusBar.NetworkController( 1191): applyVZW
D/StatusBar.NetworkController( 1191): applyVZW : mDataTypeDisabledIconIdcom.android.systemui:drawable/stat_sys_data_connected_disabled_4g_lte
D/StatusBar.NetworkController( 1191): refreshSignalCluster - setNWBoosterIndicators(false)
D/StatusBar.NetworkController( 1191): applyVZW
D/StatusBar.NetworkController( 1191): applyVZW : mDataTypeDisabledIconIdcom.android.systemui:drawable/stat_sys_data_connected_disabled_4g_lte
D/StatusBar.NetworkController( 1191): refreshSignalCluster - setNWBoosterIndicators(false)
D/StatusBar.NetworkController( 1191): applyVZW
D/StatusBar.NetworkController( 1191): applyVZW : mDataTypeDisabledIconIdcom.android.systemui:drawable/stat_sys_data_connected_disabled_4g_lte
D/StatusBar.NetworkController( 1191): onSignalStrengthsChanged signalStrength=SignalStrength: 99 99 -91 -60 -120 -1 -1 19 -100 -8 168 -1 2147483647 0x3030 gsm|lte level=3
V/EPDG -- [SMARTWIFI](  904): cdma oldest entry removed
V/EPDG -- [SMARTWIFI](  904): cdma entry added
V/EPDG -- [SMARTWIFI](  904): New entry : (SignalStrength: 99 99 -91 -60 -120 -1 -1 19 -100 -8 168 -1 2147483647 0x3030 gsm|lte : 0 )
D/EPDG -- [SMARTWIFI](  904): No need to run ping : (lastStrength3 : currentStrength)3
D/ResourcesManager(  904): creating new AssetManager and set to /data/app/com.google.android.gms-1/base.apk
D/ResourcesManager(  904): creating new AssetManager and set to /system/priv-app/InputDevices/InputDevices.apk
D/ResourcesManager(  904): creating new AssetManager and set to /system/priv-app/Amazon_Appstore/Amazon_Appstore.apk
D/ResourcesManager( 1536): creating new AssetManager and set to /data/app/com.google.android.gms-1/base.apk
D/ResourcesManager(  904): creating new AssetManager and set to /system/priv-app/SNS/SNS.apk
I/InputReader(  904): Reconfiguring input devices.  changes=0x00000010
D/ResourcesManager(  904): creating new AssetManager and set to /system/priv-app/Samsungservice2_xxhdpi/Samsungservice2_xxhdpi.apk
D/RegisteredServicesCache( 1515): empty dynamic service
D/ResourcesManager( 1536): creating new AssetManager and set to /system/app/AccuweatherPhone2014_K_LMR_fHD/AccuweatherPhone2014_K_LMR_fHD.apk
W/Resources(  904): Converting to string: TypedValue{t=0x12/d=0xffffffff a=-1}
D/ResourcesManager(  904): creating new AssetManager and set to /system/priv-app/SecMms_Candy/SecMms_Candy.apk
D/ResourcesManager(  904): creating new AssetManager and set to /system/app/Amazon_Widget/Amazon_Widget.apk
D/ResourcesManager(  904): creating new AssetManager and set to /system/app/SecEmail_K/SecEmail_K.apk
D/ResourcesManager( 1536): creating new AssetManager and set to /system/app/SPlannerWidget_OS_UPG/SPlannerWidget_OS_UPG.apk
W/Resources(  904): Converting to string: TypedValue{t=0x12/d=0xffffffff a=-1}
D/ResourcesManager(  904): creating new AssetManager and set to /data/app/com.google.android.gm-1/base.apk
W/Resources(  904): Converting to string: TypedValue{t=0x12/d=0xffffffff a=-1}
D/ResourcesManager(  904): creating new AssetManager and set to /system/app/SecMemoDL/SecMemoDL.apk
E/Zygote  ( 1996): MountEmulatedStorage()
E/Zygote  ( 1996): v2
W/Resources(  904): Converting to string: TypedValue{t=0x12/d=0xffffffff a=-1}
D/ResourcesManager(  904): creating new AssetManager and set to /data/app/com.audible.application-2/base.apk
I/SELinux ( 1996): Function: selinux_compare_spd_ram, SPD-policy is existed. and_ver=SEPF_SM-G900V_5.0 ver=27
I/SELinux ( 1996): Function: selinux_compare_spd_ram , priority [1] , priority version is VE=SEPF_SM-G900V_5.0_0027
E/SELinux ( 1996): [DEBUG] get_category: variable seinfo: platform sensitivity: NULL, cateogry: NULL
D/SecContentProvider2(  904): uri = 11 selection = getMyKnoxAdmin
D/SecContentProvider2(  904): mCursor = null
D/ResourcesManager(  904): creating new AssetManager and set to /data/app/com.amazon.mShop.android-1/base.apk
D/TimaKeyStoreProvider( 1996): TimaSignature is unavailable
D/ActivityThread( 1996): Added TimaKeyStore provider
D/ResourcesManager(  904): creating new AssetManager and set to /data/app/com.amazon.kindle-1/base.apk
D/ResourcesManager(  904): creating new AssetManager and set to /data/app/com.vcast.mediamanager-1.apk
D/ResourcesManager( 1996): creating new AssetManager and set to /system/priv-app/SecGallery2014/SecGallery2014.apk
D/ResourcesManager(  904): creating new AssetManager and set to /data/app/com.google.android.youtube-1/base.apk
D/ResourcesManager(  904): creating new AssetManager and set to /data/app/com.shazam.android-2/base.apk
D/ResourcesManager(  904): creating new AssetManager and set to /system/priv-app/SecGallery2014/SecGallery2014.apk
D/ResourcesManager(  904): creating new AssetManager and set to /system/priv-app/sCloudSyncMemo/sCloudSyncMemo.apk
D/ResourcesManager(  904): creating new AssetManager and set to /system/priv-app/sCloudSyncCalendar/sCloudSyncCalendar.apk
D/ResourcesManager(  904): creating new AssetManager and set to /data/app/com.google.android.music-1/base.apk
D/ResourcesManager(  904): creating new AssetManager and set to /system/priv-app/GoogleServicesFramework/GoogleServicesFramework.apk
D/ResourcesManager(  904): creating new AssetManager and set to /system/priv-app/sCloudSyncSBrowser/sCloudSyncSBrowser.apk
D/ResourcesManager(  904): creating new AssetManager and set to /system/priv-app/sCloudSyncSNote3/sCloudSyncSNote3.apk
D/ResourcesManager(  904): creating new AssetManager and set to /system/app/GoogleCalendarSyncAdapter/GoogleCalendarSyncAdapter.apk
D/ResourcesManager( 1536): creating new AssetManager and set to /system/app/Slacker/Slacker.apk
D/ResourcesManager(  904): creating new AssetManager and set to /system/app/GoogleContactsSyncAdapter/GoogleContactsSyncAdapter.apk
D/ResourcesManager(  904): creating new AssetManager and set to /system/app/SecExchange/SecExchange.apk
D/ResourcesManager(  904): creating new AssetManager and set to /data/app/com.google.android.apps.plus-1/base.apk
D/ResourcesManager(  904): creating new AssetManager and set to /data/app/tv.peel.smartremote-2/base.apk
D/ResourcesManager(  904): creating new AssetManager and set to /data/app/com.android.chrome-2/base.apk
D/ResourcesManager(  904): creating new AssetManager and set to /data/app/com.imdb.mobile-1/base.apk
D/ResourcesManager(  904): creating new AssetManager and set to /data/app/com.google.android.videos-1/base.apk
D/ResourcesManager(  904): creating new AssetManager and set to /data/app/com.google.android.apps.magazines-1/base.apk
D/ResourcesManager(  904): creating new AssetManager and set to /data/app/com.google.android.apps.books-2/base.apk
D/ResourcesManager(  904): creating new AssetManager and set to /data/app/com.google.android.apps.docs-2/base.apk
D/ResourcesManager(  904): creating new AssetManager and set to /data/app/com.google.android.apps.docs.editors.docs-2/base.apk
D/ResourcesManager( 1536): creating new AssetManager and set to /system/priv-app/SHealth3_5/SHealth3_5.apk
D/ResourcesManager(  904): creating new AssetManager and set to /data/app/com.google.android.apps.docs.editors.docs-2/base.apk
I/SensorService(  904): Skipped sensor HRM Sensor because it requires permission com.samsung.permission.SSENSOR
I/SensorService(  904): Skipped sensor HeartRate Sensor because it requires permission android.permission.BODY_SENSORS
I/SensorService(  904): Skipped sensor MAX86900 because it requires permission com.samsung.permission.SSENSOR
W/System.err( 1996): android.content.pm.PackageManager$NameNotFoundException: com.sec.android.cloudagent
W/System.err( 1996): 	at android.app.ApplicationPackageManager.getPackageInfo(ApplicationPackageManager.java:136)
W/System.err( 1996): 	at com.sec.android.gallery3d.remote.cloud.CloudRefer.isCloudAgentExist(CloudRefer.java:99)
W/System.err( 1996): 	at com.sec.android.gallery3d.util.GalleryFeature.checkUseCloud(GalleryFeature.java:1106)
W/System.err( 1996): 	at com.sec.android.gallery3d.util.GalleryFeature.init(GalleryFeature.java:479)
W/System.err( 1996): 	at com.sec.android.gallery3d.app.GalleryAppImpl.getDataManager(GalleryAppImpl.java:263)
W/System.err( 1996): 	at com.sec.android.gallery3d.provider.GalleryProvider.onCreate(GalleryProvider.java:140)
W/System.err( 1996): 	at android.content.ContentProvider.attachInfo(ContentProvider.java:1714)
W/System.err( 1996): 	at android.content.ContentProvider.attachInfo(ContentProvider.java:1683)
W/System.err( 1996): 	at android.app.ActivityThread.installProvider(ActivityThread.java:5456)
W/System.err( 1996): 	at android.app.ActivityThread.installContentProviders(ActivityThread.java:5051)
W/System.err( 1996): 	at android.app.ActivityThread.handleBindApplication(ActivityThread.java:4991)
W/System.err( 1996): 	at android.app.ActivityThread.access$1600(ActivityThread.java:172)
W/System.err( 1996): 	at android.app.ActivityThread$H.handleMessage(ActivityThread.java:1482)
W/System.err( 1996): 	at android.os.Handler.dispatchMessage(Handler.java:102)
W/System.err( 1996): 	at android.os.Looper.loop(Looper.java:145)
W/System.err( 1996): 	at android.app.ActivityThread.main(ActivityThread.java:5835)
W/System.err( 1996): 	at java.lang.reflect.Method.invoke(Native Method)
W/System.err( 1996): 	at java.lang.reflect.Method.invoke(Method.java:372)
W/System.err( 1996): 	at com.android.internal.os.ZygoteInit$MethodAndArgsCaller.run(ZygoteInit.java:1399)
W/System.err( 1996): 	at com.android.internal.os.ZygoteInit.main(ZygoteInit.java:1194)
D/ResourcesManager(  904): creating new AssetManager and set to /system/priv-app/SFinder/SFinder.apk
D/StatusBar.NetworkController( 1191): refreshSignalCluster - setNWBoosterIndicators(false)
D/StatusBar.NetworkController( 1191): applyVZW
D/StatusBar.NetworkController( 1191): applyVZW : mDataTypeDisabledIconIdcom.android.systemui:drawable/stat_sys_data_connected_disabled_4g_lte
D/StatusBar.NetworkController( 1191): refreshSignalCluster - setNWBoosterIndicators(false)
D/StatusBar.NetworkController( 1191): applyVZW
D/StatusBar.NetworkController( 1191): applyVZW : mDataTypeDisabledIconIdcom.android.systemui:drawable/stat_sys_data_connected_disabled_4g_lte
W/Resources(  904): Converting to string: TypedValue{t=0x12/d=0xffffffff a=-1}
D/StatusBar.NetworkController( 1191): refreshSignalCluster - setNWBoosterIndicators(false)
D/StatusBar.NetworkController( 1191): applyVZW
D/StatusBar.NetworkController( 1191): applyVZW : mDataTypeDisabledIconIdcom.android.systemui:drawable/stat_sys_data_connected_disabled_4g_lte
D/StatusBar.NetworkController( 1191): refreshSignalCluster - setNWBoosterIndicators(false)
D/StatusBar.NetworkController( 1191): applyVZW
D/StatusBar.NetworkController( 1191): applyVZW : mDataTypeDisabledIconIdcom.android.systemui:drawable/stat_sys_data_connected_disabled_4g_lte
W/Resources(  904): Converting to string: TypedValue{t=0x12/d=0xffffffff a=-1}
D/ResourcesManager(  904): creating new AssetManager and set to /system/app/InteractiveTutorial/InteractiveTutorial.apk
W/Resources(  904): Converting to string: TypedValue{t=0x12/d=0xffffffff a=-1}
D/ResourcesManager(  904): creating new AssetManager and set to /system/app/SPlanner_OS_UPG/SPlanner_OS_UPG.apk
D/ResourcesManager( 1536): creating new AssetManager and set to /system/app/com.gotv.nflgamecenter.us.lite/com.gotv.nflgamecenter.us.lite.apk
W/Resources(  904): Converting to string: TypedValue{t=0x12/d=0xffffffff a=-1}
D/ResourcesManager(  904): creating new AssetManager and set to /data/app/com.amazon.mp3-2/base.apk
D/Spen    ( 1996): SpenSdk version level = 55
D/Spen    ( 1996): SpenSdk jar version = 3.0.238
D/Spen    ( 1996): SpenSdk apk version = 3.0.238
D/Spen    ( 1996): Server UPDATE Check
V/BackupServiceBinder(  904): doBackup() invoked
W/linker  ( 1996): libSPenBase.so has text relocations. This is wasting memory and prevents security hardening. Please fix.
D/SPenError( 1996): JNI_OnLoad
D/JNI_Bitmap( 1996): Init .. Done
D/SPenSpiDecoder( 1996): JNI_OnLoad .. Done
D/SPenError( 1996): JNI_OnLoad Success
D/ResourcesManager(  904): creating new AssetManager and set to /data/app/com.vznavigator.Generic-2/base.apk
W/ResourceType( 1536): ResTable_typeSpec entry count inconsistent: given 1, previously 1635
D/PluginManager( 1996): Registering com/samsung/android/sdk/pen/plugin/framework/JniPluginManager natives
D/PluginManager( 1996): Registering com/samsung/android/sdk/pen/plugin/framework/SpenPluginManager$PluginListener natives
D/Init_SPenSdk_Jni( 1996): JNI_OnLoad
D/Init_SPenSdk_Jni( 1996): AndroidSDK: 21
D/Init_SPenSdk_Jni( 1996): JNI_OnLoad .. Done
D/Model_ObjectBase_Jni( 1996): JNI_OnLoad .. Done
D/Model_ObjectStroke_Jni( 1996): JNI_OnLoad .. Done
D/Model_ObjectImage_Jni( 1996): JNI_OnLoad .. Done
D/Model_ObjectText_Jni( 1996): JNI_OnLoad .. Done
D/Model_ObjectContainer_Jni( 1996): JNI_OnLoad .. Done
I/GmsBackupTransport( 2016): K/V backup for @pm@ aborted by rate limiter. next=1447589113461, current=1447544531447
D/Model_PageDoc_Jni( 1996): JNI_OnLoad .. Done
D/Model_NoteDoc_Jni( 1996): check build type eng[0]
D/Model_NoteDoc_Jni( 1996): JNI_OnLoad .. Done
D/Model_NoteFile_Jni( 1996): JNI_OnLoad .. Done
D/Model_ObjectUtil_Jni( 1996): JNI_OnLoad .. Done
D/Model   ( 1996): OnLoad class Done
D/ResourcesManager(  904): creating new AssetManager and set to /data/app/com.google.android.play.games-1/base.apk
D/spe_log ( 1996): SPen::GLRenderThreadImpl::GLRenderThreadImpl() Initialize: 0
D/SPen_Library( 1996): Draw Engine JNI_OnLoad enter!!
D/SPen_Library( 1996): Canvas JNI_OnLoad enter!!
D/SPen_Library( 1996): Canvas JNI_OnLoad Success
D/SPen_Library( 1996): TextView JNI_OnLoad enter!!
D/SPen_Library( 1996): TextView JNI_OnLoad Success
D/SPen_Library( 1996): Text JNI_OnLoad enter!!
D/SPen_Library( 1996): Text JNI_OnLoad Success
D/SPen_Library( 1996): FontManager JNI_OnLoad enter!!
D/SPen_Library( 1996): FontManager JNI_OnLoad Success
D/SPen_Library( 1996): CapturePage JNI_OnLoad enter!!
D/SPen_Library( 1996): CapturePage JNI_OnLoad Success
D/SPen_Library( 1996): Multi JNI_OnLoad enter!!
D/SPen_Library( 1996): Multi JNI_OnLoad Success
D/SPen_Library( 1996): Draw Engine JNI_OnLoad Success
D/ResourcesManager(  904): creating new AssetManager and set to /data/app/com.netflix.mediaclient-2/base.apk
D/SPen_Library( 1996): Brush JNI_OnLoad enter!!
D/SPen_Library( 1996): Brush JNI_OnLoad Success
D/SPen_Library( 1996): ChineseBrush JNI_OnLoad enter!!
D/SPen_Library( 1996): ChineseBrush JNI_OnLoad Success
D/ResourcesManager(  904): creating new AssetManager and set to /data/app/com.google.android.apps.chromecast.app-2/base.apk
D/SPen_Library( 1996): InkPen JNI_OnLoad enter!!
D/SPen_Library( 1996): InkPen JNI_OnLoad Success
D/SPen_Library( 1996): Marker JNI_OnLoad enter!!
D/SPen_Library( 1996): Marker JNI_OnLoad Success
D/SPen_Library( 1996): Pencil JNI_OnLoad enter!!
D/SPen_Library( 1996): Pencil JNI_OnLoad Success
D/SPen_Library( 1996): NativePen JNI_OnLoad enter!!
D/SPen_Library( 1996): NativePen JNI_OnLoad Success
D/ResourcesManager(31009): creating new AssetManager and set to /data/app/com.google.android.gms-1/base.apk
D/SPen_Library( 1996): MontblancFountainPen JNI_OnLoad enter!!
D/SPen_Library( 1996): MontblancFountainPen JNI_OnLoad Success
D/SPen_Library( 1996): MontblancCalligraphyPen JNI_OnLoad enter!!
I/GmsBackupTransport( 2016): Next backup will happen in 44581875 millis.
D/SPen_Library( 1996): MontblancCalligraphyPen JNI_OnLoad Success
D/SPen_Library( 1996): MagicPen JNI_OnLoad enter!!
D/SPen_Library( 1996): MagicPen JNI_OnLoad Success
D/ResourcesManager(  904): creating new AssetManager and set to /data/app/com.google.android.googlequicksearchbox-1/base.apk
D/SPen_Library( 1996): ObliquePen JNI_OnLoad enter!!
D/SPen_Library( 1996): ObliquePen JNI_OnLoad Success
D/SPen_Library( 1996): FountainPen JNI_OnLoad enter!!
D/SPen_Library( 1996): FountainPen JNI_OnLoad Success
D/Spen    ( 1996): SpenSdk Libraries are loaded.
D/Init_SPenSdk_Jni( 1996): SPenSdk_init2
D/Init_SPenSdk( 1996): Init - screen_width = 1080, screen_height = 1920, maxCacheSize = 5 M
D/Init_SPenSdk( 1996): Total S Pen SDK Directory Size = 0
D/Spen    ( 1996): initialize complete
D/ResourcesManager(  904): creating new AssetManager and set to /system/priv-app/SamsungMusic_20/SamsungMusic_20.apk
W/Resources(  904): Converting to string: TypedValue{t=0x12/d=0xffffffff a=-1}
W/Resources(  904): Converting to string: TypedValue{t=0x12/d=0xffffffff a=-1}
W/Resources(  904): Converting to string: TypedValue{t=0x12/d=0x0 a=-1}
W/Resources(  904): Converting to string: TypedValue{t=0x12/d=0xffffffff a=-1}
D/ResourcesManager(  904): creating new AssetManager and set to /system/priv-app/SecVideoPlayer/SecVideoPlayer.apk
W/Resources(  904): Converting to string: TypedValue{t=0x12/d=0xffffffff a=-1}
W/Resources(  904): Converting to string: TypedValue{t=0x12/d=0x0 a=-1}
D/ResourcesManager(  904): creating new AssetManager and set to /system/priv-app/SecMyFiles2014/SecMyFiles2014.apk
W/Resources(  904): Converting to string: TypedValue{t=0x12/d=0xffffffff a=-1}
D/ResourcesManager(  904): creating new AssetManager and set to /system/priv-app/VoiceNote/VoiceNote.apk
W/Resources(  904): Converting to string: TypedValue{t=0x12/d=0xffffffff a=-1}
W/Resources(  904): Converting to string: TypedValue{t=0x12/d=0x0 a=-1}
I/GCoreNlp( 2016): shouldConfirmNlp, NLP off. Ensuring opt-in disabled
D/NearbySource( 1996): Nearby Source Create!
D/NearbyContext( 1996): Nearby Context Create!
V/GmsNetworkLocationProvi( 2016): DISABLE
D/StatusBar.NetworkController( 1191): refreshSignalCluster - setNWBoosterIndicators(false)
D/EPDG -- [SMARTWIFI](  904): Wifi RSSI intent received -- newRssi : -65intent Intent { act=android.net.wifi.RSSI_CHANGED flg=0x4000010 (has extras) }
D/EPDG -- [SMARTWIFI](  904): Rssi : -65 highrange : -71 lowrange : -78
V/EPDG -- [SMARTWIFI](  904): wifi oldest entry removed
V/EPDG -- [SMARTWIFI](  904): wifi entry added
D/StatusBar.NetworkController( 1191): applyVZW
V/EPDG -- [SMARTWIFI](  904): New entry : (3 : 0 )
D/EPDG -- [SMARTWIFI](  904): No need to run ping : (lastStrength4 : mWeakWifiLevel2 : currentStrength)3
D/LocationProviderProxy(  904): applying state to connected service
D/StatusBar.NetworkController( 1191): applyVZW : mDataTypeDisabledIconIdcom.android.systemui:drawable/stat_sys_data_connected_disabled_4g_lte
D/StatusBar.NetworkController( 1191): refreshSignalCluster - setNWBoosterIndicators(false)
D/StatusBar.NetworkController( 1191): applyVZW
D/StatusBar.NetworkController( 1191): applyVZW : mDataTypeDisabledIconIdcom.android.systemui:drawable/stat_sys_data_connected_disabled_4g_lte
D/StatusBar.NetworkController( 1191): refreshSignalCluster - setNWBoosterIndicators(false)
D/StatusBar.NetworkController( 1191): applyVZW
D/LocationProviderProxy(  904): applying state to connected service
D/StatusBar.NetworkController( 1191): applyVZW : mDataTypeDisabledIconIdcom.android.systemui:drawable/stat_sys_data_connected_disabled_4g_lte
D/StatusBar.NetworkController( 1191): refreshSignalCluster - setNWBoosterIndicators(false)
D/StatusBar.NetworkController( 1191): applyVZW
D/StatusBar.NetworkController( 1191): applyVZW : mDataTypeDisabledIconIdcom.android.systemui:drawable/stat_sys_data_connected_disabled_4g_lte
W/ContextImpl( 1996): Failed to ensure directory: /storage/extSdCard/Android/data/com.sec.android.gallery3d/cache
D/SLinkSource( 1996): Samsung link source created
D/ContactProvider( 1996): getAllContactInfoList Start
E/Zygote  ( 2058): MountEmulatedStorage()
E/Zygote  ( 2058): v2
I/person  ( 1996): thread: 12058, name = 
I/person  ( 1996): thread: 12058, id = 
I/person  ( 1996): thread: 12058, key = 
E/SMD     (  297): DCD ON
I/SELinux ( 2058): Function: selinux_compare_spd_ram, SPD-policy is existed. and_ver=SEPF_SM-G900V_5.0 ver=27
I/SELinux ( 2058): Function: selinux_compare_spd_ram , priority [1] , priority version is VE=SEPF_SM-G900V_5.0_0027
D/ContactProvider( 1996): getAllContactInfoList End
I/syncContacts( 1996): thread: 12058, sync time = 115
E/SELinux ( 2058): [DEBUG] get_category: variable seinfo: platform sensitivity: NULL, cateogry: NULL
D/TimaKeyStoreProvider( 2058): TimaSignature is unavailable
D/ActivityThread( 2058): Added TimaKeyStore provider
W/cr.BindingManager(32689): Cannot call determinedVisibility() - never saw a connection for the pid: 32689
D/ResourcesManager( 2058): creating new AssetManager and set to /system/app/AllshareFileShareServer/AllshareFileShareServer.apk
D/FileShare-Server( 2058): ServerBroadcastReceiver.onReceive - action android.intent.action.PACKAGE_CHANGED // package:com.google.android.gms
E/Zygote  ( 2082): MountEmulatedStorage()
E/Zygote  ( 2082): v2
I/SELinux ( 2082): Function: selinux_compare_spd_ram, SPD-policy is existed. and_ver=SEPF_SM-G900V_5.0 ver=27
I/SELinux ( 2082): Function: selinux_compare_spd_ram , priority [1] , priority version is VE=SEPF_SM-G900V_5.0_0027
E/SELinux ( 2082): [DEBUG] get_category: variable seinfo: platform sensitivity: NULL, cateogry: NULL
D/TimaKeyStoreProvider( 2082): TimaSignature is unavailable
D/ActivityThread( 2082): Added TimaKeyStore provider
D/ResourcesManager( 2082): creating new AssetManager and set to /system/app/Bridge/Bridge.apk
E/Zygote  ( 2112): MountEmulatedStorage()
E/Zygote  ( 2112): v2
D/EPDG -- [NETMGMT](  904): Interface wlan0 limitName globalAlert
I/SELinux ( 2112): Function: selinux_compare_spd_ram, SPD-policy is existed. and_ver=SEPF_SM-G900V_5.0 ver=27
I/SELinux ( 2112): Function: selinux_compare_spd_ram , priority [1] , priority version is VE=SEPF_SM-G900V_5.0_0027
E/SELinux ( 2112): [DEBUG] get_category: variable seinfo: platform sensitivity: NULL, cateogry: NULL
D/NtpTrustedTime(  904): currentTimeMillis() cache hit
D/StatusBar.NetworkController( 1191): refreshSignalCluster - setNWBoosterIndicators(false)
D/StatusBar.NetworkController( 1191): applyVZW
D/StatusBar.NetworkController( 1191): applyVZW : mDataTypeDisabledIconIdcom.android.systemui:drawable/stat_sys_data_connected_disabled_4g_lte
D/StatusBar.NetworkController( 1191): refreshSignalCluster - setNWBoosterIndicators(false)
D/StatusBar.NetworkController( 1191): applyVZW
D/StatusBar.NetworkController( 1191): applyVZW : mDataTypeDisabledIconIdcom.android.systemui:drawable/stat_sys_data_connected_disabled_4g_lte
D/NetworkStatsFactory(  904): UpdateStatsForKnox
D/StatusBar.NetworkController( 1191): refreshSignalCluster - setNWBoosterIndicators(false)
D/StatusBar.NetworkController( 1191): applyVZW
D/StatusBar.NetworkController( 1191): applyVZW : mDataTypeDisabledIconIdcom.android.systemui:drawable/stat_sys_data_connected_disabled_4g_lte
D/StatusBar.NetworkController( 1191): refreshSignalCluster - setNWBoosterIndicators(false)
D/StatusBar.NetworkController( 1191): applyVZW
D/StatusBar.NetworkController( 1191): applyVZW : mDataTypeDisabledIconIdcom.android.systemui:drawable/stat_sys_data_connected_disabled_4g_lte
D/TimaKeyStoreProvider( 2112): TimaSignature is unavailable
D/ActivityThread( 2112): Added TimaKeyStore provider
D/ResourcesManager( 2112): creating new AssetManager and set to /system/app/KnoxSetupWizardClient/KnoxSetupWizardClient.apk
D/NtpTrustedTime(  904): currentTimeMillis() cache hit
D/NtpTrustedTime(  904): currentTimeMillis() cache hit
D/NtpTrustedTime(  904): currentTimeMillis() cache hit
D/NtpTrustedTime(  904): currentTimeMillis() cache hit
D/ShortcutReceiver( 2112):  ShortcutReceiver onReceive() intent: android.intent.action.PACKAGE_CHANGED
D/StatusBar.NetworkController( 1191): onSignalStrengthsChanged signalStrength=SignalStrength: 99 99 -91 -60 -120 -1 -1 18 -102 -8 168 -1 2147483647 0x3030 gsm|lte level=3
V/EPDG -- [SMARTWIFI](  904): cdma oldest entry removed
V/EPDG -- [SMARTWIFI](  904): cdma entry added
V/EPDG -- [SMARTWIFI](  904): New entry : (SignalStrength: 99 99 -91 -60 -120 -1 -1 18 -102 -8 168 -1 2147483647 0x3030 gsm|lte : 0 )
D/EPDG -- [SMARTWIFI](  904): No need to run ping : (lastStrength3 : currentStrength)3
D/PackageBroadcastService( 4063): Received broadcast action=android.intent.action.PACKAGE_CHANGED and uri=com.google.android.gms
I/PackageBroadcastService( 4063): Null package name or gms related package.  Ignoreing.
I/Icing   ( 4063): updateResources: need to parse f{com.google.android.gms}
D/EPDG -- [NETMGMT](  904): Interface wlan0 limitName globalAlert
I/UpdateIcingCorporaServi( 1632): Updating corpora: APPS=com.google.android.gms, CONTACTS=MAYBE
D/NtpTrustedTime(  904): currentTimeMillis() cache hit
D/NetworkStatsFactory(  904): UpdateStatsForKnox
D/NtpTrustedTime(  904): currentTimeMillis() cache hit
D/NtpTrustedTime(  904): currentTimeMillis() cache hit
D/NtpTrustedTime(  904): currentTimeMillis() cache hit
D/NtpTrustedTime(  904): currentTimeMillis() cache hit
D/ResourcesManager( 1632): creating new AssetManager and set to /data/app/com.google.android.gms-1/base.apk
I/UpdateIcingCorporaServi( 1632): UpdateCorporaTask done [took 111 ms] updated apps [took 110 ms] 
D/KeyguardUpdateMonitor( 1191): received broadcast android.intent.action.BATTERY_CHANGED
D/KeyguardUpdateMonitor( 1191): handleBatteryUpdate
D/BatteryMonitor( 1597): new battery level: 57
D/MusicService( 9942): mSystemReceiver - batteryLevel: 57 batteryStatus: 2
D/TelephonyExtension( 1528): Not stopping low battery tone
D/Finsky  (  644): [11985] AppStatesReplicator.handleContentSyncResponse: Completed 0 account content syncs with 0 successful.
D/Finsky  (  644): [1] 5.onFinished: Installation state replication succeeded.
D/StatusBar.NetworkController( 1191): onSignalStrengthsChanged signalStrength=SignalStrength: 99 99 -91 -60 -120 -1 -1 19 -102 -7 168 -1 2147483647 0x3030 gsm|lte level=3
V/EPDG -- [SMARTWIFI](  904): cdma oldest entry removed
V/EPDG -- [SMARTWIFI](  904): cdma entry added
V/EPDG -- [SMARTWIFI](  904): New entry : (SignalStrength: 99 99 -91 -60 -120 -1 -1 19 -102 -7 168 -1 2147483647 0x3030 gsm|lte : 0 )
D/EPDG -- [SMARTWIFI](  904): No need to run ping : (lastStrength3 : currentStrength)3
E/SMD     (  297): DCD ON
W/cr.BindingManager(32689): Cannot call determinedVisibility() - never saw a connection for the pid: 32689
D/StatusBar.NetworkController( 1191): refreshSignalCluster - setNWBoosterIndicators(false)
D/StatusBar.NetworkController( 1191): applyVZW
D/StatusBar.NetworkController( 1191): applyVZW : mDataTypeDisabledIconIdcom.android.systemui:drawable/stat_sys_data_connected_disabled_4g_lte
D/StatusBar.NetworkController( 1191): refreshSignalCluster - setNWBoosterIndicators(false)
D/StatusBar.NetworkController( 1191): applyVZW
D/StatusBar.NetworkController( 1191): applyVZW : mDataTypeDisabledIconIdcom.android.systemui:drawable/stat_sys_data_connected_disabled_4g_lte
D/StatusBar.NetworkController( 1191): refreshSignalCluster - setNWBoosterIndicators(false)
D/StatusBar.NetworkController( 1191): applyVZW
D/StatusBar.NetworkController( 1191): applyVZW : mDataTypeDisabledIconIdcom.android.systemui:drawable/stat_sys_data_connected_disabled_4g_lte
D/StatusBar.NetworkController( 1191): refreshSignalCluster - setNWBoosterIndicators(false)
D/StatusBar.NetworkController( 1191): applyVZW
D/StatusBar.NetworkController( 1191): applyVZW : mDataTypeDisabledIconIdcom.android.systemui:drawable/stat_sys_data_connected_disabled_4g_lte
E/SMD     (  297): DCD ON
D/StatusBar.NetworkController( 1191): refreshSignalCluster - setNWBoosterIndicators(false)
D/StatusBar.NetworkController( 1191): applyVZW
D/StatusBar.NetworkController( 1191): applyVZW : mDataTypeDisabledIconIdcom.android.systemui:drawable/stat_sys_data_connected_disabled_4g_lte
D/StatusBar.NetworkController( 1191): refreshSignalCluster - setNWBoosterIndicators(false)
D/StatusBar.NetworkController( 1191): applyVZW
D/StatusBar.NetworkController( 1191): applyVZW : mDataTypeDisabledIconIdcom.android.systemui:drawable/stat_sys_data_connected_disabled_4g_lte
D/StatusBar.NetworkController( 1191): refreshSignalCluster - setNWBoosterIndicators(false)
D/StatusBar.NetworkController( 1191): applyVZW
D/StatusBar.NetworkController( 1191): applyVZW : mDataTypeDisabledIconIdcom.android.systemui:drawable/stat_sys_data_connected_disabled_4g_lte
D/StatusBar.NetworkController( 1191): refreshSignalCluster - setNWBoosterIndicators(false)
D/StatusBar.NetworkController( 1191): applyVZW
D/StatusBar.NetworkController( 1191): applyVZW : mDataTypeDisabledIconIdcom.android.systemui:drawable/stat_sys_data_connected_disabled_4g_lte
D/StatusBar.NetworkController( 1191): refreshSignalCluster - setNWBoosterIndicators(false)
D/StatusBar.NetworkController( 1191): applyVZW
D/StatusBar.NetworkController( 1191): applyVZW : mDataTypeDisabledIconIdcom.android.systemui:drawable/stat_sys_data_connected_disabled_4g_lte
D/StatusBar.NetworkController( 1191): refreshSignalCluster - setNWBoosterIndicators(false)
D/StatusBar.NetworkController( 1191): applyVZW
D/StatusBar.NetworkController( 1191): applyVZW : mDataTypeDisabledIconIdcom.android.systemui:drawable/stat_sys_data_connected_disabled_4g_lte
D/StatusBar.NetworkController( 1191): refreshSignalCluster - setNWBoosterIndicators(false)
D/StatusBar.NetworkController( 1191): applyVZW
D/StatusBar.NetworkController( 1191): applyVZW : mDataTypeDisabledIconIdcom.android.systemui:drawable/stat_sys_data_connected_disabled_4g_lte
D/StatusBar.NetworkController( 1191): refreshSignalCluster - setNWBoosterIndicators(false)
D/StatusBar.NetworkController( 1191): applyVZW
D/StatusBar.NetworkController( 1191): applyVZW : mDataTypeDisabledIconIdcom.android.systemui:drawable/stat_sys_data_connected_disabled_4g_lte
D/StatusBar.NetworkController( 1191): refreshSignalCluster - setNWBoosterIndicators(false)
D/StatusBar.NetworkController( 1191): applyVZW
D/EPDG -- [SMARTWIFI](  904): Wifi RSSI intent received -- newRssi : -57intent Intent { act=android.net.wifi.RSSI_CHANGED flg=0x4000010 (has extras) }
D/EPDG -- [SMARTWIFI](  904): Rssi : -57 highrange : -71 lowrange : -78
V/EPDG -- [SMARTWIFI](  904): wifi oldest entry removed
V/EPDG -- [SMARTWIFI](  904): wifi entry added
V/EPDG -- [SMARTWIFI](  904): New entry : (4 : 0 )
D/StatusBar.NetworkController( 1191): applyVZW : mDataTypeDisabledIconIdcom.android.systemui:drawable/stat_sys_data_connected_disabled_4g_lte
D/EPDG -- [SMARTWIFI](  904): No need to run ping : (lastStrength3 : mWeakWifiLevel2 : currentStrength)4
D/StatusBar.NetworkController( 1191): refreshSignalCluster - setNWBoosterIndicators(false)
D/StatusBar.NetworkController( 1191): applyVZW
D/StatusBar.NetworkController( 1191): applyVZW : mDataTypeDisabledIconIdcom.android.systemui:drawable/stat_sys_data_connected_disabled_4g_lte
D/StatusBar.NetworkController( 1191): refreshSignalCluster - setNWBoosterIndicators(false)
D/StatusBar.NetworkController( 1191): applyVZW
D/StatusBar.NetworkController( 1191): applyVZW : mDataTypeDisabledIconIdcom.android.systemui:drawable/stat_sys_data_connected_disabled_4g_lte
D/StatusBar.NetworkController( 1191): refreshSignalCluster - setNWBoosterIndicators(false)
D/StatusBar.NetworkController( 1191): applyVZW
D/StatusBar.NetworkController( 1191): applyVZW : mDataTypeDisabledIconIdcom.android.systemui:drawable/stat_sys_data_connected_disabled_4g_lte
E/SMD     (  297): DCD ON
D/StatusBar.NetworkController( 1191): onSignalStrengthsChanged signalStrength=SignalStrength: 99 99 -91 -60 -120 -1 -1 22 -100 -8 168 -1 2147483647 0x3030 gsm|lte level=3
V/EPDG -- [SMARTWIFI](  904): cdma oldest entry removed
V/EPDG -- [SMARTWIFI](  904): cdma entry added
V/EPDG -- [SMARTWIFI](  904): New entry : (SignalStrength: 99 99 -91 -60 -120 -1 -1 22 -100 -8 168 -1 2147483647 0x3030 gsm|lte : 0 )
D/EPDG -- [SMARTWIFI](  904): No need to run ping : (lastStrength3 : currentStrength)3
W/art     ( 4063): Suspending all threads took: 16.170ms
D/StatusBar.NetworkController( 1191): onSignalStrengthsChanged signalStrength=SignalStrength: 99 99 -91 -60 -120 -1 -1 22 -100 -8 168 -1 2147483647 0x3030 gsm|lte level=3
V/EPDG -- [SMARTWIFI](  904): cdma oldest entry removed
V/EPDG -- [SMARTWIFI](  904): cdma entry added
V/EPDG -- [SMARTWIFI](  904): New entry : (SignalStrength: 99 99 -91 -60 -120 -1 -1 22 -100 -8 168 -1 2147483647 0x3030 gsm|lte : 0 )
D/EPDG -- [SMARTWIFI](  904): No need to run ping : (lastStrength3 : currentStrength)3
D/EPDG -- [MODEM](  904): message length is  9
D/EPDG -- [MODEM](  904): countRead is 7 offset is 7remaining is 0
D/EPDG -- EpdgIpcMessageFactory(  904): ipcMainCmd: 8
D/EPDG -- [UTILS](  904): isUSerBinary: true
D/EPDG -- [RILRECEIVER](  904): [Rx]: Main: IPC_NET_CMD Sub: IPC_NET_REGIST
D/EPDG -- [RILRECEIVER](  904): [Rx]: Param: FF 03 
