I/com.audible.framework.PluginHost(31773): Created plugin com.audible.mobile.channels.ChannelsPlugin
I/com.audible.framework.PluginHost(31773): Created plugin com.audible.application.aycejp.AyceJpPlugin
I/com.audible.framework.membership.MembershipManagerImpl(31773): Membership not fetched yet or cached date expired. Fetching Membership again. info expiry:null status expiry:null
W/com.audible.application.membership.CustomerStatusBackedProvider(31773): No listener registered! Won't make a request if no listener.
W/com.audible.application.membership.CustomerInformationBackedProvider(31773): No listener registered! Won't make a request if no listener.
W/com.audible.framework.todo.TodoQueueHandlerRegistrarImpl(31773): Trying to remove the TodoQueueHandler which was never registered
I/com.audible.application.update.dialog.DialogManager(31773): registerWhatsNewReceiver: versionCode:-1 currentVersion:8077
I/PRDPK   (31773): cleanupExpiredLicenses
D/PRDPK   (31773): store cleanup 0%, licenses:0
I/PRDPK   (31773): deinit
D/AbstractMetricsFactoryImpl(31773): Setting anonymous tag to false as the metric entry was recorded in non-anonymous queue.
I/com.audible.application/com.amazon.identity.auth.device.storage.LambortishClock(31773): Users clock moved. System time is 1447544468267 and timestamp is 1447544468258
D/AbstractMetricsFactoryImpl(31773): Setting anonymous tag to false as the metric entry was recorded in non-anonymous queue.
I/CheckinService( 4063): Checkin interval check for package: unspecified last checkin: 1447445273581 min interval config: 0 actual interval: 99194740
E/SMD     (  297): DCD ON
E/SQLiteLog(26394): (284) automatic index on view_events(_id)
D/CalendarAlarmManager(26394): sys current time:1447544469246
D/CalendarAlarmManager(26394): reminder amount:0
D/StatusBar.NetworkController( 1191): refreshSignalCluster - setNWBoosterIndicators(false)
D/StatusBar.NetworkController( 1191): applyVZW
D/StatusBar.NetworkController( 1191): applyVZW : mDataTypeDisabledIconIdcom.android.systemui:drawable/stat_sys_data_connected_disabled_4g_lte
D/StatusBar.NetworkController( 1191): refreshSignalCluster - setNWBoosterIndicators(false)
D/StatusBar.NetworkController( 1191): applyVZW
D/StatusBar.NetworkController( 1191): applyVZW : mDataTypeDisabledIconIdcom.android.systemui:drawable/stat_sys_data_connected_disabled_4g_lte
D/StatusBar.NetworkController( 1191): refreshSignalCluster - setNWBoosterIndicators(false)
D/StatusBar.NetworkController( 1191): applyVZW
D/StatusBar.NetworkController( 1191): applyVZW : mDataTypeDisabledIconIdcom.android.systemui:drawable/stat_sys_data_connected_disabled_4g_lte
D/StatusBar.NetworkController( 1191): refreshSignalCluster - setNWBoosterIndicators(false)
D/StatusBar.NetworkController( 1191): applyVZW
D/StatusBar.NetworkController( 1191): applyVZW : mDataTypeDisabledIconIdcom.android.systemui:drawable/stat_sys_data_connected_disabled_4g_lte
D/StatusBar.NetworkController( 1191): refreshSignalCluster - setNWBoosterIndicators(false)
D/StatusBar.NetworkController( 1191): applyVZW
D/StatusBar.NetworkController( 1191): applyVZW : mDataTypeDisabledIconIdcom.android.systemui:drawable/stat_sys_data_connected_disabled_4g_lte
D/StatusBar.NetworkController( 1191): refreshSignalCluster - setNWBoosterIndicators(false)
D/StatusBar.NetworkController( 1191): applyVZW
D/StatusBar.NetworkController( 1191): applyVZW : mDataTypeDisabledIconIdcom.android.systemui:drawable/stat_sys_data_connected_disabled_4g_lte
D/StatusBar.NetworkController( 1191): refreshSignalCluster - setNWBoosterIndicators(false)
D/StatusBar.NetworkController( 1191): applyVZW
D/StatusBar.NetworkController( 1191): applyVZW : mDataTypeDisabledIconIdcom.android.systemui:drawable/stat_sys_data_connected_disabled_4g_lte
D/StatusBar.NetworkController( 1191): refreshSignalCluster - setNWBoosterIndicators(false)
D/StatusBar.NetworkController( 1191): applyVZW
D/StatusBar.NetworkController( 1191): applyVZW : mDataTypeDisabledIconIdcom.android.systemui:drawable/stat_sys_data_connected_disabled_4g_lte
D/KeyguardUpdateMonitor( 1191): received broadcast android.intent.action.BATTERY_CHANGED
D/KeyguardUpdateMonitor( 1191): handleBatteryUpdate
D/BatteryMonitor( 1597): new battery level: 57
D/MusicService( 9942): mSystemReceiver - batteryLevel: 57 batteryStatus: 2
D/TelephonyExtension( 1528): Not stopping low battery tone
D/StatusBar.NetworkController( 1191): refreshSignalCluster - setNWBoosterIndicators(false)
D/StatusBar.NetworkController( 1191): applyVZW
D/StatusBar.NetworkController( 1191): applyVZW : mDataTypeDisabledIconIdcom.android.systemui:drawable/stat_sys_data_connected_disabled_4g_lte
D/StatusBar.NetworkController( 1191): refreshSignalCluster - setNWBoosterIndicators(false)
D/StatusBar.NetworkController( 1191): applyVZW
D/StatusBar.NetworkController( 1191): applyVZW : mDataTypeDisabledIconIdcom.android.systemui:drawable/stat_sys_data_connected_disabled_4g_lte
D/StatusBar.NetworkController( 1191): refreshSignalCluster - setNWBoosterIndicators(false)
D/StatusBar.NetworkController( 1191): applyVZW
D/StatusBar.NetworkController( 1191): applyVZW : mDataTypeDisabledIconIdcom.android.systemui:drawable/stat_sys_data_connected_disabled_4g_lte
D/StatusBar.NetworkController( 1191): refreshSignalCluster - setNWBoosterIndicators(false)
D/StatusBar.NetworkController( 1191): applyVZW
D/StatusBar.NetworkController( 1191): applyVZW : mDataTypeDisabledIconIdcom.android.systemui:drawable/stat_sys_data_connected_disabled_4g_lte
E/SMD     (  297): DCD ON
D/StatusBar.NetworkController( 1191): onSignalStrengthsChanged signalStrength=SignalStrength: 99 99 -92 -90 -120 -1 -1 19 -100 -7 190 -1 2147483647 0x3030 gsm|lte level=3
V/EPDG -- [SMARTWIFI](  904): cdma oldest entry removed
V/EPDG -- [SMARTWIFI](  904): cdma entry added
V/EPDG -- [SMARTWIFI](  904): New entry : (SignalStrength: 99 99 -92 -90 -120 -1 -1 19 -100 -7 190 -1 2147483647 0x3030 gsm|lte : 0 )
D/EPDG -- [SMARTWIFI](  904): No need to run ping : (lastStrength3 : currentStrength)3
D/StatusBar.NetworkController( 1191): refreshSignalCluster - setNWBoosterIndicators(false)
D/StatusBar.NetworkController( 1191): applyVZW
D/StatusBar.NetworkController( 1191): applyVZW : mDataTypeDisabledIconIdcom.android.systemui:drawable/stat_sys_data_connected_disabled_4g_lte
D/StatusBar.NetworkController( 1191): refreshSignalCluster - setNWBoosterIndicators(false)
D/StatusBar.NetworkController( 1191): applyVZW
D/StatusBar.NetworkController( 1191): applyVZW : mDataTypeDisabledIconIdcom.android.systemui:drawable/stat_sys_data_connected_disabled_4g_lte
D/StatusBar.NetworkController( 1191): refreshSignalCluster - setNWBoosterIndicators(false)
D/StatusBar.NetworkController( 1191): applyVZW
D/StatusBar.NetworkController( 1191): applyVZW : mDataTypeDisabledIconIdcom.android.systemui:drawable/stat_sys_data_connected_disabled_4g_lte
D/StatusBar.NetworkController( 1191): refreshSignalCluster - setNWBoosterIndicators(false)
D/StatusBar.NetworkController( 1191): applyVZW
D/StatusBar.NetworkController( 1191): applyVZW : mDataTypeDisabledIconIdcom.android.systemui:drawable/stat_sys_data_connected_disabled_4g_lte
E/SMD     (  297): DCD ON
D/StatusBar.NetworkController( 1191): refreshSignalCluster - setNWBoosterIndicators(false)
D/StatusBar.NetworkController( 1191): applyVZW
D/StatusBar.NetworkController( 1191): applyVZW : mDataTypeDisabledIconIdcom.android.systemui:drawable/stat_sys_data_connected_disabled_4g_lte
D/StatusBar.NetworkController( 1191): refreshSignalCluster - setNWBoosterIndicators(false)
D/StatusBar.NetworkController( 1191): applyVZW
D/StatusBar.NetworkController( 1191): applyVZW : mDataTypeDisabledIconIdcom.android.systemui:drawable/stat_sys_data_connected_disabled_4g_lte
D/StatusBar.NetworkController( 1191): refreshSignalCluster - setNWBoosterIndicators(false)
D/StatusBar.NetworkController( 1191): applyVZW
D/StatusBar.NetworkController( 1191): applyVZW : mDataTypeDisabledIconIdcom.android.systemui:drawable/stat_sys_data_connected_disabled_4g_lte
D/StatusBar.NetworkController( 1191): refreshSignalCluster - setNWBoosterIndicators(false)
D/StatusBar.NetworkController( 1191): applyVZW
D/StatusBar.NetworkController( 1191): applyVZW : mDataTypeDisabledIconIdcom.android.systemui:drawable/stat_sys_data_connected_disabled_4g_lte
D/StatusBar.NetworkController( 1191): refreshSignalCluster - setNWBoosterIndicators(false)
D/StatusBar.NetworkController( 1191): applyVZW
D/StatusBar.NetworkController( 1191): applyVZW : mDataTypeDisabledIconIdcom.android.systemui:drawable/stat_sys_data_connected_disabled_4g_lte
D/StatusBar.NetworkController( 1191): refreshSignalCluster - setNWBoosterIndicators(false)
D/StatusBar.NetworkController( 1191): applyVZW
D/StatusBar.NetworkController( 1191): applyVZW : mDataTypeDisabledIconIdcom.android.systemui:drawable/stat_sys_data_connected_disabled_4g_lte
D/StatusBar.NetworkController( 1191): refreshSignalCluster - setNWBoosterIndicators(false)
D/StatusBar.NetworkController( 1191): applyVZW
D/StatusBar.NetworkController( 1191): applyVZW : mDataTypeDisabledIconIdcom.android.systemui:drawable/stat_sys_data_connected_disabled_4g_lte
D/StatusBar.NetworkController( 1191): refreshSignalCluster - setNWBoosterIndicators(false)
D/StatusBar.NetworkController( 1191): applyVZW
D/StatusBar.NetworkController( 1191): applyVZW : mDataTypeDisabledIconIdcom.android.systemui:drawable/stat_sys_data_connected_disabled_4g_lte
D/StatusBar.NetworkController( 1191): onSignalStrengthsChanged signalStrength=SignalStrength: 99 99 -92 -90 -120 -1 -1 19 -100 -8 216 -1 2147483647 0x3030 gsm|lte level=3
V/EPDG -- [SMARTWIFI](  904): cdma oldest entry removed
V/EPDG -- [SMARTWIFI](  904): cdma entry added
V/EPDG -- [SMARTWIFI](  904): New entry : (SignalStrength: 99 99 -92 -90 -120 -1 -1 19 -100 -8 216 -1 2147483647 0x3030 gsm|lte : 0 )
D/EPDG -- [SMARTWIFI](  904): No need to run ping : (lastStrength3 : currentStrength)3
E/SMD     (  297): DCD ON
E/SMD     (  297): DCD ON
D/KeyguardUpdateMonitor( 1191): received broadcast android.intent.action.BATTERY_CHANGED
D/KeyguardUpdateMonitor( 1191): handleBatteryUpdate
D/BatteryMonitor( 1597): new battery level: 57
D/MusicService( 9942): mSystemReceiver - batteryLevel: 57 batteryStatus: 2
D/TelephonyExtension( 1528): Not stopping low battery tone
D/StatusBar.NetworkController( 1191): refreshSignalCluster - setNWBoosterIndicators(false)
D/StatusBar.NetworkController( 1191): applyVZW
D/StatusBar.NetworkController( 1191): applyVZW : mDataTypeDisabledIconIdcom.android.systemui:drawable/stat_sys_data_connected_disabled_4g_lte
D/StatusBar.NetworkController( 1191): refreshSignalCluster - setNWBoosterIndicators(false)
D/StatusBar.NetworkController( 1191): applyVZW
D/StatusBar.NetworkController( 1191): applyVZW : mDataTypeDisabledIconIdcom.android.systemui:drawable/stat_sys_data_connected_disabled_4g_lte
D/StatusBar.NetworkController( 1191): refreshSignalCluster - setNWBoosterIndicators(false)
D/StatusBar.NetworkController( 1191): applyVZW
D/StatusBar.NetworkController( 1191): applyVZW : mDataTypeDisabledIconIdcom.android.systemui:drawable/stat_sys_data_connected_disabled_4g_lte
D/StatusBar.NetworkController( 1191): refreshSignalCluster - setNWBoosterIndicators(false)
D/StatusBar.NetworkController( 1191): applyVZW
D/StatusBar.NetworkController( 1191): applyVZW : mDataTypeDisabledIconIdcom.android.systemui:drawable/stat_sys_data_connected_disabled_4g_lte
D/StatusBar.NetworkController( 1191): refreshSignalCluster - setNWBoosterIndicators(false)
D/StatusBar.NetworkController( 1191): applyVZW
D/StatusBar.NetworkController( 1191): applyVZW : mDataTypeDisabledIconIdcom.android.systemui:drawable/stat_sys_data_connected_disabled_4g_lte
D/StatusBar.NetworkController( 1191): refreshSignalCluster - setNWBoosterIndicators(false)
D/StatusBar.NetworkController( 1191): applyVZW
D/StatusBar.NetworkController( 1191): applyVZW : mDataTypeDisabledIconIdcom.android.systemui:drawable/stat_sys_data_connected_disabled_4g_lte
D/StatusBar.NetworkController( 1191): refreshSignalCluster - setNWBoosterIndicators(false)
D/StatusBar.NetworkController( 1191): applyVZW
D/StatusBar.NetworkController( 1191): applyVZW : mDataTypeDisabledIconIdcom.android.systemui:drawable/stat_sys_data_connected_disabled_4g_lte
D/StatusBar.NetworkController( 1191): refreshSignalCluster - setNWBoosterIndicators(false)
D/StatusBar.NetworkController( 1191): applyVZW
D/StatusBar.NetworkController( 1191): applyVZW : mDataTypeDisabledIconIdcom.android.systemui:drawable/stat_sys_data_connected_disabled_4g_lte
D/StatusBar.NetworkController( 1191): refreshSignalCluster - setNWBoosterIndicators(false)
D/StatusBar.NetworkController( 1191): applyVZW
D/StatusBar.NetworkController( 1191): applyVZW : mDataTypeDisabledIconIdcom.android.systemui:drawable/stat_sys_data_connected_disabled_4g_lte
D/StatusBar.NetworkController( 1191): refreshSignalCluster - setNWBoosterIndicators(false)
D/StatusBar.NetworkController( 1191): applyVZW
D/StatusBar.NetworkController( 1191): applyVZW : mDataTypeDisabledIconIdcom.android.systemui:drawable/stat_sys_data_connected_disabled_4g_lte
D/StatusBar.NetworkController( 1191): refreshSignalCluster - setNWBoosterIndicators(false)
D/StatusBar.NetworkController( 1191): applyVZW
D/StatusBar.NetworkController( 1191): applyVZW : mDataTypeDisabledIconIdcom.android.systemui:drawable/stat_sys_data_connected_disabled_4g_lte
D/StatusBar.NetworkController( 1191): refreshSignalCluster - setNWBoosterIndicators(false)
D/StatusBar.NetworkController( 1191): applyVZW
D/StatusBar.NetworkController( 1191): applyVZW : mDataTypeDisabledIconIdcom.android.systemui:drawable/stat_sys_data_connected_disabled_4g_lte
E/SMD     (  297): DCD ON
D/StatusBar.NetworkController( 1191): refreshSignalCluster - setNWBoosterIndicators(false)
D/StatusBar.NetworkController( 1191): applyVZW
D/StatusBar.NetworkController( 1191): applyVZW : mDataTypeDisabledIconIdcom.android.systemui:drawable/stat_sys_data_connected_disabled_4g_lte
D/StatusBar.NetworkController( 1191): refreshSignalCluster - setNWBoosterIndicators(false)
D/StatusBar.NetworkController( 1191): applyVZW
D/StatusBar.NetworkController( 1191): applyVZW : mDataTypeDisabledIconIdcom.android.systemui:drawable/stat_sys_data_connected_disabled_4g_lte
D/StatusBar.NetworkController( 1191): refreshSignalCluster - setNWBoosterIndicators(false)
D/StatusBar.NetworkController( 1191): applyVZW
D/StatusBar.NetworkController( 1191): applyVZW : mDataTypeDisabledIconIdcom.android.systemui:drawable/stat_sys_data_connected_disabled_4g_lte
D/StatusBar.NetworkController( 1191): refreshSignalCluster - setNWBoosterIndicators(false)
D/StatusBar.NetworkController( 1191): applyVZW
D/StatusBar.NetworkController( 1191): applyVZW : mDataTypeDisabledIconIdcom.android.systemui:drawable/stat_sys_data_connected_disabled_4g_lte
D/StatusBar.NetworkController( 1191): refreshSignalCluster - setNWBoosterIndicators(false)
D/StatusBar.NetworkController( 1191): applyVZW
D/StatusBar.NetworkController( 1191): applyVZW : mDataTypeDisabledIconIdcom.android.systemui:drawable/stat_sys_data_connected_disabled_4g_lte
D/StatusBar.NetworkController( 1191): refreshSignalCluster - setNWBoosterIndicators(false)
D/StatusBar.NetworkController( 1191): applyVZW
D/StatusBar.NetworkController( 1191): applyVZW : mDataTypeDisabledIconIdcom.android.systemui:drawable/stat_sys_data_connected_disabled_4g_lte
D/StatusBar.NetworkController( 1191): refreshSignalCluster - setNWBoosterIndicators(false)
D/StatusBar.NetworkController( 1191): applyVZW
D/StatusBar.NetworkController( 1191): applyVZW : mDataTypeDisabledIconIdcom.android.systemui:drawable/stat_sys_data_connected_disabled_4g_lte
D/StatusBar.NetworkController( 1191): refreshSignalCluster - setNWBoosterIndicators(false)
D/StatusBar.NetworkController( 1191): applyVZW
D/StatusBar.NetworkController( 1191): applyVZW : mDataTypeDisabledIconIdcom.android.systemui:drawable/stat_sys_data_connected_disabled_4g_lte
E/SMD     (  297): DCD ON
D/StatusBar.NetworkController( 1191): refreshSignalCluster - setNWBoosterIndicators(false)
D/StatusBar.NetworkController( 1191): applyVZW
D/StatusBar.NetworkController( 1191): applyVZW : mDataTypeDisabledIconIdcom.android.systemui:drawable/stat_sys_data_connected_disabled_4g_lte
D/StatusBar.NetworkController( 1191): refreshSignalCluster - setNWBoosterIndicators(false)
D/StatusBar.NetworkController( 1191): applyVZW
D/StatusBar.NetworkController( 1191): applyVZW : mDataTypeDisabledIconIdcom.android.systemui:drawable/stat_sys_data_connected_disabled_4g_lte
D/StatusBar.NetworkController( 1191): refreshSignalCluster - setNWBoosterIndicators(false)
D/StatusBar.NetworkController( 1191): applyVZW
D/StatusBar.NetworkController( 1191): applyVZW : mDataTypeDisabledIconIdcom.android.systemui:drawable/stat_sys_data_connected_disabled_4g_lte
D/StatusBar.NetworkController( 1191): refreshSignalCluster - setNWBoosterIndicators(false)
D/StatusBar.NetworkController( 1191): applyVZW
D/StatusBar.NetworkController( 1191): applyVZW : mDataTypeDisabledIconIdcom.android.systemui:drawable/stat_sys_data_connected_disabled_4g_lte
E/SMD     (  297): DCD ON
I/TLC_TIMA_PKM_measure_kernel(  904): TIMA: response_id = 3
I/TLC_TIMA_PKM_measure_kernel(  904): TIMA: response ret = 0, result_ondemand = MSG=Kernel Verification Success;
D/StatusBar.NetworkController( 1191): onSignalStrengthsChanged signalStrength=SignalStrength: 99 99 -92 -90 -120 -1 -1 19 -100 -8 206 -1 2147483647 0x3030 gsm|lte level=3
V/EPDG -- [SMARTWIFI](  904): cdma oldest entry removed
V/EPDG -- [SMARTWIFI](  904): cdma entry added
V/EPDG -- [SMARTWIFI](  904): New entry : (SignalStrength: 99 99 -92 -90 -120 -1 -1 19 -100 -8 206 -1 2147483647 0x3030 gsm|lte : 0 )
D/EPDG -- [SMARTWIFI](  904): No need to run ping : (lastStrength3 : currentStrength)3
D/KeyguardUpdateMonitor( 1191): received broadcast android.intent.action.BATTERY_CHANGED
D/KeyguardUpdateMonitor( 1191): handleBatteryUpdate
D/BatteryMonitor( 1597): new battery level: 57
D/MusicService( 9942): mSystemReceiver - batteryLevel: 57 batteryStatus: 2
D/TelephonyExtension( 1528): Not stopping low battery tone
E/SMD     (  297): DCD ON
D/StatusBar.NetworkController( 1191): refreshSignalCluster - setNWBoosterIndicators(false)
D/StatusBar.NetworkController( 1191): applyVZW
D/StatusBar.NetworkController( 1191): applyVZW : mDataTypeDisabledIconIdcom.android.systemui:drawable/stat_sys_data_connected_disabled_4g_lte
D/StatusBar.NetworkController( 1191): refreshSignalCluster - setNWBoosterIndicators(false)
D/StatusBar.NetworkController( 1191): applyVZW
D/StatusBar.NetworkController( 1191): applyVZW : mDataTypeDisabledIconIdcom.android.systemui:drawable/stat_sys_data_connected_disabled_4g_lte
D/StatusBar.NetworkController( 1191): refreshSignalCluster - setNWBoosterIndicators(false)
D/StatusBar.NetworkController( 1191): applyVZW
D/StatusBar.NetworkController( 1191): applyVZW : mDataTypeDisabledIconIdcom.android.systemui:drawable/stat_sys_data_connected_disabled_4g_lte
D/StatusBar.NetworkController( 1191): refreshSignalCluster - setNWBoosterIndicators(false)
D/StatusBar.NetworkController( 1191): applyVZW
D/StatusBar.NetworkController( 1191): applyVZW : mDataTypeDisabledIconIdcom.android.systemui:drawable/stat_sys_data_connected_disabled_4g_lte
E/SMD     (  297): DCD ON
D/StatusBar.NetworkController( 1191): refreshSignalCluster - setNWBoosterIndicators(false)
D/StatusBar.NetworkController( 1191): applyVZW
D/StatusBar.NetworkController( 1191): applyVZW : mDataTypeDisabledIconIdcom.android.systemui:drawable/stat_sys_data_connected_disabled_4g_lte
D/StatusBar.NetworkController( 1191): refreshSignalCluster - setNWBoosterIndicators(false)
D/StatusBar.NetworkController( 1191): applyVZW
D/StatusBar.NetworkController( 1191): applyVZW : mDataTypeDisabledIconIdcom.android.systemui:drawable/stat_sys_data_connected_disabled_4g_lte
D/StatusBar.NetworkController( 1191): refreshSignalCluster - setNWBoosterIndicators(false)
D/StatusBar.NetworkController( 1191): applyVZW
D/StatusBar.NetworkController( 1191): applyVZW : mDataTypeDisabledIconIdcom.android.systemui:drawable/stat_sys_data_connected_disabled_4g_lte
D/StatusBar.NetworkController( 1191): refreshSignalCluster - setNWBoosterIndicators(false)
D/StatusBar.NetworkController( 1191): applyVZW
D/StatusBar.NetworkController( 1191): applyVZW : mDataTypeDisabledIconIdcom.android.systemui:drawable/stat_sys_data_connected_disabled_4g_lte
D/StatusBar.NetworkController( 1191): refreshSignalCluster - setNWBoosterIndicators(false)
D/StatusBar.NetworkController( 1191): applyVZW
D/StatusBar.NetworkController( 1191): applyVZW : mDataTypeDisabledIconIdcom.android.systemui:drawable/stat_sys_data_connected_disabled_4g_lte
D/StatusBar.NetworkController( 1191): refreshSignalCluster - setNWBoosterIndicators(false)
D/StatusBar.NetworkController( 1191): applyVZW
D/StatusBar.NetworkController( 1191): applyVZW : mDataTypeDisabledIconIdcom.android.systemui:drawable/stat_sys_data_connected_disabled_4g_lte
D/StatusBar.NetworkController( 1191): refreshSignalCluster - setNWBoosterIndicators(false)
D/StatusBar.NetworkController( 1191): applyVZW
D/StatusBar.NetworkController( 1191): applyVZW : mDataTypeDisabledIconIdcom.android.systemui:drawable/stat_sys_data_connected_disabled_4g_lte
D/StatusBar.NetworkController( 1191): refreshSignalCluster - setNWBoosterIndicators(false)
D/StatusBar.NetworkController( 1191): applyVZW
D/StatusBar.NetworkController( 1191): applyVZW : mDataTypeDisabledIconIdcom.android.systemui:drawable/stat_sys_data_connected_disabled_4g_lte
E/SMD     (  297): DCD ON
D/StatusBar.NetworkController( 1191): refreshSignalCluster - setNWBoosterIndicators(false)
D/StatusBar.NetworkController( 1191): applyVZW
D/StatusBar.NetworkController( 1191): applyVZW : mDataTypeDisabledIconIdcom.android.systemui:drawable/stat_sys_data_connected_disabled_4g_lte
D/StatusBar.NetworkController( 1191): refreshSignalCluster - setNWBoosterIndicators(false)
D/StatusBar.NetworkController( 1191): applyVZW
D/StatusBar.NetworkController( 1191): applyVZW : mDataTypeDisabledIconIdcom.android.systemui:drawable/stat_sys_data_connected_disabled_4g_lte
D/StatusBar.NetworkController( 1191): refreshSignalCluster - setNWBoosterIndicators(false)
D/StatusBar.NetworkController( 1191): applyVZW
D/StatusBar.NetworkController( 1191): applyVZW : mDataTypeDisabledIconIdcom.android.systemui:drawable/stat_sys_data_connected_disabled_4g_lte
D/StatusBar.NetworkController( 1191): refreshSignalCluster - setNWBoosterIndicators(false)
D/StatusBar.NetworkController( 1191): applyVZW
D/StatusBar.NetworkController( 1191): applyVZW : mDataTypeDisabledIconIdcom.android.systemui:drawable/stat_sys_data_connected_disabled_4g_lte
D/StatusBar.NetworkController( 1191): refreshSignalCluster - setNWBoosterIndicators(false)
D/StatusBar.NetworkController( 1191): applyVZW
D/StatusBar.NetworkController( 1191): applyVZW : mDataTypeDisabledIconIdcom.android.systemui:drawable/stat_sys_data_connected_disabled_4g_lte
D/StatusBar.NetworkController( 1191): refreshSignalCluster - setNWBoosterIndicators(false)
D/StatusBar.NetworkController( 1191): applyVZW
D/StatusBar.NetworkController( 1191): applyVZW : mDataTypeDisabledIconIdcom.android.systemui:drawable/stat_sys_data_connected_disabled_4g_lte
D/StatusBar.NetworkController( 1191): refreshSignalCluster - setNWBoosterIndicators(false)
D/StatusBar.NetworkController( 1191): applyVZW
D/StatusBar.NetworkController( 1191): applyVZW : mDataTypeDisabledIconIdcom.android.systemui:drawable/stat_sys_data_connected_disabled_4g_lte
D/StatusBar.NetworkController( 1191): refreshSignalCluster - setNWBoosterIndicators(false)
D/StatusBar.NetworkController( 1191): applyVZW
D/StatusBar.NetworkController( 1191): applyVZW : mDataTypeDisabledIconIdcom.android.systemui:drawable/stat_sys_data_connected_disabled_4g_lte
D/KeyguardUpdateMonitor( 1191): received broadcast android.intent.action.BATTERY_CHANGED
D/KeyguardUpdateMonitor( 1191): handleBatteryUpdate
D/BatteryMonitor( 1597): new battery level: 57
D/MusicService( 9942): mSystemReceiver - batteryLevel: 57 batteryStatus: 2
D/TelephonyExtension( 1528): Not stopping low battery tone
E/SMD     (  297): DCD ON
D/StatusBar.NetworkController( 1191): refreshSignalCluster - setNWBoosterIndicators(false)
D/StatusBar.NetworkController( 1191): applyVZW
D/StatusBar.NetworkController( 1191): applyVZW : mDataTypeDisabledIconIdcom.android.systemui:drawable/stat_sys_data_connected_disabled_4g_lte
D/StatusBar.NetworkController( 1191): refreshSignalCluster - setNWBoosterIndicators(false)
D/StatusBar.NetworkController( 1191): applyVZW
D/StatusBar.NetworkController( 1191): applyVZW : mDataTypeDisabledIconIdcom.android.systemui:drawable/stat_sys_data_connected_disabled_4g_lte
D/StatusBar.NetworkController( 1191): refreshSignalCluster - setNWBoosterIndicators(false)
D/StatusBar.NetworkController( 1191): applyVZW
D/StatusBar.NetworkController( 1191): applyVZW : mDataTypeDisabledIconIdcom.android.systemui:drawable/stat_sys_data_connected_disabled_4g_lte
D/StatusBar.NetworkController( 1191): refreshSignalCluster - setNWBoosterIndicators(false)
D/StatusBar.NetworkController( 1191): applyVZW
D/StatusBar.NetworkController( 1191): applyVZW : mDataTypeDisabledIconIdcom.android.systemui:drawable/stat_sys_data_connected_disabled_4g_lte
D/StatusBar.NetworkController( 1191): refreshSignalCluster - setNWBoosterIndicators(false)
D/StatusBar.NetworkController( 1191): applyVZW
D/StatusBar.NetworkController( 1191): applyVZW : mDataTypeDisabledIconIdcom.android.systemui:drawable/stat_sys_data_connected_disabled_4g_lte
D/StatusBar.NetworkController( 1191): refreshSignalCluster - setNWBoosterIndicators(false)
D/StatusBar.NetworkController( 1191): applyVZW
D/StatusBar.NetworkController( 1191): applyVZW : mDataTypeDisabledIconIdcom.android.systemui:drawable/stat_sys_data_connected_disabled_4g_lte
D/StatusBar.NetworkController( 1191): refreshSignalCluster - setNWBoosterIndicators(false)
D/StatusBar.NetworkController( 1191): applyVZW
D/StatusBar.NetworkController( 1191): applyVZW : mDataTypeDisabledIconIdcom.android.systemui:drawable/stat_sys_data_connected_disabled_4g_lte
D/StatusBar.NetworkController( 1191): refreshSignalCluster - setNWBoosterIndicators(false)
D/StatusBar.NetworkController( 1191): applyVZW
D/StatusBar.NetworkController( 1191): applyVZW : mDataTypeDisabledIconIdcom.android.systemui:drawable/stat_sys_data_connected_disabled_4g_lte
I/art     (25713): Debugger is no longer active
D/StatusBar.NetworkController( 1191): refreshSignalCluster - setNWBoosterIndicators(false)
D/StatusBar.NetworkController( 1191): applyVZW
D/StatusBar.NetworkController( 1191): applyVZW : mDataTypeDisabledIconIdcom.android.systemui:drawable/stat_sys_data_connected_disabled_4g_lte
D/StatusBar.NetworkController( 1191): refreshSignalCluster - setNWBoosterIndicators(false)
D/StatusBar.NetworkController( 1191): applyVZW
D/StatusBar.NetworkController( 1191): applyVZW : mDataTypeDisabledIconIdcom.android.systemui:drawable/stat_sys_data_connected_disabled_4g_lte
D/StatusBar.NetworkController( 1191): refreshSignalCluster - setNWBoosterIndicators(false)
D/StatusBar.NetworkController( 1191): applyVZW
D/StatusBar.NetworkController( 1191): applyVZW : mDataTypeDisabledIconIdcom.android.systemui:drawable/stat_sys_data_connected_disabled_4g_lte
D/StatusBar.NetworkController( 1191): refreshSignalCluster - setNWBoosterIndicators(false)
D/StatusBar.NetworkController( 1191): applyVZW
D/StatusBar.NetworkController( 1191): applyVZW : mDataTypeDisabledIconIdcom.android.systemui:drawable/stat_sys_data_connected_disabled_4g_lte
D/StatusBar.NetworkController( 1191): onSignalStrengthsChanged signalStrength=SignalStrength: 99 99 -92 -90 -120 -1 -1 20 -100 -7 206 -1 2147483647 0x3030 gsm|lte level=3
V/EPDG -- [SMARTWIFI](  904): cdma oldest entry removed
V/EPDG -- [SMARTWIFI](  904): cdma entry added
V/EPDG -- [SMARTWIFI](  904): New entry : (SignalStrength: 99 99 -92 -90 -120 -1 -1 20 -100 -7 206 -1 2147483647 0x3030 gsm|lte : 0 )
D/EPDG -- [SMARTWIFI](  904): No need to run ping : (lastStrength3 : currentStrength)3
E/SMD     (  297): DCD ON
D/StatusBar.NetworkController( 1191): refreshSignalCluster - setNWBoosterIndicators(false)
D/StatusBar.NetworkController( 1191): applyVZW
D/StatusBar.NetworkController( 1191): applyVZW : mDataTypeDisabledIconIdcom.android.systemui:drawable/stat_sys_data_connected_disabled_4g_lte
D/StatusBar.NetworkController( 1191): refreshSignalCluster - setNWBoosterIndicators(false)
D/StatusBar.NetworkController( 1191): applyVZW
D/StatusBar.NetworkController( 1191): applyVZW : mDataTypeDisabledIconIdcom.android.systemui:drawable/stat_sys_data_connected_disabled_4g_lte
D/StatusBar.NetworkController( 1191): refreshSignalCluster - setNWBoosterIndicators(false)
D/StatusBar.NetworkController( 1191): applyVZW
D/StatusBar.NetworkController( 1191): applyVZW : mDataTypeDisabledIconIdcom.android.systemui:drawable/stat_sys_data_connected_disabled_4g_lte
D/StatusBar.NetworkController( 1191): refreshSignalCluster - setNWBoosterIndicators(false)
D/StatusBar.NetworkController( 1191): applyVZW
D/StatusBar.NetworkController( 1191): applyVZW : mDataTypeDisabledIconIdcom.android.systemui:drawable/stat_sys_data_connected_disabled_4g_lte
D/AndroidRuntime(32427): 
D/AndroidRuntime(32427): >>>>>> AndroidRuntime START com.android.internal.os.RuntimeInit <<<<<<
D/AndroidRuntime(32427): CheckJNI is OFF
D/AndroidRuntime(32427): setted country_code = USA
D/AndroidRuntime(32427): setted countryiso_code = US
D/AndroidRuntime(32427): setted sales_code = VZW
D/AndroidRuntime(32427): readGMSProperty: start
D/AndroidRuntime(32427): readGMSProperty: already setted!!
D/AndroidRuntime(32427): readGMSProperty: end
D/AndroidRuntime(32427): addProductProperty: start
E/AffinityControl(32427): AffinityControl: registerfunction enter
D/AndroidRuntime(32427): Calling main entry com.android.commands.pm.Pm
I/PersonaManager(  904): mKnoxInfo returns 2.0
I/PersonaManager(  904): KnoxContainerVersion : 2.3.0
D/PersonaManagerService(  904): needVerificationForPackage  
D/PersonaManagerService(  904): needVerificationForPackage nat.pettipaw.com.pointchecker
D/PersonaManagerService(  904): needVerificationForPackage return true for  at the end nat.pettipaw.com.pointchecker
I/PersonaManager(  904): mKnoxInfo returns 2.0
I/PersonaManager(  904): KnoxContainerVersion : 2.3.0
I/HarmonyEASService(  904): Updating for all 1
D/StatusBar.NetworkController( 1191): onSignalStrengthsChanged signalStrength=SignalStrength: 99 99 -92 -90 -120 -1 -1 19 -100 -8 206 -1 2147483647 0x3030 gsm|lte level=3
V/EPDG -- [SMARTWIFI](  904): cdma oldest entry removed
V/EPDG -- [SMARTWIFI](  904): cdma entry added
V/EPDG -- [SMARTWIFI](  904): New entry : (SignalStrength: 99 99 -92 -90 -120 -1 -1 19 -100 -8 206 -1 2147483647 0x3030 gsm|lte : 0 )
D/EPDG -- [SMARTWIFI](  904): No need to run ping : (lastStrength3 : currentStrength)3
D/StatusBar.NetworkController( 1191): onSignalStrengthsChanged signalStrength=SignalStrength: 99 99 -92 -60 -120 -1 -1 19 -100 -8 206 -1 2147483647 0x3030 gsm|lte level=3
V/EPDG -- [SMARTWIFI](  904): cdma oldest entry removed
V/EPDG -- [SMARTWIFI](  904): cdma entry added
V/EPDG -- [SMARTWIFI](  904): New entry : (SignalStrength: 99 99 -92 -60 -120 -1 -1 19 -100 -8 206 -1 2147483647 0x3030 gsm|lte : 0 )
D/EPDG -- [SMARTWIFI](  904): No need to run ping : (lastStrength3 : currentStrength)3
D/StatusBar.NetworkController( 1191): onSignalStrengthsChanged signalStrength=SignalStrength: 99 99 -92 -60 -120 -1 -1 19 -100 -8 206 -1 2147483647 0x3030 gsm|lte level=3
V/EPDG -- [SMARTWIFI](  904): cdma oldest entry removed
V/EPDG -- [SMARTWIFI](  904): cdma entry added
V/EPDG -- [SMARTWIFI](  904): New entry : (SignalStrength: 99 99 -92 -60 -120 -1 -1 19 -100 -8 206 -1 2147483647 0x3030 gsm|lte : 0 )
D/EPDG -- [SMARTWIFI](  904): No need to run ping : (lastStrength3 : currentStrength)3
D/EPDG -- [MODEM](  904): message length is  9
D/EPDG -- [MODEM](  904): countRead is 7 offset is 7remaining is 0
D/EPDG -- EpdgIpcMessageFactory(  904): ipcMainCmd: 8
D/EPDG -- [UTILS](  904): isUSerBinary: true
D/EPDG -- [RILRECEIVER](  904): [Rx]: Main: IPC_NET_CMD Sub: IPC_NET_REGIST
D/EPDG -- [RILRECEIVER](  904): [Rx]: Param: FF 03 
I/EPDG -- [RILRECEIVER](  904): RX [NET_REGIST] -- RESPONSE -- EPDG AVAILABLE
D/EPDG -- [NETIPCMESSAGE](  904): encodeNetRegist
D/EPDG -- [UTILS](  904): isUSerBinary: true
D/EPDG -- [IPCDISPATCHER](  904): [Tx]: Main: IPC_NET_CMD Sub: IPC_NET_REGIST Cmd Type: IPC_CMD_RESP
D/EPDG -- [IPCDISPATCHER](  904): [Tx]: Param: 30 03 02 00 00 00 00 00 00 00 00 00 00 
D/ApplicationPolicy(  904): isApplicationInstallationEnabled
D/EPDG -- [MODEM](  904): EpdgModem instance already exists !
D/ApplicationPolicy(  904): isApplicationInstallationEnabled :  Checking PKG WL - false
D/ApplicationPolicy(  904): isApplicationInstallationEnabled :  Checking PKG BL - true
D/ApplicationPolicy(  904): isApplicationInstallationEnabled :  Checking PERM BL - true
D/ApplicationPolicy(  904): isApplicationInstallationEnabled :  Checking SIG BL - true
D/ApplicationPolicy(  904): isApplicationInstallationEnabled :  Checking PKG WL - false
D/ApplicationPolicy(  904): isApplicationInstallationEnabled :  Checking PKG BL - true
D/ApplicationPolicy(  904): isApplicationInstallationEnabled :  Checking PERM BL - true
D/ApplicationPolicy(  904): isApplicationInstallationEnabled :  Checking SIG BL - true
D/EPDG -- [EPDGService](  904): Event received: RIL_EPDG_STATUS_QUERY
D/EPDG -- [EPDGService](  904): handleMessage: cid - 2
D/EPDG -- [MODEM](  904): Successfully written to RIL
D/ApplicationPolicy(  904): isApplicationInstallationEnabled :  enabled true
D/CellLocationSupport( 1597): ignore updating VoPS. already set! value:true
D/TranslatorCollection( 1597): translateToNwkSvcType: networkType XAN_NWK_TYPE_WLAN
D/RatControllerEnablers( 1597): svcSetPANIString(XAN_NWK_TYPE_WLAN)
D/SLK     ( 1597): PLF(22783)4135 xan_bearer_updateAccessNwkInfo:Entry nwkType <128>
D/SLK     ( 1597): COMM(22784)2506 GetSpecIdFromBearer:_g_Multibearer_info.user_spec[iIndex = 1].i32_specId = 1
D/SLK     ( 1597): COMM(22785)2506 GetSpecIdFromBearer:_g_Multibearer_info.user_spec[iIndex = 2].i32_specId = 2
D/TranslatorCollection( 1597): translateToNwkSvcType: networkType null
D/TranslatorCollection( 1597): translateToNwkSvcType: not found for networkType 5
D/TranslatorCollection( 1597): translateToNwkSvcType: networkType XAN_NWK_TYPE_HDR_IMS
D/RatControllerEnablers( 1597): svcSetPANIString(XAN_NWK_TYPE_HDR_IMS)
D/SLK     ( 1597): PLF(22786)4135 xan_bearer_updateAccessNwkInfo:Entry nwkType <512>
D/SLK     ( 1597): COMM(22787)2506 GetSpecIdFromBearer:_g_Multibearer_info.user_spec[iIndex = 1].i32_specId = 1
D/SLK     ( 1597): COMM(22788)2506 GetSpecIdFromBearer:_g_Multibearer_info.user_spec[iIndex = 2].i32_specId = 2
D/SLK     ( 1597): COMM(22789)2506 GetSpecIdFromBearer:_g_Multibearer_info.user_spec[iIndex = 3].i32_specId = 3
I/AASAUninstall(  904):  nat.pettipaw.com.pointchecker not target!
V/ApplicationPolicy(  904): isApplicationStateBlocked userId 0 pkgname nat.pettipaw.com.pointchecker
I/SurfaceFlinger(  259): id=685 Removed nat.pettipaw.com.pointchecker/nat.pettipaw.com.pointchecker.PointViewerActivity (4/7)
I/SurfaceFlinger(  259): id=685 Removed nat.pettipaw.com.pointchecker/nat.pettipaw.com.pointchecker.PointViewerActivity (-2/7)
I/SQLiteSecureOpenHelper(28459): getWritableDatabase(pwd)
I/SQLiteSecureOpenHelper(28459): getDatabaseLocked(b,b,pwd)...
V/WindowOrientationListener(  904): mSContextAutoRotationListener.getProposedRotation, mbResultFaceDectection: false
V/WindowOrientationListener(  904): mSContextAutoRotationListener.getProposedRotation, Rotation: -1
V/WindowOrientationListener(  904): mSContextAutoRotationListener.getProposedRotation, mbResultFaceDectection: false
V/WindowOrientationListener(  904): mSContextAutoRotationListener.getProposedRotation, Rotation: -1
D/SurfaceWidgetView( 1536): destroyHardwareResources():551819126
I/art     (  904): DexFile_isDexOptNeeded failed to open oat file '/data/dalvik-cache/arm/data@app@nat.pettipaw.com.pointchecker-1@base.apk@classes.dex' for file location '/data/app/nat.pettipaw.com.pointchecker-1/base.apk': Failed to open oat filename for reading: No such file or directory
I/art     (  904): DexFile_isDexOptNeeded failed to open oat file '/data/app/nat.pettipaw.com.pointchecker-1/arm/base.odex' for file location '/data/app/nat.pettipaw.com.pointchecker-1/base.apk': Failed to open oat filename for reading: No such file or directory
D/StatusBar.NetworkController( 1191): onSignalStrengthsChanged signalStrength=SignalStrength: 99 99 -91 -60 -120 -1 -1 19 -100 -8 194 -1 2147483647 0x3030 gsm|lte level=3
V/EPDG -- [SMARTWIFI](  904): cdma oldest entry removed
V/EPDG -- [SMARTWIFI](  904): cdma entry added
V/EPDG -- [SMARTWIFI](  904): New entry : (SignalStrength: 99 99 -91 -60 -120 -1 -1 19 -100 -8 194 -1 2147483647 0x3030 gsm|lte : 0 )
D/EPDG -- [SMARTWIFI](  904): No need to run ping : (lastStrength3 : currentStrength)3
D/Launcher( 1536): onRestart, Launcher: 834480104
D/Launcher( 1536): onStart, Launcher: 834480104
D/Launcher.HomeView( 1536): onStart
D/Launcher( 1536): onResume, Launcher: 834480104
D/SettingsProvider(  904): name = kids_home_mode
D/SettingsProvider(  904): edmUri: content://com.sec.knox.provider/RestrictionPolicy3
D/SettingsProvider(  904): projectionArgs: isSettingsChangesAllowed
D/SettingsProvider(  904): selectionArgs: false
D/SettingsProvider(  904): selectionArgs: 10010
D/SecContentProvider(  904): uri = 17 selection = isSettingsChangesAllowed
D/SettingsProvider(  904): ret = -1
D/Launcher.HomeView( 1536): onResume
D/SurfaceWidgetClient$ISurfaceWidgetStub( 2110): [237392/6] Surface widget resume on instance = 1
D/Launcher( 1536): Launcher::setSystemUiTransparency(): getSystemUiVisibility() after setting  = 40000000
D/accuweather( 2110): [KK AccuPhone]>>> SWW:209 [0:0] [SWW] onResume : instance = 1
D/MenuAppsGridFragment( 1536): onResume
D/daemonapp(25017): [MSC_Daemon]>>> WCP:1142 [0:0] Provider query : content://apaccuweatherprovider/weatherinfo
D/daemonapp(25017): [MSC_Daemon]>>> WCP:1142 [0:0] Provider query : content://apaccuweatherprovider/settings
D/accuweather( 2110): [KK AccuPhone]>>> RM:150 [0:0]  onFirstUpdate :: mFU = false
D/accuweather( 2110): [KK AccuPhone]>>> SWW:223 [0:0]  onResume :: isFirst = false, cnt = 3
D/accuweather( 2110): [KK AccuPhone]>>> SWW:230 [0:0] onResume : size = 1
D/GalleryCacheReady( 8694): Receive : home resume
D/accuweather( 2110): [KK AccuPhone]>>> SWW:512 [0:0]  registerTTReceiver ! 
D/WallpaperManager( 1536): SEC_PRODUCT_FEATURE_COMMON_SUPPORT_TEXTURE_COMPRESSION is true
D/WallpaperManager( 1536): SEC_PRODUCT_FEATURE_COMMON_SUPPORT_TEXTURE_COMPRESSION is true
D/WallpaperManager( 1536): SEC_PRODUCT_FEATURE_COMMON_SUPPORT_TEXTURE_COMPRESSION is true
D/WallpaperManager( 1536): SEC_PRODUCT_FEATURE_COMMON_SUPPORT_TEXTURE_COMPRESSION is true
D/accuweather( 2110): [KK AccuPhone]>>> WR:139 [0:0] onResume orientation = 1, from res = Port fHD
D/accuweather( 2110): [KK AccuPhone]>>> SM:523 [0:0] onResume : false, rsStep = 2
D/daemonapp(25017): [MSC_Daemon]>>> WCP:1142 [0:0] Provider query : content://apaccuweatherprovider/settings
I/dex2oat (32487): ----------------------------------------------------
I/dex2oat (32487): <SS>: S T A R T I N G . . .
I/dex2oat (32487): <SS>: going to process manifest for 32-bit...
I/        (32487): SS_ART_lib [I]: Memory allocation: ctx
I/        (32487): SS_ART_lib [I]: Memory allocation: manifest_buf
I/        (32487): SS_ART_lib [I]: Parsing Manifest for SS stuff
I/        (32487): SS_ART_lib [I]: Memory allocation: ctx->libs
I/        (32487): SS_ART_lib [I]: Memory allocation: ctx->package_name
I/        (32487): SS_ART_lib [I]: Parsing completed
I/        (32487): SS_ART_lib [I]: permission is absent: /data/app/nat.pettipaw.com.pointchecker-1/base.apk
I/        (32487): SS_ART_lib [I]: Closing zip file: /data/app/nat.pettipaw.com.pointchecker-1/base.apk
I/        (32487): SS_ART_lib [I]: access to SS denied
I/        (32487): SS_ART_lib [I]: ctx will be cleaned
I/        (32487): SS_ART_lib [I]: ctx component will be cleaned: ctx->libs
I/        (32487): SS_ART_lib [I]: ctx component is cleaned: ctx->libs
I/        (32487): SS_ART_lib [I]: ctx component will be cleaned: ctx->package_name
I/        (32487): SS_ART_lib [I]: ctx component is cleaned: ctx->package_name
I/        (32487): SS_ART_lib [I]: ctx is cleaned
I/dex2oat (32487): /system/bin/dex2oat --zip-fd=11 --zip-location=/data/app/nat.pettipaw.com.pointchecker-1/base.apk --oat-fd=12 --art-fd=-1 --oat-location=/data/dalvik-cache/arm/data@app@nat.pettipaw.com.pointchecker-1@base.apk@classes.dex --instruction-set=arm --instruction-set-features=div --runtime-arg -Xms64m --runtime-arg -Xmx512m
D/Mms/UIEventReceiver(31544): ui event
D/ActivityManager(  904): handle home activity for 0
I/WallpaperManagerService(  904): switchPersonaWallpaper is called for personaId-0
D/SurfaceWidgetClient$ISurfaceWidgetStub( 2110): [237392/6] Surface widget visibility changed visibility = true on instance = 1
D/KnoxTimeoutHandler(  904): post home show event for user 0
D/SurfaceWidget.Renderer( 2110): [237392/6] SurfaceWidget drawing first frame
D/WallpaperManagerService(  904):  force update = false; persona id = 0; current user =0; current persona = 0
D/ActivityManager(  904): post active user change for 0 fullscreen true
D/KnoxTimeoutHandler(  904): handleHomeShow for 0 and current 0
D/KnoxTimeoutHandler(  904): postActiveUserChange for user 0
D/KnoxTimeoutHandler(  904): handleActiveUserChange for user 0
I/SurfaceFlinger(  259): id=688 createSurf (1080x1920),1 flag=4, com.sec.android.app.launcher/com.android.launcher2.Launcher
D/daemonapp(25017): [MSC_Daemon]>>> WCP:1142 [0:0] Provider query : content://apaccuweatherprovider/weatherinfo
D/accuweather( 2110): [KK AccuPhone]>>> DBH:3354 [0:0] gADWI : count = 3
D/daemonapp(25017): [MSC_Daemon]>>> WCP:1142 [0:0] Provider query : content://apaccuweatherprovider/settings
D/accuweather( 2110): [KK AccuPhone]>>> SM:442 [0:0] updateView iSA = false, mCI = 2, mSL = 333538 , cls = 1 , cls = 0
D/accuweather( 2110): [KK AccuPhone]>>> SM:447 [0:0] bg transparency val = 0
D/accuweather( 2110): [KK AccuPhone]>>> SM:457 [0:0] updateView mCLsize = 3
D/accuweather( 2110): [KK AccuPhone]>>> SM:872 [0:0] setLayoutContentNotEmpty l =333538
D/Launcher( 1536): Launcher::setSystemUiTransparency(): getSystemUiVisibility() after setting  = 40000000
D/accuweather( 2110): [KK AccuPhone]>>> IAM:56 [0:0] getIconAnimation : 35/false, w/h = [219/219]
D/InputMethodManagerService(  904): windowGainedFocus mCurrentFocusedUserId - 0 and mSecureKeypadEnabled-false
D/accuweather( 2110): [KK AccuPhone]>>> MCIV:479 [0:0] onViewDetachedFromWindow : animationiconpathMostClearIconView{1231d6a3 VED I 0,0-219,219}
D/accuweather( 2110): [KK AccuPhone]>>> MCIV:479 [0:0] onViewDetachedFromWindow : animationiconpathMostClearIconView{1231d6a3 VED I 0,0-219,219}
D/accuweather( 2110): [KK AccuPhone]>>> SM:979 [0:0] lastU = 1447542075751
V/TaskCloserActivity(26867): TaskCloserActivity onReceive() - com.sec.android.intent.action.HOME_RESUME
D/accuweather( 2110): [KK AccuPhone]>>> U:1012 [0:0] icon = 35, isDay = false, type = 261
D/accuweather( 2110): [KK AccuPhone]>>> U:1187 [0:0] resID = 2130837834
D/accuweather( 2110): [KK AccuPhone]>>> SM:1402 [0:0] setClockLayoutContent
D/GeoLookout(31650): H: oG7yKmvlgCB+MeB9ScCFjRATu9ZqRwmv7A7uEos9Q9mvO4YDA6qaoxYEtGEMNH1w
D/GeoLookout(31650): H: oG7yKmvlgCB+MeB9ScCFjRej64htfcxG5kL3SHyGYDnr4brh3hp83PTv8sTeWgfzb09Wu8w+l9FeW3bXb18r1tcp17zAuCthjNMD7/ctUpMsPOZWZzY9gg1XBOkZWTGk
D/GeoLookout(31650): H: oG7yKmvlgCB+MeB9ScCFjVjhROowReQZ6uZ83+PHbxXxfrUuNQHmPlY4PsIKqeHXpHMfmw7BKa8EvZP1XFE95vEpSHlOxg9XQoR6KQvcMJUpzHP2yBB+X9E2BKlsnebdX/Y40A4wCzJvXgq/1mmVNQ==
D/GeoLookout(31650): H: oG7yKmvlgCB+MeB9ScCFjRATu9ZqRwmv7A7uEos9Q9mvO4YDA6qaoxYEtGEMNH1w
D/GeoLookout(31650): H: oG7yKmvlgCB+MeB9ScCFjRej64htfcxG5kL3SHyGYDnr4brh3hp83PTv8sTeWgfzb09Wu8w+l9FeW3bXb18r1tcp17zAuCthjNMD7/ctUpMsPOZWZzY9gg1XBOkZWTGk
D/GeoLookout(31650): H: oG7yKmvlgCB+MeB9ScCFjVjhROowReQZ6uZ83+PHbxXxfrUuNQHmPlY4PsIKqeHXpHMfmw7BKa8EvZP1XFE95vEpSHlOxg9XQoR6KQvcMJUezCj+VlRSvYmiaFKv4yMdF9ANJ7ri8t1rvBR++sDAZA==
E/Zygote  (32495): MountEmulatedStorage()
E/Zygote  (32495): v2
D/SurfaceWidget.Renderer( 2110): [237392/6] SurfaceWidget drawing first frame
D/accuweather( 2110): [KK AccuPhone]>>> SM:1030 [0:0] complete setLayoutContentNotEmpty Content
I/SELinux (32495): Function: selinux_compare_spd_ram, SPD-policy is existed. and_ver=SEPF_SM-G900V_5.0 ver=27
I/SELinux (32495): Function: selinux_compare_spd_ram , priority [1] , priority version is VE=SEPF_SM-G900V_5.0_0027
E/SELinux (32495): [DEBUG] get_category: variable seinfo: shared sensitivity: NULL, cateogry: NULL
I/Timeline( 1536): Timeline: Activity_idle id: android.os.BinderProxy@36f74cd8 time:29151908
I/Timeline(  904): Timeline: Activity_windows_visible id: ActivityRecord{1e1f505 u0 com.sec.android.app.launcher/com.android.launcher2.Launcher t4280} time:29151934
D/TimaKeyStoreProvider(32495): TimaSignature is unavailable
D/ActivityThread(32495): Added TimaKeyStore provider
D/        ( 2110): cancelA
I/AudioService(  904): getStreamVolume 3 index 0
D/SurfaceWidget.Renderer( 2110): [237392/6] SurfaceWidget drawing first frame
D/SurfaceWidget.Renderer( 2110): [237392/6] SurfaceWidget drawing first frame
D/ResourcesManager(32495): creating new AssetManager and set to /system/app/DigitalClock/DigitalClock.apk
E/Zygote  (32513): MountEmulatedStorage()
E/Zygote  (32513): v2
D/        ( 2110): cancelA
I/MicroRecognitionRnrImpl( 1632): Starting detection.
I/MicrophoneInputStream( 1632): mic_starting com.google.android.apps.gsa.speech.audio.aa@161a309f
I/SELinux (32513): Function: selinux_compare_spd_ram, SPD-policy is existed. and_ver=SEPF_SM-G900V_5.0 ver=27
I/SELinux (32513): Function: selinux_compare_spd_ram , priority [1] , priority version is VE=SEPF_SM-G900V_5.0_0027
E/SELinux (32513): [DEBUG] get_category: variable seinfo: shared sensitivity: NULL, cateogry: NULL
V/AudioPolicyManager(  304): getInput() inputSource 1999, samplingRate 16000, format 8, channelMask 1, session 0, flags 0x10
V/AudioPolicyManager(  304): getDeviceForInputSource()input source 1999, device 80000004
V/audio_hw_primary(  304): adev_open_input_stream: enter
E/audio_hw_primary(  304): adev_open_input_stream : jack_config 0
E/audio_hw_primary(  304): can not make /data/snd/hal_input.pcm 
E/audio_hw_primary(  304): can not make /data/snd/hal_input_before_ns.pcm 
E/audio_hw_primary(  304): can not make /data/snd/hal_input_after_ns.pcm 
E/audio_hw_primary(  304): adev_open_input_stream input is null, set new input stream
V/audio_hw_primary(  304): adev_open_input_stream: exit
I/AudioFlinger(  304): AudioFlinger's thread 0xac9a1000 ready to run
V/audio_hw_primary(  304): in_standby: enter
V/audio_hw_primary(  304): in_standby: exit:  status(0)
V/audio_hw_primary(  304): in_standby: enter
V/audio_hw_primary(  304): in_standby: exit:  status(0)
I/EDMNativeHelperService(  904): isMicrophoneEnabled
D/TimaKeyStoreProvider(32513): TimaSignature is unavailable
D/ActivityThread(32513): Added TimaKeyStore provider
D/        ( 2110): cancelA
V/AudioPolicyManager(  304): startInput() input 696
V/AudioPolicyManager(  304): getDeviceForInputSource()input source 1999, device 80000004
V/AudioPolicyManager(  304): getNewInputDevice() selected device 80000004
I/AudioPolicyManager(  304): ### Device reset for Normal
V/AudioPolicyManager(  304): DeviceVector::refreshTypes() mDeviceTypes 80000004
V/AudioPolicyManager(  304): DeviceVector::getDevicesFromType() for type 80000004 found 0xb295b3c0
V/audio_hw_primary(  304): in_set_parameters: enter: kvpairs=input_source=6;keyIsHotword=true;routing=-2147483644
V/audio_hw_primary(  304): in_set_parameters: exit: status(11)
V/AudioPolicyManager(  304): setInputDevice() createAudioPatch returned 11 patchHandle 0
V/AudioPolicyManager(  304): AudioPolicyManager::startInput() input source = 1999
I/MicrophoneInputStream( 1632): mic_started com.google.android.apps.gsa.speech.audio.aa@161a309f
V/msm8974_platform(  304): platform_update_usecase_from_source: input source :6
V/audio_hw_primary(  304): start_input_stream: enter: usecase(7)
V/voice   (  304): voice_check_and_set_incall_rec_usecase: voice call not active
V/audio_hw_primary(  304): start_input_stream: usecase(7)
D/ResourcesManager(32513): creating new AssetManager and set to /system/app/DualClockDigital/DualClockDigital.apk
D/PreProcess(  304): new SamsungRecord
D/PreProcess(  304): new NS
I/samsungRecord(  304): [samsungrecord] SamsungRecInit 
I/samsungRecord(  304): [samsungrecordMIC]Use HardCoding Values
E/samsungRecord(  304): miccalib file can't created. (/data/snd/miccalib.txt)
I/samsungRecord(  304): 1
D/SamsungRecord_NS(  304): [SamsungRecord_NS] Init SR 16000
D/SamsungRecord_NS(  304): [SamsungRecord_NS] getLevel inputsource 6, ret_level 3
V/audio_hw_primary(  304): select_devices: ENTER
V/audio_hw_primary(  304): select_devices: usecase(normal)
V/audio_hw_primary(  304): select_devices: usecase(PCM_CAPTURE)
V/msm8974_platform(  304): platform_get_input_snd_device: enter: out_device(0) in_device(0x4)
V/msm8974_platform(  304): get_INPUT_snd_device: check by Input_source(6)
V/msm8974_platform(  304): platform_get_input_snd_device_by_source: enter: out_device(0) in_device(0x4)
V/msm8974_platform(  304): get_INPUT_snd_device: AUDIO_SOURCE_VOICE_RECOGNITION
