W/System.err(  893): 	at android.database.DatabaseUtils.readExceptionFromParcel(DatabaseUtils.java:185)
W/System.err(  893): 	at android.database.DatabaseUtils.readExceptionFromParcel(DatabaseUtils.java:137)
W/System.err(  893): 	at android.content.ContentProviderProxy.query(ContentProviderNative.java:420)
W/System.err(  893): 	at android.content.ContentResolver.query(ContentResolver.java:484)
W/System.err(  893): 	at android.content.ContentResolver.query(ContentResolver.java:428)
W/System.err(  893): 	at com.vlingo.core.internal.associatedservice.ApplicationQueryManager.getCursor(ApplicationQueryManager.java:169)
W/System.err(  893): 	at com.vlingo.core.internal.associatedservice.ApplicationQueryManager.providerBaseIsWorking(ApplicationQueryManager.java:62)
W/System.err(  893): 	at com.vlingo.core.internal.associatedservice.ApplicationQueryManager.getValue(ApplicationQueryManager.java:108)
W/System.err(  893): 	at com.vlingo.core.internal.lmtt.event.InternalMdsoUtils.getSetting(InternalMdsoUtils.java:250)
W/System.err(  893): 	at com.vlingo.core.internal.lmtt.event.InternalMdsoUtils.getBooleanSetting(InternalMdsoUtils.java:242)
W/System.err(  893): 	at com.vlingo.core.internal.lmtt.event.InternalMdsoUtils.getMasterConfigProvider(InternalMdsoUtils.java:212)
W/System.err(  893): 	at com.vlingo.core.internal.lmtt.event.InternalMdsoUtils.otherMasterExists(InternalMdsoUtils.java:98)
W/System.err(  893): 	at com.vlingo.core.internal.lmtt.event.InternalMdsoUtils.isSlave(InternalMdsoUtils.java:32)
W/System.err(  893): 	at com.vlingo.core.facade.lmtt.MdsoUtils.isSlave(MdsoUtils.java:13)
W/System.err(  893): 	at com.nuance.drivelink.DLAppUiUpdater.init(DLAppUiUpdater.java:251)
W/System.err(  893): 	at com.sec.android.automotive.drivelink.DLApplication.onCreate(DLApplication.java:72)
W/System.err(  893): 	at android.app.Instrumentation.callApplicationOnCreate(Instrumentation.java:1020)
W/System.err(  893): 	at android.app.ActivityThread.handleBindApplication(ActivityThread.java:5010)
W/System.err(  893): 	at android.app.ActivityThread.access$1600(ActivityThread.java:172)
W/System.err(  893): 	at android.app.ActivityThread$H.handleMessage(ActivityThread.java:1482)
W/System.err(  893): 	at android.os.Handler.dispatchMessage(Handler.java:102)
W/System.err(  893): 	at android.os.Looper.loop(Looper.java:145)
W/System.err(  893): 	at android.app.ActivityThread.main(ActivityThread.java:5835)
W/System.err(  893): 	at java.lang.reflect.Method.invoke(Native Method)
W/System.err(  893): 	at java.lang.reflect.Method.invoke(Method.java:372)
W/System.err(  893): 	at com.android.internal.os.ZygoteInit$MethodAndArgsCaller.run(ZygoteInit.java:1399)
W/System.err(  893): 	at com.android.internal.os.ZygoteInit.main(ZygoteInit.java:1194)
E/[CarMode](  893): [DLApplication]-Init Called!:false
E/[CarMode](  893): [DLApplication]-Init Started!:true
I/[CarModeFW](  893): DriveLinkServiceInterfaceImp-drivelink framework initialize start
I/[CarModeFW](  893): ### com.sec.android.automotive.drivelink.framework.DriveLinkServiceInterfaceImp::initialize(142)
I/[CarModeFW](  893): ### com.sec.android.automotive.drivelink.DLApplication::init(145)
I/[CarModeFW](  893): ### com.sec.android.automotive.drivelink.DLApplication::onCreate(73)
I/[CarModeFW](  893): ### android.app.Instrumentation::callApplicationOnCreate(1020)
I/[CarModeFW](  893): ### android.app.ActivityThread::handleBindApplication(5010)
I/[CarModeFW](  893): ### android.app.ActivityThread::access$1600(172)
I/[CarModeFW](  893): ### android.app.ActivityThread$H::handleMessage(1482)
I/[CarModeFW](  893): ### android.os.Handler::dispatchMessage(102)
I/[CarModeFW](  893): ### android.os.Looper::loop(145)
I/[CarModeFW](  893): ### android.app.ActivityThread::main(5835)
I/[CarModeFW](  893): ### java.lang.reflect.Method::invoke(372)
I/[CarModeFW](  893): ### com.android.internal.os.ZygoteInit$MethodAndArgsCaller::run(1399)
I/[CarModeFW](  893): ### com.android.internal.os.ZygoteInit::main(1194)
I/VlingoApplication(  924): VlingoApplication appVersion ='11.7.0.1.40031', coreVersion = '2.6.1.16473', ro.csc.sales_code=VZW
I/MessageDataHandler(  893): initialize
D/[CarModeFW](  893): CDH-initiazlieCaches : before sync
D/[CarModeFW](  893): CDH-initiazlieCaches : after sync
I/VlingoAndroidCore(  924): AppName: SamsungTproject, Core: 2.6.1.16473, SDK: 2.0.2069, EDM:16473
D/[CarModeFW](  893): DrivingManager-initialize...
D/[CarModeFW](  893): CDH-buildContactCacheWireFrame : cur len =61
D/[CarModeFW](  893): CDH-fillPhoneNumberIntoContactCache : cur len = 65
I/SensorService(  904): Skipped sensor HRM Sensor because it requires permission com.samsung.permission.SSENSOR
I/SensorService(  904): Skipped sensor HeartRate Sensor because it requires permission android.permission.BODY_SENSORS
I/SensorService(  904): Skipped sensor MAX86900 because it requires permission com.samsung.permission.SSENSOR
D/[CarModeFW](  893): CDH-ContactDataHandler initiazlieCaches time : 71
D/[CarModeFW](  893): CDH-initiazlieCaches : end sync
D/VlingoApplication(  924): sac sec ensureCacheEmpty() car_iux_tts_cacheing_required set to false
D/VlingoApplication(  924): sac sec ensureCacheEmpty() purged 0 historically cached TTS files
D/DialogFlow(  924): initQueue()
D/StatusBar.NetworkController( 1191): refreshSignalCluster - setNWBoosterIndicators(false)
D/StatusBar.NetworkController( 1191): applyVZW
I/MediaPlayer(  893): Need to enable context aware info
V/MediaPlayer-JNI(  893): native_setup
V/MediaPlayer(  893): constructor
D/StatusBar.NetworkController( 1191): applyVZW : mDataTypeDisabledIconIdcom.android.systemui:drawable/stat_sys_data_connected_disabled_4g_lte
D/StatusBar.NetworkController( 1191): refreshSignalCluster - setNWBoosterIndicators(false)
D/StatusBar.NetworkController( 1191): applyVZW
D/StatusBar.NetworkController( 1191): applyVZW : mDataTypeDisabledIconIdcom.android.systemui:drawable/stat_sys_data_connected_disabled_4g_lte
V/MediaPlayer(  893): setListener
D/StatusBar.NetworkController( 1191): refreshSignalCluster - setNWBoosterIndicators(false)
D/StatusBar.NetworkController( 1191): applyVZW
E/MediaPlayer-JNI(  893): QCMediaPlayer mediaplayer NOT present
D/StatusBar.NetworkController( 1191): applyVZW : mDataTypeDisabledIconIdcom.android.systemui:drawable/stat_sys_data_connected_disabled_4g_lte
D/StatusBar.NetworkController( 1191): refreshSignalCluster - setNWBoosterIndicators(false)
D/StatusBar.NetworkController( 1191): applyVZW
D/StatusBar.NetworkController( 1191): applyVZW : mDataTypeDisabledIconIdcom.android.systemui:drawable/stat_sys_data_connected_disabled_4g_lte
D/[CarModeFW](  893): PushMessageManager-bindPushMessageService
I/[CarModeFW](  893): DriveLinkServiceInterfaceImp-drivelink framework initialize end
D/[CarMode](  893): [DLServiceManager]-getOnDLLocationSuggestionListener..........
D/[CarModeFW](  893): Framework-Request-com.sec.android.automotive.drivelink.framework.command.RequestRecommendedContactListForCall => start time : 1447544516765
D/[CarModeFW](  893): Framework-Request-com.sec.android.automotive.drivelink.framework.command.RequestCallLogList => start time : 1447544516765
D/[CarModeFW](  893): Framework-Request-com.sec.android.automotive.drivelink.framework.command.RequestRecommendedContactListForMessage => start time : 1447544516767
D/[CarModeFW](  893): Framework-Request-com.sec.android.automotive.drivelink.framework.command.RequestInboxList => start time : 1447544516767
D/[CarModeFW](  893): CDH-buildContactCacheWireFrame : cur len =61
D/[CarModeFW](  893): Framework-Request-com.sec.android.automotive.drivelink.framework.command.RequestUnreadMessageCount => start time : 1447544516769
D/TP/SmsProvider( 1528): query,matched:2, calling pid = 893
D/[CarMode](  893): [DLServiceManager]-requestRecommendedLocationList
D/TP/SmsProvider( 1528): match 2:Elapsed time : 1.518 ms
D/[CarModeFW](  893): Framework-Request-com.sec.android.automotive.drivelink.framework.command.RequestRecommendedLocationList => start time : 1447544516772
D/TP/SmsProvider( 1528): query,matched:2, calling pid = 893
I/[CarMode](  893): [LogNotNull]-Package name is: com.google.android.apps.maps
E/[CarMode](  893): [DLApplication]-Init End!:true
D/TP/SmsProvider( 1528): match 2:Elapsed time : 11.332 ms
D/MessageDataHandler(  893):  getInboxList smsCursor : 16
D/[CarModeFW](  893): CDH-fillPhoneNumberIntoContactCache : cur len = 65
D/TP/MmsProvider( 1528): Query uri=content://mms/inbox, match=2, calling pid = 893
D/TP/MmsProvider( 1528): Query uri=content://mms, match=0, calling pid = 893
D/MessageDataHandler(  893):  getInboxList mmsCursor : 15
I/MessageDataHandler(  893): getUnreadMessageCount :1
D/[CarModeFW](  893): Framework-Request-com.sec.android.automotive.drivelink.framework.command.RequestUnreadMessageCount => execute time : 32
I/SQLiteSecureOpenHelper(32613): getReadableDatabase(pwd)
I/SQLiteSecureOpenHelper(32613): getDatabaseLocked(b,b,pwd)...
I/SQLiteSecureOpenHelper(32613): Open Place.db in secure mode
D/[CarModeFW](  893): RecommendHandler-selection = type = '3'
D/[CarModeFW](  893): CDH-buildContactCacheWireFrame : cur len =61
D/MessageDataHandler(  893):  getInboxList mms,sms cursor join : 14
D/StatusBar.NetworkController( 1191): refreshSignalCluster - setNWBoosterIndicators(false)
D/EPDG -- [SMARTWIFI](  904): Wifi RSSI intent received -- newRssi : -62intent Intent { act=android.net.wifi.RSSI_CHANGED flg=0x4000010 (has extras) }
D/EPDG -- [SMARTWIFI](  904): Rssi : -62 highrange : -71 lowrange : -78
V/EPDG -- [SMARTWIFI](  904): wifi oldest entry removed
V/EPDG -- [SMARTWIFI](  904): wifi entry added
V/EPDG -- [SMARTWIFI](  904): New entry : (4 : 0 )
D/EPDG -- [SMARTWIFI](  904): No need to run ping : (lastStrength3 : mWeakWifiLevel2 : currentStrength)4
D/StatusBar.NetworkController( 1191): applyVZW
D/StatusBar.NetworkController( 1191): applyVZW : mDataTypeDisabledIconIdcom.android.systemui:drawable/stat_sys_data_connected_disabled_4g_lte
D/StatusBar.NetworkController( 1191): refreshSignalCluster - setNWBoosterIndicators(false)
D/StatusBar.NetworkController( 1191): applyVZW
D/StatusBar.NetworkController( 1191): applyVZW : mDataTypeDisabledIconIdcom.android.systemui:drawable/stat_sys_data_connected_disabled_4g_lte
D/StatusBar.NetworkController( 1191): refreshSignalCluster - setNWBoosterIndicators(false)
D/StatusBar.NetworkController( 1191): applyVZW
D/TP/MmsSmsProvider( 1528): query,matched:0, calling pid = 893
V/TP/MmsSmsProvider( 1528): getSimpleConversations entered.
D/StatusBar.NetworkController( 1191): applyVZW : mDataTypeDisabledIconIdcom.android.systemui:drawable/stat_sys_data_connected_disabled_4g_lte
D/StatusBar.NetworkController( 1191): refreshSignalCluster - setNWBoosterIndicators(false)
D/StatusBar.NetworkController( 1191): applyVZW
D/TP/MmsSmsProvider( 1528): match 0:Elapsed time : 3.748 ms
I/SQLiteSecureOpenHelper(32613): ...getDatabaseLocked(b,b,pwd)
D/SQLiteSecureOpenHelper(32613): ...getDatabaseLocked(b,b,pwd)
D/StatusBar.NetworkController( 1191): applyVZW : mDataTypeDisabledIconIdcom.android.systemui:drawable/stat_sys_data_connected_disabled_4g_lte
D/[CarModeFW](  893): CDH-fillPhoneNumberIntoContactCache : cur len = 65
D/[CarModeFW](  893): MyPlaceProvider-+++Begin print all data in content provider+++
D/[CarModeFW](  893): MyPlaceProvider-=============
D/[CarModeFW](  893): MyPlaceProvider-=============
D/[CarModeFW](  893): MyPlaceProvider-=============
D/[CarModeFW](  893): MyPlaceProvider-=============
D/[CarModeFW](  893): MyPlaceProvider----End print all data in content provider---
D/[CarModeFW](  893): MyPlaceProvider-==============
D/[CarModeFW](  893): MyPlaceProvider-latitude is not valid
D/[CarModeFW](  893): MyPlaceProvider-==============
D/TP/MmsSmsProvider( 1528): query,matched:13, calling pid = 893
D/[CarModeFW](  893): MyPlaceProvider-latitude is not valid
D/[CarModeFW](  893): MyPlaceProvider-==============
D/[CarModeFW](  893): MyPlaceProvider-latitude is not valid
D/TP/MmsSmsProvider( 1528): match 13:Elapsed time : 2.550 ms
D/[CarModeFW](  893): Framework-Request-com.sec.android.automotive.drivelink.framework.command.RequestRecommendedLocationList => execute time : 75
D/[CarMode](  893): [DLApplication]-GooglePlayServices SUCCESS.
E/[CarMode](  893): [DLApplication]-PREF_CAR_APP_RUNNING is set to false
I/UpdateManagerReceiver(  893): Intent : android.intent.action.PACKAGE_ADDEDSat Nov 14 18:41:56 EST 2015
D/DialogFlow(  893): initQueue()
D/PackageIntentReceiver(32734): ACTION_PACKAGE_ADDED
D/PackageIntentReceiver(32734): Not GearManger package! 
D/MessageDataHandler(  893):  getInboxList address cursor : 21
I/[CarModeFW](  893): -[snowdeer] Rec : Missed Call : 58
D/TP/MmsSmsProvider( 1528): query,matched:0, calling pid = 893
V/TP/MmsSmsProvider( 1528): getSimpleConversations entered.
D/TP/MmsSmsProvider( 1528): match 0:Elapsed time : 5.207 ms
D/[CarModeFW](  893): CDH-buildContactCacheWireFrame : cur len =61
D/[CarModeFW](  893): PushMessageService-onCreate
D/MessageDataHandler(  893):  getInboxList thread cursor : 22
D/AmazonContract Shop( 3088): com.amazon.mShop.android
D/AmazonContract Shop( 3088): com.amazon.mShop.android
D/MessageDataHandler(  893):  thread, addr result: 17
I/[CarModeFW](  893): -[snowdeer] Rec : Favorite : 38
I/[CarModeFW](  893): ContentManager-com.sec.android.automotive.drivelink.framework.manager.content.ContentManager end getInboxList() : 134
D/AmazonContract Shop( 3088): com.amazon.mShop.android
D/[CarMode](  893): [DLServiceManager]-[LOADINGLIST] Loading list[com.sec.android.automotive.drivelink.framework.manager.content.location.DLLocationMyPlace@b670d4fa, com.sec.android.automotive.drivelink.framework.manager.content.location.DLLocationMyPlace@b3de1e68] LOCATIONS
D/[CarMode](  893): [HeadsetPlugReceiver]-headset unplugged
D/DialogFlow(  893): isIdle(), isProcessingActions=false, isRunningTask=false, hasQueuedTask=false
D/[CarModeFW](  893): PushMessageManager-onServiceConnected
D/[CarModeFW](  893): PushMessageService-registerPushMessageServiceListener
E/SMD     (  297): DCD ON
I/art     (  904): Explicit concurrent mark sweep GC freed 30828(2MB) AllocSpace objects, 6(96KB) LOS objects, 22% free, 55MB/71MB, paused 1.477ms total 118.643ms
D/[CarModeFW](  893): CDH-fillPhoneNumberIntoContactCache : cur len = 65
D/[CarModeFW](  893): Framework-Request-com.sec.android.automotive.drivelink.framework.command.RequestCallLogList => execute time : 276
D/MagazineService::MagazineBroadcastReceiver(  367): [onReceive] android.intent.action.PACKAGE_ADDED nat.pettipaw.com.pointchecker
D/ResourcesManager(  347): creating new AssetManager and set to /data/app/nat.pettipaw.com.pointchecker-1/base.apk
D/[CarModeFW](  893): RecommendHandler-selection = type = '3'
I/MagazineService::MagazineService(  367): [onHandleIntent] ACTION_PACKAGE_INSTALLED
E/FilterInstaller(  347): There is no requred permission
E/Zygote  (  990): MountEmulatedStorage()
E/Zygote  (  990): v2
D/MagazineService::MagazineService(  367): [onHandleIntent] Send broadcast to (nat.pettipaw.com.pointchecker).
I/SELinux (  990): Function: selinux_compare_spd_ram, SPD-policy is existed. and_ver=SEPF_SM-G900V_5.0 ver=27
I/SELinux (  990): Function: selinux_compare_spd_ram , priority [1] , priority version is VE=SEPF_SM-G900V_5.0_0027
E/SELinux (  990): [DEBUG] get_category: variable seinfo: platform sensitivity: NULL, cateogry: NULL
I/[CarModeFW](  893): -[snowdeer] Rec : CallLog : 220
E/Zygote  ( 1007): MountEmulatedStorage()
E/Zygote  ( 1007): v2
D/TimaKeyStoreProvider(  990): TimaSignature is unavailable
D/ActivityThread(  990): Added TimaKeyStore provider
I/SELinux ( 1007): Function: selinux_compare_spd_ram, SPD-policy is existed. and_ver=SEPF_SM-G900V_5.0 ver=27
I/SELinux ( 1007): Function: selinux_compare_spd_ram , priority [1] , priority version is VE=SEPF_SM-G900V_5.0_0027
E/SELinux ( 1007): [DEBUG] get_category: variable seinfo: release sensitivity: NULL, cateogry: NULL
D/ResourcesManager(  990): creating new AssetManager and set to /system/app/MirrorLink/MirrorLink.apk
D/TimaKeyStoreProvider( 1007): TimaSignature is unavailable
D/ActivityThread( 1007): Added TimaKeyStore provider
D/ResourcesManager( 1007): creating new AssetManager and set to /system/priv-app/SecCalendarProvider/SecCalendarProvider.apk
D/AcmsPackageEventListener(  990): Received: android.intent.action.PACKAGE_ADDED
I/CalendarProvider2( 1007): CalendarProvider2.onCreate() called
D/KidsPlatformStub(  514): Package not found : com.sec.android.app.kidshome
D/AcmsService(  990): Enter Oncreate
D/AcmsServiceMonitor(  990): AcmsServiceMonitor.getAcmsSvcMonitor() - Enter
D/AcmsService(  990): creating AcmsCore
D/AcmsCore(  990): AcmsCore.getAcmsCore() - Enter
D/AcmsCore(  990): AcmsCore
D/AcmsCore(  990): init
D/AcmsCore(  990): Looper handler is not null
D/AcmsCore(  990): Post to AcmsCoreHandler
D/AcmsServiceMonitor(  990): AcmsServiceMonitor.getAcmsSvcMonitor() - Enter
D/AcmsServiceMonitor(  990): Incrementing - Counter value: 1
D/AcmsCore(  990): Incremented Counter Value: postToAcmsCoreHandler =>1
D/AcmsService(  990): onStartCommand
D/AcmsService(  990): Action: android.intent.action.PACKAGE_ADDED
D/AcmsServiceMonitor(  990): Enter incrementSvcCounter with startId 1
D/AcmsServiceMonitor(  990): Incrementing - Counter value: 2
D/AcmsService(  990): Incremented Counter Value : onStartCommand
D/AcmsCertificateMngr(  990): AcmsCertificateMngr
D/AcmsRevocationMngr(  990): AcmsRevocationMngr
D/AcmsService(  990): Inside handle Intent
D/AcmsService(  990): App added - package name: nat.pettipaw.com.pointchecker
D/AcmsCore(  990): Post to AcmsCoreHandler
D/AcmsServiceMonitor(  990): AcmsServiceMonitor.getAcmsSvcMonitor() - Enter
D/AcmsServiceMonitor(  990): Incrementing - Counter value: 3
D/AcmsCore(  990): Incremented Counter Value: postToAcmsCoreHandler =>2
D/AcmsService(  990): Decremented Counter Value : handleStartIntent
D/AcmsServiceMonitor(  990): Decrementing - Counter value: 2
I/art     (26072): Explicit concurrent mark sweep GC freed 8000(825KB) AllocSpace objects, 0(0B) LOS objects, 24% free, 17MB/22MB, paused 383us total 48.565ms
D/PackageBroadcastService( 4063): Received broadcast action=android.intent.action.PACKAGE_ADDED and uri=nat.pettipaw.com.pointchecker
D/ChimeraCfgMgr( 4063): Loading module com.google.android.gms.games from APK com.google.android.play.games
D/ChimeraModuleLdr( 4063): Module APK com.google.android.play.games already loaded
I/[CarModeFW](  893): ContentManager-com.sec.android.automotive.drivelink.framework.manager.content.ContentManager end getInboxListWithContactData() : 684
D/[CarModeFW](  893): Framework-Request-com.sec.android.automotive.drivelink.framework.command.RequestInboxList => execute time : 820
D/ChimeraCfgMgr( 4063): Loading module com.google.android.gms.games from APK com.google.android.play.games
D/ChimeraModuleLdr( 4063): Module APK com.google.android.play.games already loaded
D/ChimeraCfgMgr( 4063): Loading module com.google.android.gms.gass from APK com.google.android.gms
D/AsyncTaskServiceImpl( 4063): Submit a task: h
D/ChimeraCfgMgr( 4063): Loading module com.google.android.gms.gass from APK com.google.android.gms
D/ChimeraCfgMgr( 4063): Loading module com.google.android.gms.vision from APK com.google.android.gms
D/h       ( 4063): Processing package: nat.pettipaw.com.pointchecker
D/GassUtils( 4063): Found app info for package nat.pettipaw.com.pointchecker:1. Hash: ab7de69594fda2f85619f9e463a56047d690245b0d5aec989584d722c546dda4
D/h       ( 4063): Found info for package nat.pettipaw.com.pointchecker in db.
D/StatusBar.NetworkController( 1191): refreshSignalCluster - setNWBoosterIndicators(false)
D/StatusBar.NetworkController( 1191): applyVZW
D/StatusBar.NetworkController( 1191): applyVZW : mDataTypeDisabledIconIdcom.android.systemui:drawable/stat_sys_data_connected_disabled_4g_lte
D/StatusBar.NetworkController( 1191): refreshSignalCluster - setNWBoosterIndicators(false)
D/StatusBar.NetworkController( 1191): applyVZW
D/StatusBar.NetworkController( 1191): applyVZW : mDataTypeDisabledIconIdcom.android.systemui:drawable/stat_sys_data_connected_disabled_4g_lte
D/StatusBar.NetworkController( 1191): refreshSignalCluster - setNWBoosterIndicators(false)
D/StatusBar.NetworkController( 1191): applyVZW
D/StatusBar.NetworkController( 1191): applyVZW : mDataTypeDisabledIconIdcom.android.systemui:drawable/stat_sys_data_connected_disabled_4g_lte
D/StatusBar.NetworkController( 1191): refreshSignalCluster - setNWBoosterIndicators(false)
D/StatusBar.NetworkController( 1191): applyVZW
D/StatusBar.NetworkController( 1191): applyVZW : mDataTypeDisabledIconIdcom.android.systemui:drawable/stat_sys_data_connected_disabled_4g_lte
I/System.out(  924): INFO:Resource not found:/Common.properties Using default values
D/Finsky  (  644): [1] ExternalReferrer.access$100: Package state data is missing for nat.pettipaw.com.pointchecker
I/SA      ( 9966): [PMR] Received action : android.intent.action.PACKAGE_REPLACED
I/SA      ( 9966): [SUR] onReceive called
I/SA      ( 9966): [SUR] Not SA Package.. finish
D/Compatibility(32654): onReceive() it will make start service
I/UpdateIcingCorporaServi( 1632): Updating corpora: APPS=nat.pettipaw.com.pointchecker, CONTACTS=MAYBE
D/Compatibility(32654): onHandleIntent()
D/Compatibility(32654): intentservice saw: Intent { act=android.intent.action.PACKAGE_REPLACED dat=package:nat.pettipaw.com.pointchecker flg=0x4000010 cmp=com.sec.android.app.soundalive/.compatibility.Compatibility$Receiver (has extras) } Bundle[{android.intent.extra.UID=10082, android.intent.extra.REPLACING=true, android.intent.extra.user_handle=0}]
D/Compatibility(32654): found: 2
D/Compatibility(32654): saved default: com.sec.android.app.soundalive.SAControlPanelActivity
D/Compatibility(32654): skipping ResolveInfo{3e2cbd86 com.sec.android.app.soundalive/.compatibility.Compatibility$Redirector p=2147483647 m=0x108000}
D/Compatibility(32654): considering ResolveInfo{366fb647 com.sec.android.app.soundalive/.SAControlPanelActivity m=0x108000}
D/Compatibility(32654): default: com.sec.android.app.soundalive.SAControlPanelActivity
I/PCWCLIENTTRACE_PushUtil(32671): SPPPushClient is installed : true
I/PCWCLIENTTRACE_PushUtil(32671): sales region : global
I/PCWCLIENTTRACE_PushUtil(32671): getPushTypeList : [SPP, GCM]
I/PCWCLIENTTRACE_SYSTEMReceiver(32671): [onReceive] - android.intent.action.PACKAGE_REPLACED
D/PCWCLIENTTRACE_SYSTEMReceiver(32671): ACTION_PACKAGE_REPLACED_START
D/Compatibility(32654): disabling receiver ResolveInfo{39046e74 com.asurion.android.verizon.vms/com.asurion.android.lock.receiver.BootLockReceiver p=2147483646 m=0x108000}
D/Compatibility(32654): enabling receiver ResolveInfo{2428f9d com.sec.android.app.soundalive/.SAControlPanelReceiver m=0x108000}
I/UpdateManagerReceiver(  893): Intent : android.intent.action.PACKAGE_REPLACEDSat Nov 14 18:41:57 EST 2015
D/Compatibility(32654): enabling receiver ResolveInfo{2e872c12 com.sec.android.app.soundalive/.compatibility.HelperGooglePlayMusic m=0x108000}
D/Compatibility(32654): disabling receiver ResolveInfo{26e76fe3 com.asurion.android.verizon.vms/com.asurion.android.lock.receiver.BootLockReceiver p=2147483646 m=0x108000}
D/Compatibility(32654): enabling receiver ResolveInfo{133fde0 com.sec.android.app.soundalive/.SAControlPanelReceiver m=0x108000}
D/Compatibility(32654): enabling receiver ResolveInfo{15bd8899 com.sec.android.app.soundalive/.compatibility.HelperGooglePlayMusic m=0x108000}
D/Compatibility(32654): wrote com.sec.android.app.soundalive/com.sec.android.app.soundalive.SAControlPanelActivity as default
E/Zygote  ( 1188): MountEmulatedStorage()
E/Zygote  ( 1188): v2
I/SELinux ( 1188): Function: selinux_compare_spd_ram, SPD-policy is existed. and_ver=SEPF_SM-G900V_5.0 ver=27
I/SELinux ( 1188): Function: selinux_compare_spd_ram , priority [1] , priority version is VE=SEPF_SM-G900V_5.0_0027
E/SELinux ( 1188): [DEBUG] get_category: variable seinfo: platform sensitivity: NULL, cateogry: NULL
D/ResourcesManager( 1632): creating new AssetManager and set to /data/app/nat.pettipaw.com.pointchecker-1/base.apk
D/TimaKeyStoreProvider( 1188): TimaSignature is unavailable
D/ActivityThread( 1188): Added TimaKeyStore provider
D/ResourcesManager( 1188): creating new AssetManager and set to /system/app/QuickConnect/QuickConnect.apk
W/AmazonAppstore.AppManagerAndroidPackageDelegate(16332): Unable to determine asin for package nat.pettipaw.com.pointchecker.  Skipping metadata update.
W/AmazonAppstore.AppManagerAndroidPackageDelegate(16366): Unable to determine asin for package, skipping metadata update.
I/[CarModeFW](  893): -[snowdeer] Rec : Schedule : 1025
I/[CarModeFW](  893): -[snowdeer] Rec : During DL app : 3
I/[CarModeFW](  893): -[snowdeer] Rec : Location Sharing : 9
I/[CarModeFW](  893): -[snowdeer] Rec : POI : 0
I/[CarModeFW](  893): -[snowdeer] Rec : getContactListFromHashMap - core : 0
D/QuickConnect( 1188): PeriphStartReceiver.onReceive - android.intent.action.PACKAGE_REPLACED
D/daemonapp(25017): [MSC_Daemon]>>> AWDCDS:28 [0:0] AWD CD Act : androidintentactionPACKAGE_REPLACED
E/Zygote  ( 1220): MountEmulatedStorage()
E/Zygote  ( 1220): v2
I/art     (  893): Explicit concurrent mark sweep GC freed 42265(1840KB) AllocSpace objects, 4(64KB) LOS objects, 24% free, 16MB/22MB, paused 511us total 118.648ms
I/SELinux ( 1220): Function: selinux_compare_spd_ram, SPD-policy is existed. and_ver=SEPF_SM-G900V_5.0 ver=27
I/SELinux ( 1220): Function: selinux_compare_spd_ram , priority [1] , priority version is VE=SEPF_SM-G900V_5.0_0027
E/SELinux ( 1220): [DEBUG] get_category: variable seinfo: default sensitivity: NULL, cateogry: NULL
D/TimaKeyStoreProvider( 1220): TimaSignature is unavailable
I/[CarModeFW](  893): -[snowdeer] Rec : getContactListFromHashMap - core : 0
D/ActivityThread( 1220): Added TimaKeyStore provider
D/ResourcesManager( 1220): creating new AssetManager and set to /data/app/com.amazon.kindle-1/base.apk
I/UpdateIcingCorporaServi( 1632): UpdateCorporaTask done [took 431 ms] updated apps [took 431 ms] 
I/art     (  904): Explicit concurrent mark sweep GC freed 14606(952KB) AllocSpace objects, 0(0B) LOS objects, 22% free, 55MB/71MB, paused 1.840ms total 134.816ms
I/art     (26072): Explicit concurrent mark sweep GC freed 11726(1280KB) AllocSpace objects, 0(0B) LOS objects, 24% free, 17MB/23MB, paused 422us total 19.914ms
W/System.err( 1220): SLF4J: Failed to load class "org.slf4j.impl.StaticLoggerBinder".
W/System.err( 1220): SLF4J: Defaulting to no-operation (NOP) logger implementation
W/System.err( 1220): SLF4J: See http://www.slf4j.org/codes.html#StaticLoggerBinder for further details.
I/[CarModeFW](  893): -[snowdeer] Rec : getContactListFromHashMap - duplicated : 411
D/[CarModeFW](  893): CDH-updateContactNameInList : cur len =5
D/[CarModeFW](  893): CDH-updatePhoneNumberInList : cur len =5
I/[CarModeFW](  893): -[snowdeer] Rec : getContactListFromHashMap - rescan[New] : 16
D/[CarModeFW](  893): Framework-Request-com.sec.android.automotive.drivelink.framework.command.RequestRecommendedContactListForMessage => execute time : 1976
I/System.out( 1220): Sat Nov 14 18:41:58 EST 2015 (DEBUG) AmazonKindle.com.amazon.foundation.internal.ThreadPoolManager$NamedThreadFactory:[main]: Creating new thread named ThreadPoolManager1-thread-1
I/System.out( 1220): Sat Nov 14 18:41:58 EST 2015 (DEBUG) AmazonKindle.com.amazon.kcp.application.ReddingApplication:[main]: ReddingApplication onCreate()
I/DownloadProvider( 1220): onCreate()
I/DownloadProvider( 1220): Initialize URIS
I/com.amazon.kindle/com.amazon.identity.auth.device.api.MAPInit( 1220): Initializing MAP (130050002 / MAPAndroidLib-1.0.1136.1) for app com.amazon.kindle
I/com.amazon.dcp.settings.BackgroundSynchronizer( 1220): Requesting sync with content provider.
I/com.amazon.dcp.settings.BackgroundSynchronizer( 1220): Waiting for initial sync...
E/Zygote  ( 1249): MountEmulatedStorage()
E/Zygote  ( 1249): v2
I/AmazonKindle.com.amazon.kindle.krx.KindleReaderSDKModule( 1220): [ThreadPoolManager1-thread-2]: Initializing plugins
I/SELinux ( 1249): Function: selinux_compare_spd_ram, SPD-policy is existed. and_ver=SEPF_SM-G900V_5.0 ver=27
I/SELinux ( 1249): Function: selinux_compare_spd_ram , priority [1] , priority version is VE=SEPF_SM-G900V_5.0_0027
E/SELinux ( 1249): [DEBUG] get_category: variable seinfo: default sensitivity: NULL, cateogry: NULL
E/com.amazon.dcp.settings.SettingsCache( 1220): Attempted to set context on SettingsCache more than once.
D/TimaKeyStoreProvider( 1249): TimaSignature is unavailable
D/ActivityThread( 1249): Added TimaKeyStore provider
D/ResourcesManager( 1249): creating new AssetManager and set to /system/app/Amazon_Widget/Amazon_Widget.apk
I/com.amazon.kindle/com.amazon.identity.auth.device.features.FeatureCache( 1220): Caching feature IsolateApplication as false
I/art     (  904): Explicit concurrent mark sweep GC freed 3490(212KB) AllocSpace objects, 0(0B) LOS objects, 22% free, 55MB/71MB, paused 1.787ms total 136.269ms
I/com.amazon.dcp.settings.SettingsCacheUpdater( 1220): Starting sync with content provider.
W/com.amazon.dcp.settings.SettingsProvider( 1249): No device defaults DB found. This is normal on 3rd party devices.
I/com.amazon.dcp.settings.SettingsProvider( 1249): Process com.amazon.kindle(1220) allowed access to namespace com.amazon.kindle.
W/com.amazon.dcp.settings.SettingsProvider( 1249): No device defaults DB found. This is normal on 3rd party devices.
I/com.amazon.dcp.settings.SettingsProvider( 1249): Process com.amazon.kindle(1220) allowed access to namespace -device-.
I/com.amazon.dcp.settings.SettingsCacheUpdater( 1220): Sync with content provider complete. Values processed: 0
I/com.amazon.dcp.settings.BackgroundSynchronizer( 1220): Wait for initial sync complete.
I/com.amazon.kindle/com.amazon.identity.auth.device.utils.CentralApkUtils( 1220): SSO was found in package com.amazon.fv
I/com.amazon.kindle/com.amazon.identity.auth.device.utils.CentralApkUtils( 1220): SSO was found in package com.amazon.fv
I/com.amazon.kindle/com.amazon.identity.auth.device.utils.CentralApkUtils( 1220): Retrieved central APK info from account manager using account authenticator. The package name is: com.amazon.fv and version is: 17.
I/com.amazon.kindle/com.amazon.identity.auth.device.utils.CentralApkUtils( 1220): Retrieved central APK info from account manager using account authenticator. The package name is: com.amazon.fv and version is: 17.
I/com.amazon.kindle/com.amazon.identity.auth.device.attribute.DeviceAttributeCache( 1220): Setting device attribute CentralAPK to true
I/[CarModeFW](  893): -[snowdeer] Rec : getContactListFromHashMap - duplicated : 1012
I/com.amazon.device.crashmanager.CrashDetectionHelper( 1249): Installing crash detector as default exception handler.
I/com.amazon.fv.authentication.SSOInit( 1249): Changing Async task behavior to gingerbread default
I/com.amazon.fv.authentication.SSOInit( 1249): Initalizing application Grover
I/com.amazon.fv.authentication.SSOInit( 1249): SSO version 90 loaded on OS Build: G900VVRU2BOG5.
I/CalendarProvider2( 1007): Sending notification intent: Intent { act=android.intent.action.PROVIDER_CHANGED dat=content://com.android.calendar }
D/[CarModeFW](  893): CDH-updateContactNameInList : cur len =9
I/com.amazon.identity.framework.MetricsCollectorHolder( 1249): Running normally, creating new metrics collector
E/com.amazon.identity.framework.ClassConfigurationParser( 1249): The configuration file does not have a key for MetricCollector
I/com.amazon.identity.framework.ClassConfigurationParser( 1249): Attempting to create class com.amazon.dcp.metrics.CentralDeviceMetricsCollector with android.content.Context constructor.
I/DPLogger( 1249): DPLogger - Name was too long. Truncating; original name: TComm.HttpClientSrrManager, truncated name: TComm.HttpClientSrrMana
I/DPLogger( 1249): DPLogger - Name was too long. Truncating; original name: CrashUploadService.DetUtil, truncated name: CrashUploadService.DetU
D/[CarModeFW](  893): CDH-updatePhoneNumberInList : cur len =9
I/com.amazon.kindle/com.amazon.identity.auth.accounts.MultipleAccountPluginHolder( 1220): Returning Default multiple profile settings
I/[CarModeFW](  893): -[snowdeer] Rec : getContactListFromHashMap - rescan[New] : 20
I/[CarModeFW](  893): -[snowdeer] Rec : getContactListFromHashMap : 1032
D/[CarModeFW](  893): Framework-Request-com.sec.android.automotive.drivelink.framework.command.RequestRecommendedContactListForCall => execute time : 2428
I/DPLogger( 1249): DPLogger - Name was too long. Truncating; original name: AbstractDetArtifactProcessor, truncated name: AbstractDetArtifactProc
I/DPLogger( 1249): DPLogger - Name was too long. Truncating; original name: JavaCrashArtifactProcessor, truncated name: JavaCrashArtifactProces
V/ArtifactUploader( 1249): uploadCrashEntries - Uploading artifacts.;
I/com.amazon.identity.framework.ClassConfigurationParser( 1249): Attempting to create class com.amazon.fv.IdentitySSODeviceInfo with android.content.Context constructor.
E/com.amazon.device.crashmanager.AppFileArtifactSource( 1249): Failed to delete crash report.
I/com.amazon.dcp.settings.BackgroundSynchronizer( 1249): Requesting sync with content provider.
I/com.amazon.fv.authentication.SSOInit( 1249): Initalizing SSO
I/com.amazon.dcp.settings.SettingsCacheUpdater( 1249): Starting sync with content provider.
I/com.amazon.fv.authentication.DCPInit( 1249): Changing Async task behavior to gingerbread default
I/com.amazon.fv.authentication.DCPInit( 1249): Initalizing application Grover
I/com.amazon.fv.authentication.DCPInit( 1249): DCP version 90 loaded on OS Build: G900VVRU2BOG5.
I/com.amazon.dcp.framework.ClassConfigurationParser( 1249): Attempting to create class com.amazon.fv.DCPDeviceInfo with android.content.Context constructor.
E/com.amazon.dcp.settings.SettingsCache( 1249): Attempted to set context on SettingsCache more than once.
I/com.amazon.dcp.metrics.MetricsCollectorHolder( 1249): Running normally, creating new metrics collector
I/com.amazon.dcp.framework.ClassConfigurationParser( 1249): Attempting to create class com.amazon.dcp.metrics.SingleAppMetricsCollector with android.content.Context constructor.
I/com.amazon.fv.authentication.DCPInit( 1249): Initalizing Metrics
I/com.amazon.dcp.settings.BackgroundSynchronizer( 1249): Waiting for initial sync...
W/com.amazon.dcp.settings.SettingsProvider( 1249): No device defaults DB found. This is normal on 3rd party devices.
I/com.amazon.dcp.settings.SettingsProvider( 1249): Process com.amazon.fv:Settings(1249) allowed access to namespace com.amazon.fv.
W/com.amazon.dcp.settings.SettingsProvider( 1249): No device defaults DB found. This is normal on 3rd party devices.
I/com.amazon.fv.authentication.DCPInit( 1249): Initalizing Messaging
I/com.amazon.dcp.settings.SettingsProvider( 1249): Process com.amazon.fv:Settings(1249) allowed access to namespace -device-.
I/com.amazon.dcp.settings.SettingsCacheUpdater( 1249): Sync with content provider complete. Values processed: 0
I/com.amazon.dcp.settings.BackgroundSynchronizer( 1249): Wait for initial sync complete.
I/com.amazon.fv.authentication.DCPInit( 1249): Settings database has not been updated from the cloud. Updating now.
W/ContextImpl( 1249): Implicit intents with startService are not safe: Intent { act=com.amazon.dcp.settings.action.ACTION_UPDATE_CLOUD_SETTINGS } android.content.ContextWrapper.startService:533 android.content.ContextWrapper.startService:533 com.amazon.fv.authentication.DCPInit$4.run:354 
V/com.amazon.dcp.messaging.MessageProcessingScheduler( 1249): Attempting to refresh the message processing scheduler
D/com.amazon.identity.common.ThirdPartyDeviceUtils( 1249): DCP generated third party serial number is 68cda2b0e60d4846b11f787036593767
I/com.amazon.identity.framework.VersionUtils( 1249): SSO was found in package com.amazon.fv
D/AuthenticationHelper( 1249): updatePFM ATVPDKIKX0DER
D/AuthenticationHelper( 1249): getPFM ATVPDKIKX0DER
I/com.amazon.dcp.framework.AmazonIntentService( 3088): Service Received: Intent { act=com.amazon.dcp.settings.action.ACTION_UPDATE_CLOUD_SETTINGS }
I/com.amazon.dcp.framework.AmazonIntentService( 3088): CloudSettingsUpdateIntentService received intent. Intent { act=com.amazon.dcp.settings.action.ACTION_UPDATE_CLOUD_SETTINGS }
I/com.amazon.dcp.metrics.MetricsTimer( 3088): Starting timer: CloudSettingsUpdateTime (I) Grover:Settings:CloudSettingsUpdateTime
I/com.amazon.dcp.metrics.MetricsTimer( 3088): Starting timer: CloudSettingsUpdateSuccessTime (I) Grover:Settings:CloudSettingsUpdateSuccessTime
I/System.out( 3088): (HTTPLog)-Static: isSBSettingEnabled false
D/EnterpriseController(  292): mIsMarkChainAdded is 0 mIsBlockChainAdded is 0 netId is 0
D/Netd    (  292): getNetworkForDns: using netid 510 for uid 10088
I/com.amazon.identity.framework.VersionUtils( 1249): SSO was found in package com.amazon.fv
I/art     (  893): Explicit concurrent mark sweep GC freed 7413(311KB) AllocSpace objects, 0(0B) LOS objects, 24% free, 16MB/22MB, paused 535us total 31.872ms
D/AuthenticationHelper( 1249): updatePFM ATVPDKIKX0DER
E/AmazonKindle.com.amazon.kindle.services.authentication.MAPTokenCache( 1220): [pool-9-thread-1]: Account removed while talking to MAP, aborting...
D/AbstractMetricsFactoryImpl( 1220): record : No data points in metrics event
D/AbstractMetricsFactoryImpl( 1220): record : No data points in metrics event
I/System.out( 3088): KnoxVpnUidStorageknoxVpnSupported API value returned is false
W/ContextImpl( 1249): Implicit intents with startService are not safe: Intent { act=com.amazon.dcp.metrics.action.START_LOG_CAPTURE (has extras) } android.content.ContextWrapper.startService:533 android.content.ContextWrapper.startService:533 com.amazon.fv.authentication.DCPInit.startLogCapture:127 
W/ContextImpl( 1220): Failed to ensure directory: /storage/extSdCard/Android/data/com.amazon.kindle/files
I/Icing   ( 4063): Indexing FB64031154D7AAB53557DCF7F87DF5461159EE33 from com.google.android.googlequicksearchbox
I/com.amazon.dcp.metrics.MetricsService( 3088): Log capture already started, ignoring
W/ContextImpl( 1220): Failed to ensure directory: /storage/extSdCard/Android/data/com.amazon.kindle/files
D/AbstractMetricsFactoryImpl( 1220): record : No data points in metrics event
D/AbstractMetricsFactoryImpl( 1220): record : No data points in metrics event
E/AmazonKindle.com.amazon.kindle.services.authentication.MAPTokenCache( 1220): [pool-9-thread-1]: Account removed while talking to MAP, aborting...
I/com.amazon.dcp.metrics.SingleAppMetricsCollector( 3088): IncrementCounter: (I) Grover:Settings:SettingsDownloaded,com.amazon.dcp=39,app=com.amazon.dcp,size=39
I/com.amazon.dcp.metrics.SingleAppMetricsCollector( 3088): IncrementCounter: (I) Grover:Settings:SettingsDownloaded,app=com.imdb.mobile,size=43,com.imdb.mobile=43
I/com.amazon.dcp.metrics.SingleAppMetricsCollector( 3088): IncrementCounter: (I) Grover:Settings:SettingsDownloaded,app=com.amazon.kindle.otter.oobe,size=60,com.amazon.kindle.otter.oobe=60
W/com.amazon.dcp.settings.SettingsProvider( 1249): No device defaults DB found. This is normal on 3rd party devices.
I/com.amazon.dcp.settings.SettingsProvider( 1249): com.amazon.dcp/is_settings_fetched = true
I/com.amazon.dcp.settings.SettingsProvider( 1249): com.imdb.mobile/defaultMobileVideoQuality = 0
I/com.amazon.dcp.settings.SettingsProvider( 1249): com.amazon.kindle.otter.oobe/OOBE_SHOW_WAN_DATA_SCREENS = true
I/com.amazon.kindle/com.amazon.identity.auth.device.utils.CentralApkUtils( 1220): SSO was found in package com.amazon.fv
I/com.amazon.kindle/com.amazon.identity.auth.device.utils.DeviceTypeHelpers( 1220): Device has Grover v1 installed
I/com.amazon.kindle/com.amazon.identity.auth.device.attribute.DeviceAttributeCache( 1220): Setting device attribute CentralDeviceType to A1PY8QQU9P0WJV
W/ContentResolver( 1249): Failed to get type for: content://com.amazon.dcp.settings/values/com.amazon.dcp (null)
W/ContentResolver( 1249): Failed to get type for: content://com.amazon.dcp.settings/values/com.amazon.kindle.otter.oobe (null)
W/ContentResolver( 1249): Failed to get type for: content://com.amazon.dcp.settings/values/com.imdb.mobile (null)
I/com.amazon.dcp.metrics.MetricsTimer( 3088): Stopping timer: CloudSettingsUpdateTime
I/com.amazon.dcp.metrics.SingleAppMetricsCollector( 3088): RecordTiming: (I) Grover:Settings:CloudSettingsUpdateTime:CloudSettingsUpdateTime=130
I/com.amazon.dcp.metrics.MetricsTimer( 3088): Stopping timer: CloudSettingsUpdateSuccessTime
I/com.amazon.dcp.metrics.SingleAppMetricsCollector( 3088): RecordTiming: (I) Grover:Settings:CloudSettingsUpdateSuccessTime:CloudSettingsUpdateSuccessTime=131
I/com.amazon.dcp.metrics.SingleAppMetricsCollector( 3088): IncrementCounter: (I) Grover:Settings:CloudSettingsUpdateSuccess
D/AbstractMetricsFactoryImpl( 1220): record : No data points in metrics event
D/AbstractMetricsFactoryImpl( 1220): record : No data points in metrics event
D/AbstractMetricsFactoryImpl( 1220): record : No data points in metrics event
I/com.amazon.dcp.framework.AmazonIntentService( 3088): Update settings from cloud was successful
D/AbstractMetricsFactoryImpl( 1220): record : No data points in metrics event
I/AmazonKindle.com.amazon.kindle.services.download.ReaderDownloadManager( 1220): [USER_EMAIL_Fetcher]: <NoId> updated to QUEUED state
I/AmazonKindle.com.amazon.kindle.services.download.ReaderDownloadManager( 1220): [DownloadManager-webserviceRequests2-thread-1]: <NoId> updated to DOWNLOADING state
W/ResourceType( 1220): Invalid package identifier when getting bag for resource number 0x00000000
W/AmazonKindle.com.amazon.kindle.utils.StopWordSortFriendlyFormatter( 1220): [pool-15-thread-1]: Couldn't find stop word array with name comparison_stop_words_zh
W/ResourceType( 1220): Invalid package identifier when getting bag for resource number 0x00000000
W/AmazonKindle.com.amazon.kindle.utils.StopWordSortFriendlyFormatter( 1220): [pool-15-thread-1]: Couldn't find stop word array with name comparison_stop_words_zh
D/InputReader(  904): Input event: value=1
I/InputReader(  904): Touch event's action is 0x0 (deviceType=0) [pCnt=1, s=0.2281 ] when=29164326690000
I/InputDispatcher(  904): Delivering touch to (1191): action: 0x4, toolType: 1
D/ViewRootImpl(32689): ViewPostImeInputStage ACTION_DOWN
I/InputDispatcher(  904): Delivering touch to (32689): action: 0x0, toolType: 1
W/ResourceType( 1220): Invalid package identifier when getting bag for resource number 0x00000000
W/AmazonKindle.com.amazon.kindle.utils.StopWordSortFriendlyFormatter( 1220): [pool-15-thread-1]: Couldn't find stop word array with name comparison_stop_words_zh
D/lights  (  904): lcd : 38 +
W/ResourceType( 1220): Invalid package identifier when getting bag for resource number 0x00000000
W/AmazonKindle.com.amazon.kindle.utils.StopWordSortFriendlyFormatter( 1220): [pool-15-thread-1]: Couldn't find stop word array with name comparison_stop_words_zh
D/lights  (  904): lcd : 38 -
E/AmazonKindle.com.amazon.kindle.io.IOUtils( 1220): [AsyncTask #1]: File not found
E/AmazonKindle.com.amazon.kindle.io.IOUtils( 1220): [AsyncTask #1]: File not found
I/AmazonKindle.com.amazon.kcp.wordwise.plugin.WordWisePlugin( 1220): [ThreadPoolManager1-thread-2]: initializing
W/ResourceType( 1220): Invalid package identifier when getting bag for resource number 0x00000000
W/AmazonKindle.com.amazon.kindle.utils.StopWordSortFriendlyFormatter( 1220): [pool-15-thread-1]: Couldn't find stop word array with name comparison_stop_words_ja
E/AmazonKindle.com.amazon.kindle.io.IOUtils( 1220): [AsyncTask #1]: File not found
D/PersonaManager( 1191): isKioskContainerExistOnDevice
D/PersonaManager( 1191): isKioskContainerExistOnDevice
E/AmazonKindle.com.amazon.kindle.io.IOUtils( 1220): [AsyncTask #1]: File not found
D/lights  (  904): lcd : 72 +
W/ResourceType( 1220): Invalid package identifier when getting bag for resource number 0x00000000
W/AmazonKindle.com.amazon.kindle.utils.StopWordSortFriendlyFormatter( 1220): [pool-15-thread-1]: Couldn't find stop word array with name comparison_stop_words_ja
I/System.out( 1220): (HTTPLog)-Static: isSBSettingEnabled false
I/System.out( 1220): (HTTPLog)-Static: isShipBuild true
D/SamsungIME( 1885): onWindowHidden
D/lights  (  904): lcd : 72 -
D/KeyguardUpdateMonitor( 1191): updateCMASText( show = false )
D/PanelView( 1191): There is/are notification(s) 
D/PanelView( 1191): kidsfalse mQsExpansionEnabled:true
D/KeyguardUpdateMonitor( 1191): updateCMASText( show = false )
I/System.out( 1220): (HTTPLog)-Thread-12043-328839156: SmartBonding Enabling is false, SHIP_BUILD is true, log to file is false, DBG is false
I/System.out( 1220): (HTTPLog)-Static: isSBSettingEnabled false
E/AmazonKindle.com.amazon.kindle.io.IOUtils( 1220): [AsyncTask #1]: File not found
D/PanelView( 1191): There is/are notification(s) 
D/lights  (  904): lcd : 79 +
D/PersonaManager( 1191): isKioskContainerExistOnDevice
D/KeyguardUpdateMonitor( 1191): updateCMASText( show = false )
D/PanelView( 1191): There is/are notification(s) 
D/PanelView( 1191): kidsfalse mQsExpansionEnabled:true
D/KeyguardUpdateMonitor( 1191): updateCMASText( show = false )
I/AmazonKindle.com.amazon.kcp.application.ReddingApplication( 1220): [main]: Kindle Application started
D/lights  (  904): lcd : 79 -
D/EnterpriseController(  292): mIsMarkChainAdded is 0 mIsBlockChainAdded is 0 netId is 0
D/Netd    (  292): getNetworkForDns: using netid 510 for uid 10129
I/AmazonKindle.com.amazon.kcp.wordwise.download.WordWiseContentStatus( 1220): [ThreadPoolManager1-thread-2]: Initializing
D/InputReader(  904): Input event: value=0
I/InputReader(  904): Touch event's action is 0x1 (deviceType=0) [pCnt=1, s=] when=29164403243000
I/InputDispatcher(  904): Delivering touch to (32689): action: 0x1, toolType: 1
I/System.out( 1220): KnoxVpnUidStorageknoxVpnSupported API value returned is false
I/SocialSharing( 1220): com.amazon.kindle.socialsharing.SocialSharingPlugin: Initializing Social Sharing plugin
I/AmazonKindle.com.amazon.kcp.wordwise.download.WordWiseSynchronizationManager( 1220): [ThreadPoolManager1-thread-2]: Dictionary Directory: /data/data/com.amazon.kindle/databases/wordwise
D/AbstractMetricsFactoryImpl( 1220): record : No data points in metrics event
D/PanelView( 1191): mClearAll.setVisibility - mIsFullyOpened : false isShade : true mHasNotification : true mIsUpwardFling : false mQsFullyExpanded : true isShadeLocked : false mClearAllVisible : true
I/AmazonKindle.com.amazon.kindle.AapConfiguration( 1220): [pool-3-thread-4]: Inject retry policy
I/AmazonKindle.com.audible.hushpuppy.ApplicationPlugin( 1220): [pool-3-thread-3]: Initializing Hushpuppy for KRX
D/PanelView( 1191): mClearAll.setVisibility - mIsFullyOpened : false isShade : true mHasNotification : true mIsUpwardFling : false mQsFullyExpanded : true isShadeLocked : false mClearAllVisible : true
I/Icing   ( 4063): Indexing done FB64031154D7AAB53557DCF7F87DF5461159EE33
I/DPLogger( 1220): DPLogger - Name was too long. Truncating; original name: BaseMetricsServiceFactory, truncated name: BaseMetricsServiceFacto
I/DPLogger( 1220): DPLogger - Name was too long. Truncating; original name: MetricsConfigurationParser, truncated name: MetricsConfigurationPar
I/MetricsConfigurationPar( 1220): MetricsConfigurationParser - Picking configuration; Domain: prod, Build: user, isDebuggable: false
I/AmazonKindle.com.amazon.kindle.AapConfiguration( 1220): [pool-3-thread-4]: Inject download on wifi or wan policy
I/AmazonKindle.com.amazon.kindle.AapConfiguration( 1220): [pool-3-thread-4]: Registering ContentTypeStorageLocationStrategy
I/AmazonKindle.com.amazon.kindle.AapConfiguration( 1220): [pool-3-thread-4]: Registering CoverArtTypeFactory
I/AmazonKindle.com.amazon.kindle.AapConfiguration( 1220): [pool-3-thread-4]: Registering NotificationFactoryProvider
I/AmazonKindle.com.amazon.kindle.AapConfiguration( 1220): [pool-3-thread-4]: Registering IdentityManager
I/AmazonKindle.com.amazon.kindle.AapConfiguration( 1220): [pool-3-thread-4]: Registering DownloadManager
I/AmazonKindle.com.amazon.kindle.AapConfiguration( 1220): [pool-3-thread-4]: Registering DownloaderFactory
I/AmazonKindle.com.amazon.kindle.AapConfiguration( 1220): [pool-3-thread-4]: Registering MediaButtonManager
I/AmazonKindle.com.amazon.kindle.AapConfiguration( 1220): [pool-3-thread-4]: Registering ActivationDataRepository
I/AmazonKindle.com.amazon.kindle.AapConfiguration( 1220): [pool-3-thread-4]: Registering HeadsetPolicy
I/AmazonKindle.com.amazon.kindle.AapConfiguration( 1220): [pool-3-thread-4]: Registering PlayerNotificationFactory
I/DPLogger( 1220): DPLogger - Name was too long. Truncating; original name: TComm.HttpClientSrrManager, truncated name: TComm.HttpClientSrrMana
I/DPLogger( 1220): DPLogger - Name was too long. Truncating; original name: AndroidDeviceInfoManager, truncated name: AndroidDeviceInfoManage
I/DPLogger( 1220): DPLogger - Name was too long. Truncating; original name: Metrics:BoundedByteArrayQueue, truncated name: Metrics:BoundedByteArra
I/DPLogger( 1220): DPLogger - Name was too long. Truncating; original name: Metrics:NonVolatileBoundedByteArrayQueue, truncated name: Metrics:NonVolatileBoun
I/AmazonKindle.com.amazon.kindle.AapConfiguration( 1220): [pool-3-thread-4]: Registering PlayerManager
I/DPLogger( 1220): DPLogger - Name was too long. Truncating; original name: Metrics:BatchTransmitter, truncated name: Metrics:BatchTransmitte
I/DPLogger( 1220): DPLogger - Name was too long. Truncating; original name: Metrics:ThreadPoolBatchTransmitter, truncated name: Metrics:ThreadPoolBatch
